<?xml version="1.0"?>
<link_info>
   <banner>TI ARM Linker Unix v15.12.3.LTS</banner>
   <copyright>Copyright (c) 1996-2015 Texas Instruments Incorporated</copyright>
   <link_time>0x585a70bd</link_time>
   <link_errors>0x0</link_errors>
   <output_file>Embedded.out</output_file>
   <entry_point>
      <name>_c_int00</name>
      <address>0x11fcd</address>
   </entry_point>
   <input_file_list>
      <input_file id="fl-2">
         <path>./</path>
         <kind>object</kind>
         <file>main.obj</file>
         <name>main.obj</name>
      </input_file>
      <input_file id="fl-3">
         <path>./</path>
         <kind>object</kind>
         <file>tm4c123gh6pm_startup_ccs.obj</file>
         <name>tm4c123gh6pm_startup_ccs.obj</name>
      </input_file>
      <input_file id="fl-4">
         <path>./</path>
         <kind>object</kind>
         <file>usbstick.obj</file>
         <name>usbstick.obj</name>
      </input_file>
      <input_file id="fl-5">
         <path>./driverlib/</path>
         <kind>object</kind>
         <file>adc.obj</file>
         <name>adc.obj</name>
      </input_file>
      <input_file id="fl-6">
         <path>./driverlib/</path>
         <kind>object</kind>
         <file>aes.obj</file>
         <name>aes.obj</name>
      </input_file>
      <input_file id="fl-7">
         <path>./driverlib/</path>
         <kind>object</kind>
         <file>can.obj</file>
         <name>can.obj</name>
      </input_file>
      <input_file id="fl-8">
         <path>./driverlib/</path>
         <kind>object</kind>
         <file>comp.obj</file>
         <name>comp.obj</name>
      </input_file>
      <input_file id="fl-9">
         <path>./driverlib/</path>
         <kind>object</kind>
         <file>cpu.obj</file>
         <name>cpu.obj</name>
      </input_file>
      <input_file id="fl-a">
         <path>./driverlib/</path>
         <kind>object</kind>
         <file>crc.obj</file>
         <name>crc.obj</name>
      </input_file>
      <input_file id="fl-b">
         <path>./driverlib/</path>
         <kind>object</kind>
         <file>des.obj</file>
         <name>des.obj</name>
      </input_file>
      <input_file id="fl-c">
         <path>./driverlib/</path>
         <kind>object</kind>
         <file>eeprom.obj</file>
         <name>eeprom.obj</name>
      </input_file>
      <input_file id="fl-d">
         <path>./driverlib/</path>
         <kind>object</kind>
         <file>emac.obj</file>
         <name>emac.obj</name>
      </input_file>
      <input_file id="fl-e">
         <path>./driverlib/</path>
         <kind>object</kind>
         <file>epi.obj</file>
         <name>epi.obj</name>
      </input_file>
      <input_file id="fl-f">
         <path>./driverlib/</path>
         <kind>object</kind>
         <file>epi_workaround_ccs.obj</file>
         <name>epi_workaround_ccs.obj</name>
      </input_file>
      <input_file id="fl-10">
         <path>./driverlib/</path>
         <kind>object</kind>
         <file>flash.obj</file>
         <name>flash.obj</name>
      </input_file>
      <input_file id="fl-11">
         <path>./driverlib/</path>
         <kind>object</kind>
         <file>fpu.obj</file>
         <name>fpu.obj</name>
      </input_file>
      <input_file id="fl-12">
         <path>./driverlib/</path>
         <kind>object</kind>
         <file>gpio.obj</file>
         <name>gpio.obj</name>
      </input_file>
      <input_file id="fl-13">
         <path>./driverlib/</path>
         <kind>object</kind>
         <file>hibernate.obj</file>
         <name>hibernate.obj</name>
      </input_file>
      <input_file id="fl-14">
         <path>./driverlib/</path>
         <kind>object</kind>
         <file>i2c.obj</file>
         <name>i2c.obj</name>
      </input_file>
      <input_file id="fl-15">
         <path>./driverlib/</path>
         <kind>object</kind>
         <file>interrupt.obj</file>
         <name>interrupt.obj</name>
      </input_file>
      <input_file id="fl-16">
         <path>./driverlib/</path>
         <kind>object</kind>
         <file>lcd.obj</file>
         <name>lcd.obj</name>
      </input_file>
      <input_file id="fl-17">
         <path>./driverlib/</path>
         <kind>object</kind>
         <file>mpu.obj</file>
         <name>mpu.obj</name>
      </input_file>
      <input_file id="fl-18">
         <path>./driverlib/</path>
         <kind>object</kind>
         <file>pwm.obj</file>
         <name>pwm.obj</name>
      </input_file>
      <input_file id="fl-19">
         <path>./driverlib/</path>
         <kind>object</kind>
         <file>qei.obj</file>
         <name>qei.obj</name>
      </input_file>
      <input_file id="fl-1a">
         <path>./driverlib/</path>
         <kind>object</kind>
         <file>shamd5.obj</file>
         <name>shamd5.obj</name>
      </input_file>
      <input_file id="fl-1b">
         <path>./driverlib/</path>
         <kind>object</kind>
         <file>ssi.obj</file>
         <name>ssi.obj</name>
      </input_file>
      <input_file id="fl-1c">
         <path>./driverlib/</path>
         <kind>object</kind>
         <file>sw_crc.obj</file>
         <name>sw_crc.obj</name>
      </input_file>
      <input_file id="fl-1d">
         <path>./driverlib/</path>
         <kind>object</kind>
         <file>sysctl.obj</file>
         <name>sysctl.obj</name>
      </input_file>
      <input_file id="fl-1e">
         <path>./driverlib/</path>
         <kind>object</kind>
         <file>sysexc.obj</file>
         <name>sysexc.obj</name>
      </input_file>
      <input_file id="fl-1f">
         <path>./driverlib/</path>
         <kind>object</kind>
         <file>systick.obj</file>
         <name>systick.obj</name>
      </input_file>
      <input_file id="fl-20">
         <path>./driverlib/</path>
         <kind>object</kind>
         <file>timer.obj</file>
         <name>timer.obj</name>
      </input_file>
      <input_file id="fl-21">
         <path>./driverlib/</path>
         <kind>object</kind>
         <file>uart.obj</file>
         <name>uart.obj</name>
      </input_file>
      <input_file id="fl-22">
         <path>./driverlib/</path>
         <kind>object</kind>
         <file>udma.obj</file>
         <name>udma.obj</name>
      </input_file>
      <input_file id="fl-23">
         <path>./driverlib/</path>
         <kind>object</kind>
         <file>usb.obj</file>
         <name>usb.obj</name>
      </input_file>
      <input_file id="fl-24">
         <path>./driverlib/</path>
         <kind>object</kind>
         <file>watchdog.obj</file>
         <name>watchdog.obj</name>
      </input_file>
      <input_file id="fl-25">
         <path>./fatfs/src/</path>
         <kind>object</kind>
         <file>diskio.obj</file>
         <name>diskio.obj</name>
      </input_file>
      <input_file id="fl-26">
         <path>./fatfs/src/</path>
         <kind>object</kind>
         <file>ff.obj</file>
         <name>ff.obj</name>
      </input_file>
      <input_file id="fl-27">
         <path>./fatfs/src/</path>
         <kind>object</kind>
         <file>usbdisk.obj</file>
         <name>usbdisk.obj</name>
      </input_file>
      <input_file id="fl-28">
         <path>./kiss_fft/</path>
         <kind>object</kind>
         <file>kiss_fft.obj</file>
         <name>kiss_fft.obj</name>
      </input_file>
      <input_file id="fl-29">
         <path>./kiss_fft/</path>
         <kind>object</kind>
         <file>kiss_fftr.obj</file>
         <name>kiss_fftr.obj</name>
      </input_file>
      <input_file id="fl-2a">
         <path>./library/</path>
         <kind>object</kind>
         <file>usbController.obj</file>
         <name>usbController.obj</name>
      </input_file>
      <input_file id="fl-2b">
         <path>./usblib/device/</path>
         <kind>object</kind>
         <file>usbdaudio.obj</file>
         <name>usbdaudio.obj</name>
      </input_file>
      <input_file id="fl-2c">
         <path>./usblib/device/</path>
         <kind>object</kind>
         <file>usbdbulk.obj</file>
         <name>usbdbulk.obj</name>
      </input_file>
      <input_file id="fl-2d">
         <path>./usblib/device/</path>
         <kind>object</kind>
         <file>usbdcdc.obj</file>
         <name>usbdcdc.obj</name>
      </input_file>
      <input_file id="fl-2e">
         <path>./usblib/device/</path>
         <kind>object</kind>
         <file>usbdcdesc.obj</file>
         <name>usbdcdesc.obj</name>
      </input_file>
      <input_file id="fl-2f">
         <path>./usblib/device/</path>
         <kind>object</kind>
         <file>usbdcomp.obj</file>
         <name>usbdcomp.obj</name>
      </input_file>
      <input_file id="fl-30">
         <path>./usblib/device/</path>
         <kind>object</kind>
         <file>usbdconfig.obj</file>
         <name>usbdconfig.obj</name>
      </input_file>
      <input_file id="fl-31">
         <path>./usblib/device/</path>
         <kind>object</kind>
         <file>usbddfu-rt.obj</file>
         <name>usbddfu-rt.obj</name>
      </input_file>
      <input_file id="fl-32">
         <path>./usblib/device/</path>
         <kind>object</kind>
         <file>usbdenum.obj</file>
         <name>usbdenum.obj</name>
      </input_file>
      <input_file id="fl-33">
         <path>./usblib/device/</path>
         <kind>object</kind>
         <file>usbdhandler.obj</file>
         <name>usbdhandler.obj</name>
      </input_file>
      <input_file id="fl-34">
         <path>./usblib/device/</path>
         <kind>object</kind>
         <file>usbdhid.obj</file>
         <name>usbdhid.obj</name>
      </input_file>
      <input_file id="fl-35">
         <path>./usblib/device/</path>
         <kind>object</kind>
         <file>usbdhidgamepad.obj</file>
         <name>usbdhidgamepad.obj</name>
      </input_file>
      <input_file id="fl-36">
         <path>./usblib/device/</path>
         <kind>object</kind>
         <file>usbdhidkeyb.obj</file>
         <name>usbdhidkeyb.obj</name>
      </input_file>
      <input_file id="fl-37">
         <path>./usblib/device/</path>
         <kind>object</kind>
         <file>usbdhidmouse.obj</file>
         <name>usbdhidmouse.obj</name>
      </input_file>
      <input_file id="fl-38">
         <path>./usblib/device/</path>
         <kind>object</kind>
         <file>usbdmsc.obj</file>
         <name>usbdmsc.obj</name>
      </input_file>
      <input_file id="fl-39">
         <path>./usblib/host/</path>
         <kind>object</kind>
         <file>usbhaudio.obj</file>
         <name>usbhaudio.obj</name>
      </input_file>
      <input_file id="fl-3a">
         <path>./usblib/host/</path>
         <kind>object</kind>
         <file>usbhhid.obj</file>
         <name>usbhhid.obj</name>
      </input_file>
      <input_file id="fl-3b">
         <path>./usblib/host/</path>
         <kind>object</kind>
         <file>usbhhidkeyboard.obj</file>
         <name>usbhhidkeyboard.obj</name>
      </input_file>
      <input_file id="fl-3c">
         <path>./usblib/host/</path>
         <kind>object</kind>
         <file>usbhhidmouse.obj</file>
         <name>usbhhidmouse.obj</name>
      </input_file>
      <input_file id="fl-3d">
         <path>./usblib/host/</path>
         <kind>object</kind>
         <file>usbhhub.obj</file>
         <name>usbhhub.obj</name>
      </input_file>
      <input_file id="fl-3e">
         <path>./usblib/host/</path>
         <kind>object</kind>
         <file>usbhmsc.obj</file>
         <name>usbhmsc.obj</name>
      </input_file>
      <input_file id="fl-3f">
         <path>./usblib/host/</path>
         <kind>object</kind>
         <file>usbhostenum.obj</file>
         <name>usbhostenum.obj</name>
      </input_file>
      <input_file id="fl-40">
         <path>./usblib/host/</path>
         <kind>object</kind>
         <file>usbhscsi.obj</file>
         <name>usbhscsi.obj</name>
      </input_file>
      <input_file id="fl-41">
         <path>./usblib/</path>
         <kind>object</kind>
         <file>usbbuffer.obj</file>
         <name>usbbuffer.obj</name>
      </input_file>
      <input_file id="fl-42">
         <path>./usblib/</path>
         <kind>object</kind>
         <file>usbdesc.obj</file>
         <name>usbdesc.obj</name>
      </input_file>
      <input_file id="fl-43">
         <path>./usblib/</path>
         <kind>object</kind>
         <file>usbdma.obj</file>
         <name>usbdma.obj</name>
      </input_file>
      <input_file id="fl-44">
         <path>./usblib/</path>
         <kind>object</kind>
         <file>usbkeyboardmap.obj</file>
         <name>usbkeyboardmap.obj</name>
      </input_file>
      <input_file id="fl-45">
         <path>./usblib/</path>
         <kind>object</kind>
         <file>usbmode.obj</file>
         <name>usbmode.obj</name>
      </input_file>
      <input_file id="fl-46">
         <path>./usblib/</path>
         <kind>object</kind>
         <file>usbringbuf.obj</file>
         <name>usbringbuf.obj</name>
      </input_file>
      <input_file id="fl-47">
         <path>./usblib/</path>
         <kind>object</kind>
         <file>usbtick.obj</file>
         <name>usbtick.obj</name>
      </input_file>
      <input_file id="fl-48">
         <path>./usblib/</path>
         <kind>object</kind>
         <file>usbulpi.obj</file>
         <name>usbulpi.obj</name>
      </input_file>
      <input_file id="fl-49">
         <path>./utils/</path>
         <kind>object</kind>
         <file>cmdline.obj</file>
         <name>cmdline.obj</name>
      </input_file>
      <input_file id="fl-4a">
         <path>./utils/</path>
         <kind>object</kind>
         <file>cpu_usage.obj</file>
         <name>cpu_usage.obj</name>
      </input_file>
      <input_file id="fl-4b">
         <path>./utils/</path>
         <kind>object</kind>
         <file>flash_pb.obj</file>
         <name>flash_pb.obj</name>
      </input_file>
      <input_file id="fl-4c">
         <path>./utils/</path>
         <kind>object</kind>
         <file>isqrt.obj</file>
         <name>isqrt.obj</name>
      </input_file>
      <input_file id="fl-4d">
         <path>./utils/</path>
         <kind>object</kind>
         <file>random.obj</file>
         <name>random.obj</name>
      </input_file>
      <input_file id="fl-4e">
         <path>./utils/</path>
         <kind>object</kind>
         <file>ringbuf.obj</file>
         <name>ringbuf.obj</name>
      </input_file>
      <input_file id="fl-4f">
         <path>./utils/</path>
         <kind>object</kind>
         <file>scheduler.obj</file>
         <name>scheduler.obj</name>
      </input_file>
      <input_file id="fl-50">
         <path>./utils/</path>
         <kind>object</kind>
         <file>sine.obj</file>
         <name>sine.obj</name>
      </input_file>
      <input_file id="fl-51">
         <path>./utils/</path>
         <kind>object</kind>
         <file>softi2c.obj</file>
         <name>softi2c.obj</name>
      </input_file>
      <input_file id="fl-52">
         <path>./utils/</path>
         <kind>object</kind>
         <file>softssi.obj</file>
         <name>softssi.obj</name>
      </input_file>
      <input_file id="fl-53">
         <path>./utils/</path>
         <kind>object</kind>
         <file>softuart.obj</file>
         <name>softuart.obj</name>
      </input_file>
      <input_file id="fl-54">
         <path>./utils/</path>
         <kind>object</kind>
         <file>spi_flash.obj</file>
         <name>spi_flash.obj</name>
      </input_file>
      <input_file id="fl-55">
         <path>./utils/</path>
         <kind>object</kind>
         <file>uartstdio.obj</file>
         <name>uartstdio.obj</name>
      </input_file>
      <input_file id="fl-56">
         <path>./utils/</path>
         <kind>object</kind>
         <file>ustdlib.obj</file>
         <name>ustdlib.obj</name>
      </input_file>
      <input_file id="fl-57">
         <path>./utils/</path>
         <kind>object</kind>
         <file>wavfile.obj</file>
         <name>wavfile.obj</name>
      </input_file>
      <input_file id="fl-117">
         <path>/Volumes/Macintosh HD/Applications/cc/ccsv6/tools/compiler/arm_15.12.3.LTS/lib/</path>
         <kind>archive</kind>
         <file>rtsv7M4_T_le_v4SPD16_eabi.lib</file>
         <name>boot.obj</name>
      </input_file>
      <input_file id="fl-118">
         <path>/Volumes/Macintosh HD/Applications/cc/ccsv6/tools/compiler/arm_15.12.3.LTS/lib/</path>
         <kind>archive</kind>
         <file>rtsv7M4_T_le_v4SPD16_eabi.lib</file>
         <name>copy_decompress_none.obj</name>
      </input_file>
      <input_file id="fl-119">
         <path>/Volumes/Macintosh HD/Applications/cc/ccsv6/tools/compiler/arm_15.12.3.LTS/lib/</path>
         <kind>archive</kind>
         <file>rtsv7M4_T_le_v4SPD16_eabi.lib</file>
         <name>copy_decompress_rle.obj</name>
      </input_file>
      <input_file id="fl-11a">
         <path>/Volumes/Macintosh HD/Applications/cc/ccsv6/tools/compiler/arm_15.12.3.LTS/lib/</path>
         <kind>archive</kind>
         <file>rtsv7M4_T_le_v4SPD16_eabi.lib</file>
         <name>copy_zero_init.obj</name>
      </input_file>
      <input_file id="fl-11b">
         <path>/Volumes/Macintosh HD/Applications/cc/ccsv6/tools/compiler/arm_15.12.3.LTS/lib/</path>
         <kind>archive</kind>
         <file>rtsv7M4_T_le_v4SPD16_eabi.lib</file>
         <name>defs.obj</name>
      </input_file>
      <input_file id="fl-11c">
         <path>/Volumes/Macintosh HD/Applications/cc/ccsv6/tools/compiler/arm_15.12.3.LTS/lib/</path>
         <kind>archive</kind>
         <file>rtsv7M4_T_le_v4SPD16_eabi.lib</file>
         <name>e_sqrt.obj</name>
      </input_file>
      <input_file id="fl-11d">
         <path>/Volumes/Macintosh HD/Applications/cc/ccsv6/tools/compiler/arm_15.12.3.LTS/lib/</path>
         <kind>archive</kind>
         <file>rtsv7M4_T_le_v4SPD16_eabi.lib</file>
         <name>errno.obj</name>
      </input_file>
      <input_file id="fl-11e">
         <path>/Volumes/Macintosh HD/Applications/cc/ccsv6/tools/compiler/arm_15.12.3.LTS/lib/</path>
         <kind>archive</kind>
         <file>rtsv7M4_T_le_v4SPD16_eabi.lib</file>
         <name>exit.obj</name>
      </input_file>
      <input_file id="fl-11f">
         <path>/Volumes/Macintosh HD/Applications/cc/ccsv6/tools/compiler/arm_15.12.3.LTS/lib/</path>
         <kind>archive</kind>
         <file>rtsv7M4_T_le_v4SPD16_eabi.lib</file>
         <name>fd_add_t2.obj</name>
      </input_file>
      <input_file id="fl-120">
         <path>/Volumes/Macintosh HD/Applications/cc/ccsv6/tools/compiler/arm_15.12.3.LTS/lib/</path>
         <kind>archive</kind>
         <file>rtsv7M4_T_le_v4SPD16_eabi.lib</file>
         <name>fd_cmp_t2.obj</name>
      </input_file>
      <input_file id="fl-121">
         <path>/Volumes/Macintosh HD/Applications/cc/ccsv6/tools/compiler/arm_15.12.3.LTS/lib/</path>
         <kind>archive</kind>
         <file>rtsv7M4_T_le_v4SPD16_eabi.lib</file>
         <name>fd_div_t2.obj</name>
      </input_file>
      <input_file id="fl-122">
         <path>/Volumes/Macintosh HD/Applications/cc/ccsv6/tools/compiler/arm_15.12.3.LTS/lib/</path>
         <kind>archive</kind>
         <file>rtsv7M4_T_le_v4SPD16_eabi.lib</file>
         <name>fd_mul_t2.obj</name>
      </input_file>
      <input_file id="fl-123">
         <path>/Volumes/Macintosh HD/Applications/cc/ccsv6/tools/compiler/arm_15.12.3.LTS/lib/</path>
         <kind>archive</kind>
         <file>rtsv7M4_T_le_v4SPD16_eabi.lib</file>
         <name>fd_tos_t2.obj</name>
      </input_file>
      <input_file id="fl-124">
         <path>/Volumes/Macintosh HD/Applications/cc/ccsv6/tools/compiler/arm_15.12.3.LTS/lib/</path>
         <kind>archive</kind>
         <file>rtsv7M4_T_le_v4SPD16_eabi.lib</file>
         <name>fprintf.obj</name>
      </input_file>
      <input_file id="fl-125">
         <path>/Volumes/Macintosh HD/Applications/cc/ccsv6/tools/compiler/arm_15.12.3.LTS/lib/</path>
         <kind>archive</kind>
         <file>rtsv7M4_T_le_v4SPD16_eabi.lib</file>
         <name>fputc.obj</name>
      </input_file>
      <input_file id="fl-126">
         <path>/Volumes/Macintosh HD/Applications/cc/ccsv6/tools/compiler/arm_15.12.3.LTS/lib/</path>
         <kind>archive</kind>
         <file>rtsv7M4_T_le_v4SPD16_eabi.lib</file>
         <name>fputs.obj</name>
      </input_file>
      <input_file id="fl-127">
         <path>/Volumes/Macintosh HD/Applications/cc/ccsv6/tools/compiler/arm_15.12.3.LTS/lib/</path>
         <kind>archive</kind>
         <file>rtsv7M4_T_le_v4SPD16_eabi.lib</file>
         <name>fs_tod_t2.obj</name>
      </input_file>
      <input_file id="fl-128">
         <path>/Volumes/Macintosh HD/Applications/cc/ccsv6/tools/compiler/arm_15.12.3.LTS/lib/</path>
         <kind>archive</kind>
         <file>rtsv7M4_T_le_v4SPD16_eabi.lib</file>
         <name>i_tofd_t2.obj</name>
      </input_file>
      <input_file id="fl-129">
         <path>/Volumes/Macintosh HD/Applications/cc/ccsv6/tools/compiler/arm_15.12.3.LTS/lib/</path>
         <kind>archive</kind>
         <file>rtsv7M4_T_le_v4SPD16_eabi.lib</file>
         <name>lowlev.obj</name>
      </input_file>
      <input_file id="fl-12a">
         <path>/Volumes/Macintosh HD/Applications/cc/ccsv6/tools/compiler/arm_15.12.3.LTS/lib/</path>
         <kind>archive</kind>
         <file>rtsv7M4_T_le_v4SPD16_eabi.lib</file>
         <name>memchr.obj</name>
      </input_file>
      <input_file id="fl-12b">
         <path>/Volumes/Macintosh HD/Applications/cc/ccsv6/tools/compiler/arm_15.12.3.LTS/lib/</path>
         <kind>archive</kind>
         <file>rtsv7M4_T_le_v4SPD16_eabi.lib</file>
         <name>memcpy_t2.obj</name>
      </input_file>
      <input_file id="fl-12c">
         <path>/Volumes/Macintosh HD/Applications/cc/ccsv6/tools/compiler/arm_15.12.3.LTS/lib/</path>
         <kind>archive</kind>
         <file>rtsv7M4_T_le_v4SPD16_eabi.lib</file>
         <name>memory.obj</name>
      </input_file>
      <input_file id="fl-12d">
         <path>/Volumes/Macintosh HD/Applications/cc/ccsv6/tools/compiler/arm_15.12.3.LTS/lib/</path>
         <kind>archive</kind>
         <file>rtsv7M4_T_le_v4SPD16_eabi.lib</file>
         <name>memset_t2.obj</name>
      </input_file>
      <input_file id="fl-12e">
         <path>/Volumes/Macintosh HD/Applications/cc/ccsv6/tools/compiler/arm_15.12.3.LTS/lib/</path>
         <kind>archive</kind>
         <file>rtsv7M4_T_le_v4SPD16_eabi.lib</file>
         <name>mpu_init.obj</name>
      </input_file>
      <input_file id="fl-12f">
         <path>/Volumes/Macintosh HD/Applications/cc/ccsv6/tools/compiler/arm_15.12.3.LTS/lib/</path>
         <kind>archive</kind>
         <file>rtsv7M4_T_le_v4SPD16_eabi.lib</file>
         <name>pre_init.obj</name>
      </input_file>
      <input_file id="fl-130">
         <path>/Volumes/Macintosh HD/Applications/cc/ccsv6/tools/compiler/arm_15.12.3.LTS/lib/</path>
         <kind>archive</kind>
         <file>rtsv7M4_T_le_v4SPD16_eabi.lib</file>
         <name>s_cos.obj</name>
      </input_file>
      <input_file id="fl-131">
         <path>/Volumes/Macintosh HD/Applications/cc/ccsv6/tools/compiler/arm_15.12.3.LTS/lib/</path>
         <kind>archive</kind>
         <file>rtsv7M4_T_le_v4SPD16_eabi.lib</file>
         <name>s_floor.obj</name>
      </input_file>
      <input_file id="fl-132">
         <path>/Volumes/Macintosh HD/Applications/cc/ccsv6/tools/compiler/arm_15.12.3.LTS/lib/</path>
         <kind>archive</kind>
         <file>rtsv7M4_T_le_v4SPD16_eabi.lib</file>
         <name>s_sin.obj</name>
      </input_file>
      <input_file id="fl-133">
         <path>/Volumes/Macintosh HD/Applications/cc/ccsv6/tools/compiler/arm_15.12.3.LTS/lib/</path>
         <kind>archive</kind>
         <file>rtsv7M4_T_le_v4SPD16_eabi.lib</file>
         <name>sprintf.obj</name>
      </input_file>
      <input_file id="fl-134">
         <path>/Volumes/Macintosh HD/Applications/cc/ccsv6/tools/compiler/arm_15.12.3.LTS/lib/</path>
         <kind>archive</kind>
         <file>rtsv7M4_T_le_v4SPD16_eabi.lib</file>
         <name>stkdepth_vars.obj</name>
      </input_file>
      <input_file id="fl-135">
         <path>/Volumes/Macintosh HD/Applications/cc/ccsv6/tools/compiler/arm_15.12.3.LTS/lib/</path>
         <kind>archive</kind>
         <file>rtsv7M4_T_le_v4SPD16_eabi.lib</file>
         <name>strchr.obj</name>
      </input_file>
      <input_file id="fl-136">
         <path>/Volumes/Macintosh HD/Applications/cc/ccsv6/tools/compiler/arm_15.12.3.LTS/lib/</path>
         <kind>archive</kind>
         <file>rtsv7M4_T_le_v4SPD16_eabi.lib</file>
         <name>strcmp.obj</name>
      </input_file>
      <input_file id="fl-137">
         <path>/Volumes/Macintosh HD/Applications/cc/ccsv6/tools/compiler/arm_15.12.3.LTS/lib/</path>
         <kind>archive</kind>
         <file>rtsv7M4_T_le_v4SPD16_eabi.lib</file>
         <name>strlen.obj</name>
      </input_file>
      <input_file id="fl-138">
         <path>/Volumes/Macintosh HD/Applications/cc/ccsv6/tools/compiler/arm_15.12.3.LTS/lib/</path>
         <kind>archive</kind>
         <file>rtsv7M4_T_le_v4SPD16_eabi.lib</file>
         <name>strncpy.obj</name>
      </input_file>
      <input_file id="fl-139">
         <path>/Volumes/Macintosh HD/Applications/cc/ccsv6/tools/compiler/arm_15.12.3.LTS/lib/</path>
         <kind>archive</kind>
         <file>rtsv7M4_T_le_v4SPD16_eabi.lib</file>
         <name>trgdrv.obj</name>
      </input_file>
      <input_file id="fl-13a">
         <path>/Volumes/Macintosh HD/Applications/cc/ccsv6/tools/compiler/arm_15.12.3.LTS/lib/</path>
         <kind>archive</kind>
         <file>rtsv7M4_T_le_v4SPD16_eabi.lib</file>
         <name>trgmsg.obj</name>
      </input_file>
      <input_file id="fl-13b">
         <path>/Volumes/Macintosh HD/Applications/cc/ccsv6/tools/compiler/arm_15.12.3.LTS/lib/</path>
         <kind>archive</kind>
         <file>rtsv7M4_T_le_v4SPD16_eabi.lib</file>
         <name>u_divt2.obj</name>
      </input_file>
      <input_file id="fl-13c">
         <path>/Volumes/Macintosh HD/Applications/cc/ccsv6/tools/compiler/arm_15.12.3.LTS/lib/</path>
         <kind>archive</kind>
         <file>rtsv7M4_T_le_v4SPD16_eabi.lib</file>
         <name>_io_perm.obj</name>
      </input_file>
      <input_file id="fl-13d">
         <path>/Volumes/Macintosh HD/Applications/cc/ccsv6/tools/compiler/arm_15.12.3.LTS/lib/</path>
         <kind>archive</kind>
         <file>rtsv7M4_T_le_v4SPD16_eabi.lib</file>
         <name>_lock.obj</name>
      </input_file>
      <input_file id="fl-13e">
         <path>/Volumes/Macintosh HD/Applications/cc/ccsv6/tools/compiler/arm_15.12.3.LTS/lib/</path>
         <kind>archive</kind>
         <file>rtsv7M4_T_le_v4SPD16_eabi.lib</file>
         <name>_printfi.obj</name>
      </input_file>
      <input_file id="fl-13f">
         <path>/Volumes/Macintosh HD/Applications/cc/ccsv6/tools/compiler/arm_15.12.3.LTS/lib/</path>
         <kind>archive</kind>
         <file>rtsv7M4_T_le_v4SPD16_eabi.lib</file>
         <name>args_main.obj</name>
      </input_file>
      <input_file id="fl-140">
         <path>/Volumes/Macintosh HD/Applications/cc/ccsv6/tools/compiler/arm_15.12.3.LTS/lib/</path>
         <kind>archive</kind>
         <file>rtsv7M4_T_le_v4SPD16_eabi.lib</file>
         <name>atoi.obj</name>
      </input_file>
      <input_file id="fl-141">
         <path>/Volumes/Macintosh HD/Applications/cc/ccsv6/tools/compiler/arm_15.12.3.LTS/lib/</path>
         <kind>archive</kind>
         <file>rtsv7M4_T_le_v4SPD16_eabi.lib</file>
         <name>autoinit.obj</name>
      </input_file>
      <input_file id="fl-142">
         <path>/Volumes/Macintosh HD/Applications/cc/ccsv6/tools/compiler/arm_15.12.3.LTS/lib/</path>
         <kind>archive</kind>
         <file>rtsv7M4_T_le_v4SPD16_eabi.lib</file>
         <name>cpy_tbl.obj</name>
      </input_file>
      <input_file id="fl-143">
         <path>/Volumes/Macintosh HD/Applications/cc/ccsv6/tools/compiler/arm_15.12.3.LTS/lib/</path>
         <kind>archive</kind>
         <file>rtsv7M4_T_le_v4SPD16_eabi.lib</file>
         <name>ctype.obj</name>
      </input_file>
      <input_file id="fl-144">
         <path>/Volumes/Macintosh HD/Applications/cc/ccsv6/tools/compiler/arm_15.12.3.LTS/lib/</path>
         <kind>archive</kind>
         <file>rtsv7M4_T_le_v4SPD16_eabi.lib</file>
         <name>fd_toi_t2.obj</name>
      </input_file>
      <input_file id="fl-145">
         <path>/Volumes/Macintosh HD/Applications/cc/ccsv6/tools/compiler/arm_15.12.3.LTS/lib/</path>
         <kind>archive</kind>
         <file>rtsv7M4_T_le_v4SPD16_eabi.lib</file>
         <name>fflush.obj</name>
      </input_file>
      <input_file id="fl-146">
         <path>/Volumes/Macintosh HD/Applications/cc/ccsv6/tools/compiler/arm_15.12.3.LTS/lib/</path>
         <kind>archive</kind>
         <file>rtsv7M4_T_le_v4SPD16_eabi.lib</file>
         <name>fseek.obj</name>
      </input_file>
      <input_file id="fl-147">
         <path>/Volumes/Macintosh HD/Applications/cc/ccsv6/tools/compiler/arm_15.12.3.LTS/lib/</path>
         <kind>archive</kind>
         <file>rtsv7M4_T_le_v4SPD16_eabi.lib</file>
         <name>i_div0.obj</name>
      </input_file>
      <input_file id="fl-148">
         <path>/Volumes/Macintosh HD/Applications/cc/ccsv6/tools/compiler/arm_15.12.3.LTS/lib/</path>
         <kind>archive</kind>
         <file>rtsv7M4_T_le_v4SPD16_eabi.lib</file>
         <name>k_cos.obj</name>
      </input_file>
      <input_file id="fl-149">
         <path>/Volumes/Macintosh HD/Applications/cc/ccsv6/tools/compiler/arm_15.12.3.LTS/lib/</path>
         <kind>archive</kind>
         <file>rtsv7M4_T_le_v4SPD16_eabi.lib</file>
         <name>k_rem_pio2.obj</name>
      </input_file>
      <input_file id="fl-14a">
         <path>/Volumes/Macintosh HD/Applications/cc/ccsv6/tools/compiler/arm_15.12.3.LTS/lib/</path>
         <kind>archive</kind>
         <file>rtsv7M4_T_le_v4SPD16_eabi.lib</file>
         <name>k_sin.obj</name>
      </input_file>
      <input_file id="fl-14b">
         <path>/Volumes/Macintosh HD/Applications/cc/ccsv6/tools/compiler/arm_15.12.3.LTS/lib/</path>
         <kind>archive</kind>
         <file>rtsv7M4_T_le_v4SPD16_eabi.lib</file>
         <name>ltoa.obj</name>
      </input_file>
      <input_file id="fl-14c">
         <path>/Volumes/Macintosh HD/Applications/cc/ccsv6/tools/compiler/arm_15.12.3.LTS/lib/</path>
         <kind>archive</kind>
         <file>rtsv7M4_T_le_v4SPD16_eabi.lib</file>
         <name>memccpy.obj</name>
      </input_file>
      <input_file id="fl-14d">
         <path>/Volumes/Macintosh HD/Applications/cc/ccsv6/tools/compiler/arm_15.12.3.LTS/lib/</path>
         <kind>archive</kind>
         <file>rtsv7M4_T_le_v4SPD16_eabi.lib</file>
         <name>s_frexp.obj</name>
      </input_file>
      <input_file id="fl-14e">
         <path>/Volumes/Macintosh HD/Applications/cc/ccsv6/tools/compiler/arm_15.12.3.LTS/lib/</path>
         <kind>archive</kind>
         <file>rtsv7M4_T_le_v4SPD16_eabi.lib</file>
         <name>s_scalbn.obj</name>
      </input_file>
      <input_file id="fl-14f">
         <path>/Volumes/Macintosh HD/Applications/cc/ccsv6/tools/compiler/arm_15.12.3.LTS/lib/</path>
         <kind>archive</kind>
         <file>rtsv7M4_T_le_v4SPD16_eabi.lib</file>
         <name>setvbuf.obj</name>
      </input_file>
      <input_file id="fl-150">
         <path>/Volumes/Macintosh HD/Applications/cc/ccsv6/tools/compiler/arm_15.12.3.LTS/lib/</path>
         <kind>archive</kind>
         <file>rtsv7M4_T_le_v4SPD16_eabi.lib</file>
         <name>startup.obj</name>
      </input_file>
      <input_file id="fl-151">
         <path>/Volumes/Macintosh HD/Applications/cc/ccsv6/tools/compiler/arm_15.12.3.LTS/lib/</path>
         <kind>archive</kind>
         <file>rtsv7M4_T_le_v4SPD16_eabi.lib</file>
         <name>strcpy.obj</name>
      </input_file>
      <input_file id="fl-152">
         <path>/Volumes/Macintosh HD/Applications/cc/ccsv6/tools/compiler/arm_15.12.3.LTS/lib/</path>
         <kind>archive</kind>
         <file>rtsv7M4_T_le_v4SPD16_eabi.lib</file>
         <name>ull_div_t2.obj</name>
      </input_file>
      <input_file id="fl-153">
         <path>/Volumes/Macintosh HD/Applications/cc/ccsv6/tools/compiler/arm_15.12.3.LTS/lib/</path>
         <kind>archive</kind>
         <file>rtsv7M4_T_le_v4SPD16_eabi.lib</file>
         <name>fopen.obj</name>
      </input_file>
      <input_file id="fl-154">
         <path>/Volumes/Macintosh HD/Applications/cc/ccsv6/tools/compiler/arm_15.12.3.LTS/lib/</path>
         <kind>archive</kind>
         <file>rtsv7M4_T_le_v4SPD16_eabi.lib</file>
         <name>s_copysign.obj</name>
      </input_file>
      <input_file id="fl-155">
         <path>/Volumes/Macintosh HD/Applications/cc/ccsv6/tools/compiler/arm_15.12.3.LTS/lib/</path>
         <kind>archive</kind>
         <file>rtsv7M4_T_le_v4SPD16_eabi.lib</file>
         <name>fclose.obj</name>
      </input_file>
      <input_file id="fl-156">
         <path>/Volumes/Macintosh HD/Applications/cc/ccsv6/tools/compiler/arm_15.12.3.LTS/lib/</path>
         <kind>archive</kind>
         <file>rtsv7M4_T_le_v4SPD16_eabi.lib</file>
         <name>remove.obj</name>
      </input_file>
   </input_file_list>
   <object_component_list>
      <object_component id="oc-f">
         <name>.intvecs</name>
         <load_address>0x0</load_address>
         <run_address>0x0</run_address>
         <size>0x26c</size>
         <input_file_ref idref="fl-3"/>
      </object_component>
      <object_component id="oc-181">
         <name>.text</name>
         <load_address>0x26c</load_address>
         <run_address>0x26c</run_address>
         <size>0x2b04</size>
         <input_file_ref idref="fl-3f"/>
      </object_component>
      <object_component id="oc-17b">
         <name>.text</name>
         <load_address>0x2d70</load_address>
         <run_address>0x2d70</run_address>
         <size>0x2a20</size>
         <input_file_ref idref="fl-26"/>
      </object_component>
      <object_component id="oc-2cb">
         <name>.text</name>
         <load_address>0x5790</load_address>
         <run_address>0x5790</run_address>
         <size>0x15b4</size>
         <input_file_ref idref="fl-23"/>
      </object_component>
      <object_component id="oc-402">
         <name>.text</name>
         <load_address>0x6d44</load_address>
         <run_address>0x6d44</run_address>
         <size>0x1188</size>
         <input_file_ref idref="fl-32"/>
      </object_component>
      <object_component id="oc-173">
         <name>.text</name>
         <load_address>0x7ecc</load_address>
         <run_address>0x7ecc</run_address>
         <size>0x1110</size>
         <input_file_ref idref="fl-13e"/>
      </object_component>
      <object_component id="oc-89">
         <name>.text</name>
         <load_address>0x8fdc</load_address>
         <run_address>0x8fdc</run_address>
         <size>0xf00</size>
         <input_file_ref idref="fl-1d"/>
      </object_component>
      <object_component id="oc-2da">
         <name>.text</name>
         <load_address>0x9edc</load_address>
         <run_address>0x9edc</run_address>
         <size>0xe44</size>
         <input_file_ref idref="fl-43"/>
      </object_component>
      <object_component id="oc-18d">
         <name>.text</name>
         <load_address>0xad20</load_address>
         <run_address>0xad20</run_address>
         <size>0xc84</size>
         <input_file_ref idref="fl-56"/>
      </object_component>
      <object_component id="oc-8f">
         <name>.text</name>
         <load_address>0xb9a4</load_address>
         <run_address>0xb9a4</run_address>
         <size>0xbbc</size>
         <input_file_ref idref="fl-12"/>
      </object_component>
      <object_component id="oc-2d4">
         <name>.text</name>
         <load_address>0xc560</load_address>
         <run_address>0xc560</run_address>
         <size>0x904</size>
         <input_file_ref idref="fl-3d"/>
      </object_component>
      <object_component id="oc-a7">
         <name>.text</name>
         <load_address>0xce64</load_address>
         <run_address>0xce64</run_address>
         <size>0x77c</size>
         <input_file_ref idref="fl-5"/>
      </object_component>
      <object_component id="oc-cd">
         <name>.text</name>
         <load_address>0xd5e0</load_address>
         <run_address>0xd5e0</run_address>
         <size>0x6a8</size>
         <input_file_ref idref="fl-14"/>
      </object_component>
      <object_component id="oc-34">
         <name>.text</name>
         <load_address>0xdc88</load_address>
         <run_address>0xdc88</run_address>
         <size>0x6a8</size>
         <input_file_ref idref="fl-2"/>
      </object_component>
      <object_component id="oc-95">
         <name>.text</name>
         <load_address>0xe330</load_address>
         <run_address>0xe330</run_address>
         <size>0x622</size>
         <input_file_ref idref="fl-21"/>
      </object_component>
      <object_component id="oc-237">
         <name>.text</name>
         <load_address>0xe952</load_address>
         <run_address>0xe952</run_address>
         <size>0x2</size>
         <input_file_ref idref="fl-147"/>
      </object_component>
      <object_component id="oc-a1">
         <name>.text</name>
         <load_address>0xe954</load_address>
         <run_address>0xe954</run_address>
         <size>0x4e0</size>
         <input_file_ref idref="fl-22"/>
      </object_component>
      <object_component id="oc-9b">
         <name>.text</name>
         <load_address>0xee34</load_address>
         <run_address>0xee34</run_address>
         <size>0x49c</size>
         <input_file_ref idref="fl-55"/>
      </object_component>
      <object_component id="oc-2fe">
         <name>.text</name>
         <load_address>0xf2d0</load_address>
         <run_address>0xf2d0</run_address>
         <size>0x488</size>
         <input_file_ref idref="fl-45"/>
      </object_component>
      <object_component id="oc-187">
         <name>.text</name>
         <load_address>0xf758</load_address>
         <run_address>0xf758</run_address>
         <size>0x3c8</size>
         <input_file_ref idref="fl-3e"/>
      </object_component>
      <object_component id="oc-b3">
         <name>.text</name>
         <load_address>0xfb20</load_address>
         <run_address>0xfb20</run_address>
         <size>0x3c4</size>
         <input_file_ref idref="fl-4"/>
      </object_component>
      <object_component id="oc-ba">
         <name>.text</name>
         <load_address>0xfee4</load_address>
         <run_address>0xfee4</run_address>
         <size>0x3c0</size>
         <input_file_ref idref="fl-15"/>
      </object_component>
      <object_component id="oc-31b">
         <name>.text</name>
         <load_address>0x102a4</load_address>
         <run_address>0x102a4</run_address>
         <size>0x3bc</size>
         <input_file_ref idref="fl-40"/>
      </object_component>
      <object_component id="oc-48a">
         <name>.text</name>
         <load_address>0x10660</load_address>
         <run_address>0x10660</run_address>
         <size>0x388</size>
         <input_file_ref idref="fl-30"/>
      </object_component>
      <object_component id="oc-c6">
         <name>.text</name>
         <load_address>0x109e8</load_address>
         <run_address>0x109e8</run_address>
         <size>0x352</size>
         <input_file_ref idref="fl-1b"/>
      </object_component>
      <object_component id="oc-484">
         <name>.text</name>
         <load_address>0x10d3a</load_address>
         <run_address>0x10d3a</run_address>
         <size>0x2de</size>
         <input_file_ref idref="fl-2e"/>
      </object_component>
      <object_component id="oc-24e">
         <name>.text</name>
         <load_address>0x11018</load_address>
         <run_address>0x11018</run_address>
         <size>0x1f4</size>
         <input_file_ref idref="fl-152"/>
      </object_component>
      <object_component id="oc-2f8">
         <name>.text</name>
         <load_address>0x1120c</load_address>
         <run_address>0x1120c</run_address>
         <size>0x1d2</size>
         <input_file_ref idref="fl-42"/>
      </object_component>
      <object_component id="oc-277">
         <name>.text</name>
         <load_address>0x113de</load_address>
         <run_address>0x113de</run_address>
         <size>0x1b6</size>
         <input_file_ref idref="fl-11f"/>
      </object_component>
      <object_component id="oc-25d">
         <name>.text</name>
         <load_address>0x11594</load_address>
         <run_address>0x11594</run_address>
         <size>0x136</size>
         <input_file_ref idref="fl-121"/>
      </object_component>
      <object_component id="oc-258">
         <name>.text</name>
         <load_address>0x116ca</load_address>
         <run_address>0x116ca</run_address>
         <size>0xfc</size>
         <input_file_ref idref="fl-122"/>
      </object_component>
      <object_component id="oc-62">
         <name>.text</name>
         <load_address>0x117c6</load_address>
         <run_address>0x117c6</run_address>
         <size>0x2</size>
         <input_file_ref idref="fl-12e"/>
      </object_component>
      <object_component id="oc-282">
         <name>.text</name>
         <load_address>0x117c8</load_address>
         <run_address>0x117c8</run_address>
         <size>0xfc</size>
         <input_file_ref idref="fl-14e"/>
      </object_component>
      <object_component id="oc-2e0">
         <name>.text</name>
         <load_address>0x118c4</load_address>
         <run_address>0x118c4</run_address>
         <size>0xec</size>
         <input_file_ref idref="fl-47"/>
      </object_component>
      <object_component id="oc-2ad">
         <name>.text</name>
         <load_address>0x119b0</load_address>
         <run_address>0x119b0</run_address>
         <size>0xde</size>
         <input_file_ref idref="fl-25"/>
      </object_component>
      <object_component id="oc-2e6">
         <name>.text</name>
         <load_address>0x11a8e</load_address>
         <run_address>0x11a8e</run_address>
         <size>0xc8</size>
         <input_file_ref idref="fl-48"/>
      </object_component>
      <object_component id="oc-3d">
         <name>.text</name>
         <load_address>0x11b56</load_address>
         <run_address>0x11b56</run_address>
         <size>0x9c</size>
         <input_file_ref idref="fl-12b"/>
      </object_component>
      <object_component id="oc-253">
         <name>.text:__aeabi_cdcmple</name>
         <load_address>0x11bf2</load_address>
         <run_address>0x11bf2</run_address>
         <size>0x86</size>
         <input_file_ref idref="fl-120"/>
      </object_component>
      <object_component id="oc-262">
         <name>.text:__aeabi_cdrcmple</name>
         <load_address>0x11c78</load_address>
         <run_address>0x11c78</run_address>
         <size>0x86</size>
         <input_file_ref idref="fl-120"/>
      </object_component>
      <object_component id="oc-56">
         <name>.text</name>
         <load_address>0x11cfe</load_address>
         <run_address>0x11cfe</run_address>
         <size>0x7a</size>
         <input_file_ref idref="fl-12d"/>
      </object_component>
      <object_component id="oc-6e">
         <name>.text</name>
         <load_address>0x11d78</load_address>
         <run_address>0x11d78</run_address>
         <size>0x70</size>
         <input_file_ref idref="fl-141"/>
      </object_component>
      <object_component id="oc-49">
         <name>.text</name>
         <load_address>0x11de8</load_address>
         <run_address>0x11de8</run_address>
         <size>0x6a</size>
         <input_file_ref idref="fl-119"/>
      </object_component>
      <object_component id="oc-106">
         <name>.text</name>
         <load_address>0x11e52</load_address>
         <run_address>0x11e52</run_address>
         <size>0x2</size>
         <input_file_ref idref="fl-150"/>
      </object_component>
      <object_component id="oc-27c">
         <name>.text</name>
         <load_address>0x11e54</load_address>
         <run_address>0x11e54</run_address>
         <size>0x64</size>
         <input_file_ref idref="fl-14d"/>
      </object_component>
      <object_component id="oc-ad">
         <name>.text</name>
         <load_address>0x11eb8</load_address>
         <run_address>0x11eb8</run_address>
         <size>0x60</size>
         <input_file_ref idref="fl-133"/>
      </object_component>
      <object_component id="oc-3be">
         <name>.text</name>
         <load_address>0x11f18</load_address>
         <run_address>0x11f18</run_address>
         <size>0x5c</size>
         <input_file_ref idref="fl-27"/>
      </object_component>
      <object_component id="oc-26c">
         <name>.text</name>
         <load_address>0x11f74</load_address>
         <run_address>0x11f74</run_address>
         <size>0x56</size>
         <input_file_ref idref="fl-14b"/>
      </object_component>
      <object_component id="oc-24">
         <name>.text</name>
         <load_address>0x11fcc</load_address>
         <run_address>0x11fcc</run_address>
         <size>0x54</size>
         <input_file_ref idref="fl-117"/>
      </object_component>
      <object_component id="oc-7a">
         <name>.text</name>
         <load_address>0x12020</load_address>
         <run_address>0x12020</run_address>
         <size>0x54</size>
         <input_file_ref idref="fl-11e"/>
      </object_component>
      <object_component id="oc-294">
         <name>.text</name>
         <load_address>0x12074</load_address>
         <run_address>0x12074</run_address>
         <size>0x4c</size>
         <input_file_ref idref="fl-140"/>
      </object_component>
      <object_component id="oc-100">
         <name>.text</name>
         <load_address>0x120c0</load_address>
         <run_address>0x120c0</run_address>
         <size>0x4c</size>
         <input_file_ref idref="fl-142"/>
      </object_component>
      <object_component id="oc-267">
         <name>.text</name>
         <load_address>0x1210c</load_address>
         <run_address>0x1210c</run_address>
         <size>0x48</size>
         <input_file_ref idref="fl-144"/>
      </object_component>
      <object_component id="oc-15d">
         <name>.text</name>
         <load_address>0x12154</load_address>
         <run_address>0x12154</run_address>
         <size>0x40</size>
         <input_file_ref idref="fl-13b"/>
      </object_component>
      <object_component id="oc-12a">
         <name>.text</name>
         <load_address>0x12194</load_address>
         <run_address>0x12194</run_address>
         <size>0x3e</size>
         <input_file_ref idref="fl-9"/>
      </object_component>
      <object_component id="oc-272">
         <name>.text</name>
         <load_address>0x121d2</load_address>
         <run_address>0x121d2</run_address>
         <size>0x2e</size>
         <input_file_ref idref="fl-128"/>
      </object_component>
      <object_component id="oc-28e">
         <name>.text</name>
         <load_address>0x12200</load_address>
         <run_address>0x12200</run_address>
         <size>0x1c</size>
         <input_file_ref idref="fl-14c"/>
      </object_component>
      <object_component id="oc-74">
         <name>.text</name>
         <load_address>0x1221c</load_address>
         <run_address>0x1221c</run_address>
         <size>0x18</size>
         <input_file_ref idref="fl-13f"/>
      </object_component>
      <object_component id="oc-288">
         <name>.text</name>
         <load_address>0x12234</load_address>
         <run_address>0x12234</run_address>
         <size>0x16</size>
         <input_file_ref idref="fl-135"/>
      </object_component>
      <object_component id="oc-204">
         <name>.text</name>
         <load_address>0x1224c</load_address>
         <run_address>0x1224c</run_address>
         <size>0x14</size>
         <input_file_ref idref="fl-13d"/>
      </object_component>
      <object_component id="oc-3a3">
         <name>.text</name>
         <load_address>0x12260</load_address>
         <run_address>0x12260</run_address>
         <size>0x14</size>
         <input_file_ref idref="fl-154"/>
      </object_component>
      <object_component id="oc-193">
         <name>.text</name>
         <load_address>0x12274</load_address>
         <run_address>0x12274</run_address>
         <size>0x14</size>
         <input_file_ref idref="fl-137"/>
      </object_component>
      <object_component id="oc-12">
         <name>.text:decompress:none</name>
         <load_address>0x12288</load_address>
         <run_address>0x12288</run_address>
         <size>0xe</size>
         <input_file_ref idref="fl-118"/>
      </object_component>
      <object_component id="oc-2e">
         <name>.text</name>
         <load_address>0x12296</load_address>
         <run_address>0x12296</run_address>
         <size>0xc</size>
         <input_file_ref idref="fl-3"/>
      </object_component>
      <object_component id="oc-b9">
         <name>.text:SysCtlDelay</name>
         <load_address>0x122a2</load_address>
         <run_address>0x122a2</run_address>
         <size>0x6</size>
         <input_file_ref idref="fl-1d"/>
      </object_component>
      <object_component id="oc-18">
         <name>.text:decompress:rle24</name>
         <load_address>0x122a8</load_address>
         <run_address>0x122a8</run_address>
         <size>0x6</size>
         <input_file_ref idref="fl-119"/>
      </object_component>
      <object_component id="oc-68">
         <name>.text</name>
         <load_address>0x122ae</load_address>
         <run_address>0x122ae</run_address>
         <size>0x4</size>
         <input_file_ref idref="fl-12f"/>
      </object_component>
      <object_component id="oc-133">
         <name>.const:g_pppui32XTALtoVCO</name>
         <load_address>0x122b4</load_address>
         <run_address>0x122b4</run_address>
         <size>0x120</size>
         <input_file_ref idref="fl-1d"/>
      </object_component>
      <object_component id="oc-3b2">
         <name>.const:.string:_ctypes_</name>
         <load_address>0x123d4</load_address>
         <run_address>0x123d4</run_address>
         <size>0x101</size>
         <input_file_ref idref="fl-143"/>
      </object_component>
      <object_component id="oc-1ac">
         <name>.const:.string:g_pcCSVHeaderLine</name>
         <load_address>0x124d5</load_address>
         <run_address>0x124d5</run_address>
         <size>0xda</size>
         <input_file_ref idref="fl-4"/>
      </object_component>
      <object_component id="oc-13b">
         <name>.const:g_ppui32GPIOIntMapBlizzard</name>
         <load_address>0x125b0</load_address>
         <run_address>0x125b0</run_address>
         <size>0xc0</size>
         <input_file_ref idref="fl-12"/>
      </object_component>
      <object_component id="oc-141">
         <name>.const:g_ppui32GPIOIntMapSnowflake</name>
         <load_address>0x12670</load_address>
         <run_address>0x12670</run_address>
         <size>0xc0</size>
         <input_file_ref idref="fl-12"/>
      </object_component>
      <object_component id="oc-1bc">
         <name>.const:g_pui32Regs</name>
         <load_address>0x12730</load_address>
         <run_address>0x12730</run_address>
         <size>0x9c</size>
         <input_file_ref idref="fl-15"/>
      </object_component>
      <object_component id="oc-144">
         <name>.const:g_pui32GPIOBaseAddrs</name>
         <load_address>0x127cc</load_address>
         <run_address>0x127cc</run_address>
         <size>0x90</size>
         <input_file_ref idref="fl-12"/>
      </object_component>
      <object_component id="oc-130">
         <name>.const:g_pui32Xtals</name>
         <load_address>0x1285c</load_address>
         <run_address>0x1285c</run_address>
         <size>0x6c</size>
         <input_file_ref idref="fl-1d"/>
      </object_component>
      <object_component id="oc-1e7">
         <name>.const:g_ppui32I2CIntMapSnowflake</name>
         <load_address>0x128c8</load_address>
         <run_address>0x128c8</run_address>
         <size>0x50</size>
         <input_file_ref idref="fl-14"/>
      </object_component>
      <object_component id="oc-149">
         <name>.const:g_ppui32UARTIntMap</name>
         <load_address>0x12918</load_address>
         <run_address>0x12918</run_address>
         <size>0x40</size>
         <input_file_ref idref="fl-21"/>
      </object_component>
      <object_component id="oc-14f">
         <name>.const:g_ppui32UARTIntMapSnowflake</name>
         <load_address>0x12958</load_address>
         <run_address>0x12958</run_address>
         <size>0x40</size>
         <input_file_ref idref="fl-21"/>
      </object_component>
      <object_component id="oc-127">
         <name>.const:g_sXTALtoMEMTIM</name>
         <load_address>0x12998</load_address>
         <run_address>0x12998</run_address>
         <size>0x38</size>
         <input_file_ref idref="fl-1d"/>
      </object_component>
      <object_component id="oc-481">
         <name>.const:g_psUSBDStdRequests</name>
         <load_address>0x129d0</load_address>
         <run_address>0x129d0</run_address>
         <size>0x34</size>
         <input_file_ref idref="fl-32"/>
      </object_component>
      <object_component id="oc-1e1">
         <name>.const:g_ppui32I2CIntMap</name>
         <load_address>0x12a04</load_address>
         <run_address>0x12a04</run_address>
         <size>0x30</size>
         <input_file_ref idref="fl-14"/>
      </object_component>
      <object_component id="oc-32e">
         <name>.const:g_psDaysToMonth</name>
         <load_address>0x12a34</load_address>
         <run_address>0x12a34</run_address>
         <size>0x30</size>
         <input_file_ref idref="fl-56"/>
      </object_component>
      <object_component id="oc-1d6">
         <name>.const:g_ppui32SSIIntMap</name>
         <load_address>0x12a64</load_address>
         <run_address>0x12a64</run_address>
         <size>0x20</size>
         <input_file_ref idref="fl-1b"/>
      </object_component>
      <object_component id="oc-1dc">
         <name>.const:g_ppui32SSIIntMapSnowflake</name>
         <load_address>0x12a84</load_address>
         <run_address>0x12a84</run_address>
         <size>0x20</size>
         <input_file_ref idref="fl-1b"/>
      </object_component>
      <object_component id="oc-1b9">
         <name>.const:g_pui32Priority</name>
         <load_address>0x12aa4</load_address>
         <run_address>0x12aa4</run_address>
         <size>0x20</size>
         <input_file_ref idref="fl-15"/>
      </object_component>
      <object_component id="oc-331">
         <name>.const:g_pfExponents</name>
         <load_address>0x12ac4</load_address>
         <run_address>0x12ac4</run_address>
         <size>0x18</size>
         <input_file_ref idref="fl-56"/>
      </object_component>
      <object_component id="oc-1c2">
         <name>.const:g_pui32Dii16Regs</name>
         <load_address>0x12adc</load_address>
         <run_address>0x12adc</run_address>
         <size>0x14</size>
         <input_file_ref idref="fl-15"/>
      </object_component>
      <object_component id="oc-1bf">
         <name>.const:g_pui32EnRegs</name>
         <load_address>0x12af0</load_address>
         <run_address>0x12af0</run_address>
         <size>0x14</size>
         <input_file_ref idref="fl-15"/>
      </object_component>
      <object_component id="oc-1c5">
         <name>.const:g_pui32PendRegs</name>
         <load_address>0x12b04</load_address>
         <run_address>0x12b04</run_address>
         <size>0x14</size>
         <input_file_ref idref="fl-15"/>
      </object_component>
      <object_component id="oc-1c8">
         <name>.const:g_pui32UnpendRegs</name>
         <load_address>0x12b18</load_address>
         <run_address>0x12b18</run_address>
         <size>0x14</size>
         <input_file_ref idref="fl-15"/>
      </object_component>
      <object_component id="oc-23e">
         <name>.const:.string</name>
         <load_address>0x12b2c</load_address>
         <run_address>0x12b2c</run_address>
         <size>0x12</size>
         <input_file_ref idref="fl-55"/>
      </object_component>
      <object_component id="oc-433">
         <name>.const:.string</name>
         <load_address>0x12b40</load_address>
         <run_address>0x12b40</run_address>
         <size>0x12</size>
         <input_file_ref idref="fl-56"/>
      </object_component>
      <object_component id="oc-347">
         <name>.const:g_sUSBEventDriver</name>
         <load_address>0x12b54</load_address>
         <run_address>0x12b54</run_address>
         <size>0x10</size>
         <input_file_ref idref="fl-4"/>
      </object_component>
      <object_component id="oc-344">
         <name>.const:g_sUSBHostMSCClassDriver</name>
         <load_address>0x12b64</load_address>
         <run_address>0x12b64</run_address>
         <size>0x10</size>
         <input_file_ref idref="fl-3e"/>
      </object_component>
      <object_component id="oc-15a">
         <name>.const:g_ui32UARTBase</name>
         <load_address>0x12b74</load_address>
         <run_address>0x12b74</run_address>
         <size>0xc</size>
         <input_file_ref idref="fl-55"/>
      </object_component>
      <object_component id="oc-154">
         <name>.const:g_ui32UARTPeriph</name>
         <load_address>0x12b80</load_address>
         <run_address>0x12b80</run_address>
         <size>0xc</size>
         <input_file_ref idref="fl-55"/>
      </object_component>
      <object_component id="oc-19f">
         <name>.const:g_ppHostClassDrivers</name>
         <load_address>0x12b8c</load_address>
         <run_address>0x12b8c</run_address>
         <size>0x8</size>
         <input_file_ref idref="fl-4"/>
      </object_component>
      <object_component id="oc-136">
         <name>.const:g_pui32VCOFrequencies</name>
         <load_address>0x12b94</load_address>
         <run_address>0x12b94</run_address>
         <size>0x8</size>
         <input_file_ref idref="fl-1d"/>
      </object_component>
      <object_component id="oc-13e">
         <name>.const</name>
         <load_address>0x12b9c</load_address>
         <run_address>0x12b9c</run_address>
         <size>0x8</size>
         <input_file_ref idref="fl-12"/>
      </object_component>
      <object_component id="oc-1e4">
         <name>.const</name>
         <load_address>0x12ba4</load_address>
         <run_address>0x12ba4</run_address>
         <size>0x8</size>
         <input_file_ref idref="fl-14"/>
      </object_component>
      <object_component id="oc-1d9">
         <name>.const</name>
         <load_address>0x12bac</load_address>
         <run_address>0x12bac</run_address>
         <size>0x8</size>
         <input_file_ref idref="fl-1b"/>
      </object_component>
      <object_component id="oc-14c">
         <name>.const</name>
         <load_address>0x12bb4</load_address>
         <run_address>0x12bb4</run_address>
         <size>0x8</size>
         <input_file_ref idref="fl-21"/>
      </object_component>
      <object_component id="oc-162">
         <name>.const</name>
         <load_address>0x12bbc</load_address>
         <run_address>0x12bbc</run_address>
         <size>0x4</size>
         <input_file_ref idref="fl-55"/>
      </object_component>
      <object_component id="oc-19c">
         <name>.const</name>
         <load_address>0x12bc0</load_address>
         <run_address>0x12bc0</run_address>
         <size>0x4</size>
         <input_file_ref idref="fl-4"/>
      </object_component>
      <object_component id="oc-32b">
         <name>.const</name>
         <load_address>0x12bc4</load_address>
         <run_address>0x12bc4</run_address>
         <size>0x4</size>
         <input_file_ref idref="fl-56"/>
      </object_component>
      <object_component id="oc-4f1">
         <name>.cinit..data.load</name>
         <load_address>0x12bc8</load_address>
         <run_address>0x12bc8</run_address>
         <size>0x38</size>
      </object_component>
      <object_component id="oc-4f2">
         <name>.cinit..bss.load</name>
         <load_address>0x12c00</load_address>
         <run_address>0x12c00</run_address>
         <size>0xb</size>
      </object_component>
      <object_component id="oc-4f0">
         <name>.cinit..vtable.load</name>
         <load_address>0x12c10</load_address>
         <run_address>0x12c10</run_address>
         <size>0xb</size>
      </object_component>
      <object_component id="oc-4ee">
         <name>__TI_handler_table</name>
         <load_address>0x12c1c</load_address>
         <run_address>0x12c1c</run_address>
         <size>0x8</size>
      </object_component>
      <object_component id="oc-4ef">
         <name>__TI_cinit_table</name>
         <load_address>0x12c24</load_address>
         <run_address>0x12c24</run_address>
         <size>0x18</size>
      </object_component>
      <object_component id="oc-1b6">
         <name>.vtable</name>
         <uninitialized>true</uninitialized>
         <run_address>0x20000000</run_address>
         <size>0x26c</size>
         <input_file_ref idref="fl-15"/>
      </object_component>
      <object_component id="oc-c0">
         <name>.data</name>
         <load_address>0x200002e0</load_address>
         <run_address>0x200002e0</run_address>
         <size>0x8</size>
         <input_file_ref idref="fl-2"/>
      </object_component>
      <object_component id="oc-1a2">
         <name>.data</name>
         <load_address>0x200002f0</load_address>
         <run_address>0x200002f0</run_address>
         <size>0x8</size>
         <input_file_ref idref="fl-4"/>
      </object_component>
      <object_component id="oc-478">
         <name>.data</name>
         <load_address>0x200002e8</load_address>
         <run_address>0x200002e8</run_address>
         <size>0x8</size>
         <input_file_ref idref="fl-32"/>
      </object_component>
      <object_component id="oc-321">
         <name>.data:g_sUSBHMSCDevice</name>
         <load_address>0x2000026c</load_address>
         <run_address>0x2000026c</run_address>
         <size>0x1c</size>
         <input_file_ref idref="fl-3e"/>
      </object_component>
      <object_component id="oc-2d1">
         <name>.data</name>
         <load_address>0x200002a0</load_address>
         <run_address>0x200002a0</run_address>
         <size>0x14</size>
         <input_file_ref idref="fl-3f"/>
      </object_component>
      <object_component id="oc-307">
         <name>.data:g_sUSBHEP0State</name>
         <load_address>0x20000288</load_address>
         <run_address>0x20000288</run_address>
         <size>0x18</size>
         <input_file_ref idref="fl-3f"/>
      </object_component>
      <object_component id="oc-2ef">
         <name>.data</name>
         <load_address>0x200002cc</load_address>
         <run_address>0x200002cc</run_address>
         <size>0x9</size>
         <input_file_ref idref="fl-45"/>
      </object_component>
      <object_component id="oc-2f5">
         <name>.data</name>
         <load_address>0x200002c0</load_address>
         <run_address>0x200002c0</run_address>
         <size>0xc</size>
         <input_file_ref idref="fl-47"/>
      </object_component>
      <object_component id="oc-157">
         <name>.data</name>
         <load_address>0x200002f8</load_address>
         <run_address>0x200002f8</run_address>
         <size>0x5</size>
         <input_file_ref idref="fl-55"/>
      </object_component>
      <object_component id="oc-334">
         <name>.data</name>
         <load_address>0x20000308</load_address>
         <run_address>0x20000308</run_address>
         <size>0x4</size>
         <input_file_ref idref="fl-56"/>
      </object_component>
      <object_component id="oc-3a9">
         <name>.data</name>
         <load_address>0x20000300</load_address>
         <run_address>0x20000300</run_address>
         <size>0x4</size>
         <input_file_ref idref="fl-11d"/>
      </object_component>
      <object_component id="oc-110">
         <name>.data:$O1$$</name>
         <load_address>0x200002b4</load_address>
         <run_address>0x200002b4</run_address>
         <size>0xc</size>
         <input_file_ref idref="fl-11e"/>
      </object_component>
      <object_component id="oc-80">
         <name>.data</name>
         <load_address>0x20000304</load_address>
         <run_address>0x20000304</run_address>
         <size>0x4</size>
         <input_file_ref idref="fl-134"/>
      </object_component>
      <object_component id="oc-113">
         <name>.data:$O1$$</name>
         <load_address>0x200002d8</load_address>
         <run_address>0x200002d8</run_address>
         <size>0x8</size>
         <input_file_ref idref="fl-13d"/>
      </object_component>
      <object_component id="oc-199">
         <name>.bss:g_sFatFs</name>
         <uninitialized>true</uninitialized>
         <run_address>0x20001000</run_address>
         <size>0x234</size>
         <input_file_ref idref="fl-4"/>
      </object_component>
      <object_component id="oc-1a8">
         <name>.bss:g_sFileObject</name>
         <uninitialized>true</uninitialized>
         <run_address>0x20001234</run_address>
         <size>0x224</size>
         <input_file_ref idref="fl-4"/>
      </object_component>
      <object_component id="oc-1ab">
         <name>.bss:pcFilename$1</name>
         <uninitialized>true</uninitialized>
         <run_address>0x200016cc</run_address>
         <size>0x10</size>
         <input_file_ref idref="fl-4"/>
      </object_component>
      <object_component id="oc-1af">
         <name>.bss:pcBuf$2</name>
         <uninitialized>true</uninitialized>
         <run_address>0x20001458</run_address>
         <size>0x100</size>
         <input_file_ref idref="fl-4"/>
      </object_component>
      <object_component id="oc-16e">
         <name>.bss:g_pui8OversampleFactor</name>
         <uninitialized>true</uninitialized>
         <run_address>0x200016f4</run_address>
         <size>0x4</size>
         <input_file_ref idref="fl-5"/>
      </object_component>
      <object_component id="oc-2b3">
         <name>.bss:FatFs</name>
         <uninitialized>true</uninitialized>
         <run_address>0x20000bfc</run_address>
         <size>0x4</size>
         <input_file_ref idref="fl-26"/>
      </object_component>
      <object_component id="oc-2b6">
         <name>.bss</name>
         <uninitialized>true</uninitialized>
         <run_address>0x20001710</run_address>
         <size>0x2</size>
         <input_file_ref idref="fl-26"/>
      </object_component>
      <object_component id="oc-47e">
         <name>.bss:g_pui8DataBufferIn</name>
         <uninitialized>true</uninitialized>
         <run_address>0x20001644</run_address>
         <size>0x40</size>
         <input_file_ref idref="fl-32"/>
      </object_component>
      <object_component id="oc-47b">
         <name>.bss</name>
         <uninitialized>true</uninitialized>
         <run_address>0x200016f8</run_address>
         <size>0x4</size>
         <input_file_ref idref="fl-32"/>
      </object_component>
      <object_component id="oc-3d4">
         <name>.bss:g_sRootHub</name>
         <uninitialized>true</uninitialized>
         <run_address>0x20001558</run_address>
         <size>0x9c</size>
         <input_file_ref idref="fl-3d"/>
      </object_component>
      <object_component id="oc-3d7">
         <name>.bss</name>
         <uninitialized>true</uninitialized>
         <run_address>0x200016ec</run_address>
         <size>0x8</size>
         <input_file_ref idref="fl-3d"/>
      </object_component>
      <object_component id="oc-2f2">
         <name>.bss</name>
         <uninitialized>true</uninitialized>
         <run_address>0x200016fc</run_address>
         <size>0x4</size>
         <input_file_ref idref="fl-3f"/>
      </object_component>
      <object_component id="oc-2ec">
         <name>.bss:g_pi32USBHActiveDriver</name>
         <uninitialized>true</uninitialized>
         <run_address>0x20000bdc</run_address>
         <size>0x18</size>
         <input_file_ref idref="fl-3f"/>
      </object_component>
      <object_component id="oc-304">
         <name>.bss:g_ppvDriverInstance</name>
         <uninitialized>true</uninitialized>
         <run_address>0x20001684</run_address>
         <size>0x18</size>
         <input_file_ref idref="fl-3f"/>
      </object_component>
      <object_component id="oc-2c5">
         <name>.bss:g_sUSBHCD</name>
         <uninitialized>true</uninitialized>
         <run_address>0x20000400</run_address>
         <size>0x6cc</size>
         <input_file_ref idref="fl-3f"/>
      </object_component>
      <object_component id="oc-2c8">
         <name>.bss:g_pui32Alloc</name>
         <uninitialized>true</uninitialized>
         <run_address>0x20000bf4</run_address>
         <size>0x8</size>
         <input_file_ref idref="fl-3f"/>
      </object_component>
      <object_component id="oc-3e6">
         <name>.bss:g_psUSBDMAInst</name>
         <uninitialized>true</uninitialized>
         <run_address>0x20000acc</run_address>
         <size>0x110</size>
         <input_file_ref idref="fl-43"/>
      </object_component>
      <object_component id="oc-409">
         <name>.bss</name>
         <uninitialized>true</uninitialized>
         <run_address>0x20001700</run_address>
         <size>0x4</size>
         <input_file_ref idref="fl-45"/>
      </object_component>
      <object_component id="oc-d3">
         <name>.common:currentFile</name>
         <uninitialized>true</uninitialized>
         <run_address>0x20001704</run_address>
         <size>0x4</size>
      </object_component>
      <object_component id="oc-c3">
         <name>.common:udmaCtrlTable</name>
         <uninitialized>true</uninitialized>
         <run_address>0x20000c00</run_address>
         <size>0x400</size>
      </object_component>
      <object_component id="oc-cc">
         <name>.common:ADC_OUT</name>
         <uninitialized>true</uninitialized>
         <run_address>0x200016dc</run_address>
         <size>0x10</size>
      </object_component>
      <object_component id="oc-1a5">
         <name>.common:g_iState</name>
         <uninitialized>true</uninitialized>
         <run_address>0x20001713</run_address>
         <size>0x1</size>
      </object_component>
      <object_component id="oc-40c">
         <name>.common:g_psDCDInst</name>
         <uninitialized>true</uninitialized>
         <run_address>0x200015f4</run_address>
         <size>0x50</size>
      </object_component>
      <object_component id="oc-477">
         <name>.common:g_ppsDevInfo</name>
         <uninitialized>true</uninitialized>
         <run_address>0x20001708</run_address>
         <size>0x4</size>
      </object_component>
      <object_component id="oc-408">
         <name>.common:g_ui32PollRate</name>
         <uninitialized>true</uninitialized>
         <run_address>0x2000170c</run_address>
         <size>0x4</size>
      </object_component>
      <object_component id="oc-40f">
         <name>.common:g_eOTGModeState</name>
         <uninitialized>true</uninitialized>
         <run_address>0x20001712</run_address>
         <size>0x1</size>
      </object_component>
      <object_component id="oc-3eb">
         <name>.common:g_pfnTickHandlers</name>
         <uninitialized>true</uninitialized>
         <run_address>0x2000169c</run_address>
         <size>0x18</size>
      </object_component>
      <object_component id="oc-3ee">
         <name>.common:g_pvTickInstance</name>
         <uninitialized>true</uninitialized>
         <run_address>0x200016b4</run_address>
         <size>0x18</size>
      </object_component>
      <object_component id="oc-2b">
         <name>.sysmem</name>
         <uninitialized>true</uninitialized>
         <run_address>0x20000310</run_address>
         <size>0x8</size>
         <input_file_ref idref="fl-12c"/>
      </object_component>
      <object_component id="oc-4f4">
         <name>.sysmem</name>
         <uninitialized>true</uninitialized>
         <run_address>0x20000310</run_address>
         <size>0x0</size>
      </object_component>
      <object_component id="oc-2a">
         <name>.stack</name>
         <uninitialized>true</uninitialized>
         <run_address>0x20001714</run_address>
         <size>0x0</size>
         <input_file_ref idref="fl-117"/>
      </object_component>
      <object_component id="oc-4f3">
         <name>.stack</name>
         <uninitialized>true</uninitialized>
         <run_address>0x20001714</run_address>
         <size>0x0</size>
      </object_component>
      <object_component id="oc-c4">
         <name>.debug_info</name>
         <load_address>0x0</load_address>
         <run_address>0x0</run_address>
         <size>0xe35</size>
         <input_file_ref idref="fl-2"/>
      </object_component>
      <object_component id="oc-c1">
         <name>.debug_info</name>
         <load_address>0xe35</load_address>
         <run_address>0xe35</run_address>
         <size>0xf8</size>
         <input_file_ref idref="fl-2"/>
      </object_component>
      <object_component id="oc-35">
         <name>.debug_info</name>
         <load_address>0xf2d</load_address>
         <run_address>0xf2d</run_address>
         <size>0xff9</size>
         <input_file_ref idref="fl-2"/>
      </object_component>
      <object_component id="oc-da">
         <name>.debug_info</name>
         <load_address>0x1f26</load_address>
         <run_address>0x1f26</run_address>
         <size>0x86</size>
         <input_file_ref idref="fl-2"/>
      </object_component>
      <object_component id="oc-245">
         <name>.debug_info</name>
         <load_address>0x1fac</load_address>
         <run_address>0x1fac</run_address>
         <size>0x86</size>
         <input_file_ref idref="fl-2"/>
      </object_component>
      <object_component id="oc-1d1">
         <name>.debug_info</name>
         <load_address>0x2032</load_address>
         <run_address>0x2032</run_address>
         <size>0x186</size>
         <input_file_ref idref="fl-2"/>
      </object_component>
      <object_component id="oc-df">
         <name>.debug_info</name>
         <load_address>0x21b8</load_address>
         <run_address>0x21b8</run_address>
         <size>0x8b</size>
         <input_file_ref idref="fl-2"/>
      </object_component>
      <object_component id="oc-d5">
         <name>.debug_info</name>
         <load_address>0x2243</load_address>
         <run_address>0x2243</run_address>
         <size>0x18b</size>
         <input_file_ref idref="fl-2"/>
      </object_component>
      <object_component id="oc-f6">
         <name>.debug_info</name>
         <load_address>0x23ce</load_address>
         <run_address>0x23ce</run_address>
         <size>0x2c</size>
         <input_file_ref idref="fl-2"/>
      </object_component>
      <object_component id="oc-167">
         <name>.debug_info</name>
         <load_address>0x23fa</load_address>
         <run_address>0x23fa</run_address>
         <size>0x4e</size>
         <input_file_ref idref="fl-2"/>
      </object_component>
      <object_component id="oc-3c">
         <name>.debug_info</name>
         <load_address>0x2448</load_address>
         <run_address>0x2448</run_address>
         <size>0x1a3</size>
         <input_file_ref idref="fl-3"/>
      </object_component>
      <object_component id="oc-10">
         <name>.debug_info</name>
         <load_address>0x25eb</load_address>
         <run_address>0x25eb</run_address>
         <size>0xf0</size>
         <input_file_ref idref="fl-3"/>
      </object_component>
      <object_component id="oc-2f">
         <name>.debug_info</name>
         <load_address>0x26db</load_address>
         <run_address>0x26db</run_address>
         <size>0x26c</size>
         <input_file_ref idref="fl-3"/>
      </object_component>
      <object_component id="oc-ee">
         <name>.debug_info</name>
         <load_address>0x2947</load_address>
         <run_address>0x2947</run_address>
         <size>0x84</size>
         <input_file_ref idref="fl-3"/>
      </object_component>
      <object_component id="oc-1a6">
         <name>.debug_info</name>
         <load_address>0x29cb</load_address>
         <run_address>0x29cb</run_address>
         <size>0x6c8</size>
         <input_file_ref idref="fl-4"/>
      </object_component>
      <object_component id="oc-1ad">
         <name>.debug_info</name>
         <load_address>0x3093</load_address>
         <run_address>0x3093</run_address>
         <size>0xe9</size>
         <input_file_ref idref="fl-4"/>
      </object_component>
      <object_component id="oc-19a">
         <name>.debug_info</name>
         <load_address>0x317c</load_address>
         <run_address>0x317c</run_address>
         <size>0xd7</size>
         <input_file_ref idref="fl-4"/>
      </object_component>
      <object_component id="oc-1a9">
         <name>.debug_info</name>
         <load_address>0x3253</load_address>
         <run_address>0x3253</run_address>
         <size>0xe1</size>
         <input_file_ref idref="fl-4"/>
      </object_component>
      <object_component id="oc-1a3">
         <name>.debug_info</name>
         <load_address>0x3334</load_address>
         <run_address>0x3334</run_address>
         <size>0x10c</size>
         <input_file_ref idref="fl-4"/>
      </object_component>
      <object_component id="oc-348">
         <name>.debug_info</name>
         <load_address>0x3440</load_address>
         <run_address>0x3440</run_address>
         <size>0xea</size>
         <input_file_ref idref="fl-4"/>
      </object_component>
      <object_component id="oc-1a0">
         <name>.debug_info</name>
         <load_address>0x352a</load_address>
         <run_address>0x352a</run_address>
         <size>0xef</size>
         <input_file_ref idref="fl-4"/>
      </object_component>
      <object_component id="oc-19d">
         <name>.debug_info</name>
         <load_address>0x3619</load_address>
         <run_address>0x3619</run_address>
         <size>0xf9</size>
         <input_file_ref idref="fl-4"/>
      </object_component>
      <object_component id="oc-b4">
         <name>.debug_info</name>
         <load_address>0x3712</load_address>
         <run_address>0x3712</run_address>
         <size>0x8fd</size>
         <input_file_ref idref="fl-4"/>
      </object_component>
      <object_component id="oc-1b1">
         <name>.debug_info</name>
         <load_address>0x400f</load_address>
         <run_address>0x400f</run_address>
         <size>0x4c5</size>
         <input_file_ref idref="fl-4"/>
      </object_component>
      <object_component id="oc-355">
         <name>.debug_info</name>
         <load_address>0x44d4</load_address>
         <run_address>0x44d4</run_address>
         <size>0x56</size>
         <input_file_ref idref="fl-4"/>
      </object_component>
      <object_component id="oc-35e">
         <name>.debug_info</name>
         <load_address>0x452a</load_address>
         <run_address>0x452a</run_address>
         <size>0xa2d</size>
         <input_file_ref idref="fl-4"/>
      </object_component>
      <object_component id="oc-359">
         <name>.debug_info</name>
         <load_address>0x4f57</load_address>
         <run_address>0x4f57</run_address>
         <size>0xa9</size>
         <input_file_ref idref="fl-4"/>
      </object_component>
      <object_component id="oc-425">
         <name>.debug_info</name>
         <load_address>0x5000</load_address>
         <run_address>0x5000</run_address>
         <size>0x129</size>
         <input_file_ref idref="fl-4"/>
      </object_component>
      <object_component id="oc-350">
         <name>.debug_info</name>
         <load_address>0x5129</load_address>
         <run_address>0x5129</run_address>
         <size>0x42</size>
         <input_file_ref idref="fl-4"/>
      </object_component>
[...]
      <symbol id="sm-1190">
         <name>USBHSCSIRead10</name>
         <value>0x1054d</value>
         <object_component_ref idref="oc-31b"/>
      </symbol>
      <symbol id="sm-1191">
         <name>USBHSCSIWrite10</name>
         <value>0x105d9</value>
         <object_component_ref idref="oc-31b"/>
      </symbol>
      <symbol id="sm-1192">
         <name>USBHSCSIReadCapacity</name>
         <value>0x1039d</value>
         <object_component_ref idref="oc-31b"/>
      </symbol>
      <symbol id="sm-1193">
         <name>USBHSCSIRequestSense</name>
         <value>0x104f1</value>
         <object_component_ref idref="oc-31b"/>
      </symbol>
      <symbol id="sm-11bd">
         <name>USBDescGetInterfaceEndpoint</name>
         <value>0x113bb</value>
         <object_component_ref idref="oc-2f8"/>
      </symbol>
      <symbol id="sm-11be">
         <name>USBDescGetInterface</name>
         <value>0x1138d</value>
         <object_component_ref idref="oc-2f8"/>
      </symbol>
      <symbol id="sm-11bf">
         <name>USBDescGet</name>
         <value>0x11269</value>
         <object_component_ref idref="oc-2f8"/>
      </symbol>
      <symbol id="sm-11c0">
         <name>USBDescGetNum</name>
         <value>0x1120d</value>
         <object_component_ref idref="oc-2f8"/>
      </symbol>
      <symbol id="sm-11c1">
         <name>USBDescGetNumAlternateInterfaces</name>
         <value>0x112d3</value>
         <object_component_ref idref="oc-2f8"/>
      </symbol>
      <symbol id="sm-128d">
         <name>USBLibDMASizeGet</name>
         <value>0xab57</value>
         <object_component_ref idref="oc-2da"/>
      </symbol>
      <symbol id="sm-128e">
         <name>USBLibDMAAddrGet</name>
         <value>0xab3f</value>
         <object_component_ref idref="oc-2da"/>
      </symbol>
      <symbol id="sm-128f">
         <name>USBLibDMAInit</name>
         <value>0xab6f</value>
         <object_component_ref idref="oc-2da"/>
      </symbol>
      <symbol id="sm-12f8">
         <name>g_ui32PollRate</name>
         <value>0x2000170c</value>
      </symbol>
      <symbol id="sm-12f9">
         <name>g_eOTGModeState</name>
         <value>0x20001712</value>
      </symbol>
      <symbol id="sm-12fa">
         <name>USBOTGModeTerm</name>
         <value>0xf459</value>
         <object_component_ref idref="oc-2fe"/>
      </symbol>
      <symbol id="sm-12fb">
         <name>USB0DualModeIntHandler</name>
         <value>0xf38d</value>
         <object_component_ref idref="oc-2fe"/>
      </symbol>
      <symbol id="sm-12fc">
         <name>USBOTGMain</name>
         <value>0xf669</value>
         <object_component_ref idref="oc-2fe"/>
      </symbol>
      <symbol id="sm-12fd">
         <name>USB0OTGModeIntHandler</name>
         <value>0xf561</value>
         <object_component_ref idref="oc-2fe"/>
      </symbol>
      <symbol id="sm-12fe">
         <name>USBDualModeInit</name>
         <value>0xf3d9</value>
         <object_component_ref idref="oc-2fe"/>
      </symbol>
      <symbol id="sm-12ff">
         <name>USBDualModeTerm</name>
         <value>0xf437</value>
         <object_component_ref idref="oc-2fe"/>
      </symbol>
      <symbol id="sm-1300">
         <name>g_iUSBMode</name>
         <value>0x200002cc</value>
         <object_component_ref idref="oc-2ef"/>
      </symbol>
      <symbol id="sm-1301">
         <name>USBOTGModeInit</name>
         <value>0xf481</value>
         <object_component_ref idref="oc-2fe"/>
      </symbol>
      <symbol id="sm-1302">
         <name>USBStackModeSet</name>
         <value>0xf351</value>
         <object_component_ref idref="oc-2fe"/>
      </symbol>
      <symbol id="sm-1303">
         <name>g_ui32WaitTicks</name>
         <value>0x200002d0</value>
         <object_component_ref idref="oc-2ef"/>
      </symbol>
      <symbol id="sm-1304">
         <name>USBOTGPollRate</name>
         <value>0xf53f</value>
         <object_component_ref idref="oc-2fe"/>
      </symbol>
      <symbol id="sm-1305">
         <name>OTGDeviceDisconnect</name>
         <value>0xf649</value>
         <object_component_ref idref="oc-2fe"/>
      </symbol>
      <symbol id="sm-1306">
         <name>USBOTGFeatureSet</name>
         <value>0xf705</value>
         <object_component_ref idref="oc-2fe"/>
      </symbol>
      <symbol id="sm-1330">
         <name>g_pfnTickHandlers</name>
         <value>0x2000169c</value>
      </symbol>
      <symbol id="sm-1331">
         <name>g_pvTickInstance</name>
         <value>0x200016b4</value>
      </symbol>
      <symbol id="sm-1332">
         <name>g_ui32USBSOFCount</name>
         <value>0x200002c8</value>
         <object_component_ref idref="oc-2f5"/>
      </symbol>
      <symbol id="sm-1333">
         <name>InternalUSBTickReset</name>
         <value>0x11903</value>
         <object_component_ref idref="oc-2e0"/>
      </symbol>
      <symbol id="sm-1334">
         <name>g_bUSBTimerInitialized</name>
         <value>0x200002c0</value>
         <object_component_ref idref="oc-2f5"/>
      </symbol>
      <symbol id="sm-1335">
         <name>g_ui32CurrentUSBTick</name>
         <value>0x200002c4</value>
         <object_component_ref idref="oc-2f5"/>
      </symbol>
      <symbol id="sm-1336">
         <name>InternalUSBStartOfFrameTick</name>
         <value>0x1195b</value>
         <object_component_ref idref="oc-2e0"/>
      </symbol>
      <symbol id="sm-1337">
         <name>InternalUSBRegisterTickHandler</name>
         <value>0x1190b</value>
         <object_component_ref idref="oc-2e0"/>
      </symbol>
      <symbol id="sm-1338">
         <name>InternalUSBTickInit</name>
         <value>0x118c5</value>
         <object_component_ref idref="oc-2e0"/>
      </symbol>
      <symbol id="sm-1345">
         <name>ULPIPowerTransceiver</name>
         <value>0x11b31</value>
         <object_component_ref idref="oc-2e6"/>
      </symbol>
      <symbol id="sm-1346">
         <name>ULPIConfigSet</name>
         <value>0x11a8f</value>
         <object_component_ref idref="oc-2e6"/>
      </symbol>
      <symbol id="sm-13c1">
         <name>UARTgetc</name>
         <value>0xef7b</value>
         <object_component_ref idref="oc-9b"/>
      </symbol>
      <symbol id="sm-13c2">
         <name>UARTgets</name>
         <value>0xeec1</value>
         <object_component_ref idref="oc-9b"/>
      </symbol>
      <symbol id="sm-13c3">
         <name>UARTStdioConfig</name>
         <value>0xee35</value>
         <object_component_ref idref="oc-9b"/>
      </symbol>
      <symbol id="sm-13c4">
         <name>UARTwrite</name>
         <value>0xee7b</value>
         <object_component_ref idref="oc-9b"/>
      </symbol>
      <symbol id="sm-13c5">
         <name>UARTprintf</name>
         <value>0xf29b</value>
         <object_component_ref idref="oc-9b"/>
      </symbol>
      <symbol id="sm-13c6">
         <name>UARTvprintf</name>
         <value>0xefa1</value>
         <object_component_ref idref="oc-9b"/>
      </symbol>
      <symbol id="sm-14a6">
         <name>uvsnprintf</name>
         <value>0xad79</value>
         <object_component_ref idref="oc-18d"/>
      </symbol>
      <symbol id="sm-14a7">
         <name>ustrncasecmp</name>
         <value>0xb841</value>
         <object_component_ref idref="oc-18d"/>
      </symbol>
      <symbol id="sm-14a8">
         <name>ustrncpy</name>
         <value>0xad21</value>
         <object_component_ref idref="oc-18d"/>
      </symbol>
      <symbol id="sm-14a9">
         <name>ustrlen</name>
         <value>0xb7e9</value>
         <object_component_ref idref="oc-18d"/>
      </symbol>
      <symbol id="sm-14aa">
         <name>ulocaltime</name>
         <value>0xb205</value>
         <object_component_ref idref="oc-18d"/>
      </symbol>
      <symbol id="sm-14ab">
         <name>ustrtof</name>
         <value>0xb5b1</value>
         <object_component_ref idref="oc-18d"/>
      </symbol>
      <symbol id="sm-14ac">
         <name>ustrstr</name>
         <value>0xb80b</value>
         <object_component_ref idref="oc-18d"/>
      </symbol>
      <symbol id="sm-14ad">
         <name>ustrcmp</name>
         <value>0xb959</value>
         <object_component_ref idref="oc-18d"/>
      </symbol>
      <symbol id="sm-14ae">
         <name>usprintf</name>
         <value>0xb1a3</value>
         <object_component_ref idref="oc-18d"/>
      </symbol>
      <symbol id="sm-14af">
         <name>usnprintf</name>
         <value>0xb1d5</value>
         <object_component_ref idref="oc-18d"/>
      </symbol>
      <symbol id="sm-14b0">
         <name>ustrtoul</name>
         <value>0xb479</value>
         <object_component_ref idref="oc-18d"/>
      </symbol>
      <symbol id="sm-14b1">
         <name>ustrcasecmp</name>
         <value>0xb8e5</value>
         <object_component_ref idref="oc-18d"/>
      </symbol>
      <symbol id="sm-14b2">
         <name>umktime</name>
         <value>0xb403</value>
         <object_component_ref idref="oc-18d"/>
      </symbol>
      <symbol id="sm-14b3">
         <name>usrand</name>
         <value>0xb96d</value>
         <object_component_ref idref="oc-18d"/>
      </symbol>
      <symbol id="sm-14b4">
         <name>ustrncmp</name>
         <value>0xb8f9</value>
         <object_component_ref idref="oc-18d"/>
      </symbol>
      <symbol id="sm-14b5">
         <name>urand</name>
         <value>0xb97d</value>
         <object_component_ref idref="oc-18d"/>
      </symbol>
      <symbol id="sm-14c7">
         <name>_c_int00</name>
         <value>0x11fcd</value>
         <object_component_ref idref="oc-24"/>
      </symbol>
      <symbol id="sm-14c8">
         <name>__stack</name>
         <value>0x20001714</value>
         <object_component_ref idref="oc-2a"/>
      </symbol>
      <symbol id="sm-14df">
         <name>__TI_decompress_none</name>
         <value>0x12289</value>
         <object_component_ref idref="oc-12"/>
      </symbol>
      <symbol id="sm-1502">
         <name>__TI_decompress_rle24</name>
         <value>0x122a9</value>
         <object_component_ref idref="oc-18"/>
      </symbol>
      <symbol id="sm-150d">
         <name>errno</name>
         <value>0x20000300</value>
         <object_component_ref idref="oc-3a9"/>
      </symbol>
      <symbol id="sm-152e">
         <name>C$$EXIT</name>
         <value>0x12021</value>
         <object_component_ref idref="oc-7a"/>
      </symbol>
      <symbol id="sm-152f">
         <name>abort</name>
         <value>0x12025</value>
         <object_component_ref idref="oc-7a"/>
      </symbol>
      <symbol id="sm-1530">
         <name>exit</name>
         <value>0x1202d</value>
         <object_component_ref idref="oc-7a"/>
      </symbol>
      <symbol id="sm-1531">
         <name>__TI_dtors_ptr</name>
         <value>0x200002b8</value>
         <object_component_ref idref="oc-110"/>
      </symbol>
      <symbol id="sm-1532">
         <name>__TI_cleanup_ptr</name>
         <value>0x200002b4</value>
         <object_component_ref idref="oc-110"/>
      </symbol>
      <symbol id="sm-1533">
         <name>__TI_enable_exit_profile_output</name>
         <value>0x200002bc</value>
         <object_component_ref idref="oc-110"/>
      </symbol>
      <symbol id="sm-154a">
         <name>__aeabi_dsub</name>
         <value>0x113df</value>
         <object_component_ref idref="oc-277"/>
      </symbol>
      <symbol id="sm-154b">
         <name>__aeabi_dadd</name>
         <value>0x113e9</value>
         <object_component_ref idref="oc-277"/>
      </symbol>
      <symbol id="sm-156d">
         <name>__aeabi_cdcmpeq</name>
         <value>0x11bf3</value>
         <object_component_ref idref="oc-253"/>
      </symbol>
      <symbol id="sm-156e">
         <name>__aeabi_cdcmple</name>
         <value>0x11bf3</value>
         <object_component_ref idref="oc-253"/>
      </symbol>
      <symbol id="sm-156f">
         <name>__aeabi_cdrcmple</name>
         <value>0x11c79</value>
         <object_component_ref idref="oc-262"/>
      </symbol>
      <symbol id="sm-1583">
         <name>__aeabi_ddiv</name>
         <value>0x11595</value>
         <object_component_ref idref="oc-25d"/>
      </symbol>
      <symbol id="sm-158e">
         <name>__aeabi_dmul</name>
         <value>0x116cb</value>
         <object_component_ref idref="oc-258"/>
      </symbol>
      <symbol id="sm-159d">
         <name>__aeabi_i2d</name>
         <value>0x121d3</value>
         <object_component_ref idref="oc-272"/>
      </symbol>
      <symbol id="sm-15bf">
         <name>memcpy</name>
         <value>0x11b57</value>
         <object_component_ref idref="oc-3d"/>
      </symbol>
      <symbol id="sm-15c0">
         <name>__aeabi_memcpy</name>
         <value>0x11b57</value>
         <object_component_ref idref="oc-3d"/>
      </symbol>
      <symbol id="sm-15c1">
         <name>__aeabi_memcpy8</name>
         <value>0x11b57</value>
         <object_component_ref idref="oc-3d"/>
      </symbol>
      <symbol id="sm-15c2">
         <name>__aeabi_memcpy4</name>
         <value>0x11b57</value>
         <object_component_ref idref="oc-3d"/>
      </symbol>
      <symbol id="sm-15d7">
         <name>_sys_memory</name>
         <value>0x20000310</value>
         <object_component_ref idref="oc-2b"/>
      </symbol>
      <symbol id="sm-15e6">
         <name>__aeabi_memset</name>
         <value>0x11d01</value>
         <object_component_ref idref="oc-56"/>
      </symbol>
      <symbol id="sm-15e7">
         <name>memset</name>
         <value>0x11d07</value>
         <object_component_ref idref="oc-56"/>
      </symbol>
      <symbol id="sm-15e8">
         <name>__aeabi_memset8</name>
         <value>0x11d01</value>
         <object_component_ref idref="oc-56"/>
      </symbol>
      <symbol id="sm-15e9">
         <name>__aeabi_memset4</name>
         <value>0x11d01</value>
         <object_component_ref idref="oc-56"/>
      </symbol>
      <symbol id="sm-15ea">
         <name>__aeabi_memclr8</name>
         <value>0x11cff</value>
         <object_component_ref idref="oc-56"/>
      </symbol>
      <symbol id="sm-15eb">
         <name>__aeabi_memclr4</name>
         <value>0x11cff</value>
         <object_component_ref idref="oc-56"/>
      </symbol>
      <symbol id="sm-15ec">
         <name>__aeabi_memclr</name>
         <value>0x11cff</value>
         <object_component_ref idref="oc-56"/>
      </symbol>
      <symbol id="sm-15f6">
         <name>__mpu_init</name>
         <value>0x117c7</value>
         <object_component_ref idref="oc-62"/>
      </symbol>
      <symbol id="sm-1600">
         <name>_system_pre_init</name>
         <value>0x122af</value>
         <object_component_ref idref="oc-68"/>
      </symbol>
      <symbol id="sm-1617">
         <name>sprintf</name>
         <value>0x11eb9</value>
         <object_component_ref idref="oc-ad"/>
      </symbol>
      <symbol id="sm-161f">
         <name>main_func_sp</name>
         <value>0x20000304</value>
         <object_component_ref idref="oc-80"/>
      </symbol>
      <symbol id="sm-162f">
         <name>strchr</name>
         <value>0x12235</value>
         <object_component_ref idref="oc-288"/>
      </symbol>
      <symbol id="sm-163e">
         <name>strlen</name>
         <value>0x12275</value>
         <object_component_ref idref="oc-193"/>
      </symbol>
      <symbol id="sm-1650">
         <name>__aeabi_uidivmod</name>
         <value>0x12155</value>
         <object_component_ref idref="oc-15d"/>
      </symbol>
      <symbol id="sm-1651">
         <name>__aeabi_uidiv</name>
         <value>0x12155</value>
         <object_component_ref idref="oc-15d"/>
      </symbol>
      <symbol id="sm-166b">
         <name>_nop</name>
         <value>0x1225b</value>
         <object_component_ref idref="oc-204"/>
      </symbol>
      <symbol id="sm-166c">
         <name>_lock</name>
         <value>0x200002d8</value>
         <object_component_ref idref="oc-113"/>
      </symbol>
      <symbol id="sm-166d">
         <name>_unlock</name>
         <value>0x200002dc</value>
         <object_component_ref idref="oc-113"/>
      </symbol>
      <symbol id="sm-166e">
         <name>_register_lock</name>
         <value>0x12253</value>
         <object_component_ref idref="oc-204"/>
      </symbol>
      <symbol id="sm-166f">
         <name>_register_unlock</name>
         <value>0x1224d</value>
         <object_component_ref idref="oc-204"/>
      </symbol>
      <symbol id="sm-1776">
         <name>__TI_printfi</name>
         <value>0x8cd7</value>
         <object_component_ref idref="oc-173"/>
      </symbol>
      <symbol id="sm-178a">
         <name>_args_main</name>
         <value>0x1221d</value>
         <object_component_ref idref="oc-74"/>
      </symbol>
      <symbol id="sm-17a0">
         <name>atoi</name>
         <value>0x12075</value>
         <object_component_ref idref="oc-294"/>
      </symbol>
      <symbol id="sm-17c5">
         <name>__TI_auto_init</name>
         <value>0x11d79</value>
         <object_component_ref idref="oc-6e"/>
      </symbol>
      <symbol id="sm-17df">
         <name>copy_in</name>
         <value>0x120c1</value>
         <object_component_ref idref="oc-100"/>
      </symbol>
      <symbol id="sm-17ea">
         <name>_ctypes_</name>
         <value>0x123d4</value>
         <object_component_ref idref="oc-3b2"/>
      </symbol>
      <symbol id="sm-17f4">
         <name>__aeabi_d2iz</name>
         <value>0x1210d</value>
         <object_component_ref idref="oc-267"/>
      </symbol>
      <symbol id="sm-1800">
         <name>__aeabi_idiv0</name>
         <value>0xe953</value>
         <object_component_ref idref="oc-237"/>
      </symbol>
      <symbol id="sm-1817">
         <name>ltoa</name>
         <value>0x11f75</value>
         <object_component_ref idref="oc-26c"/>
      </symbol>
      <symbol id="sm-1827">
         <name>memccpy</name>
         <value>0x12201</value>
         <object_component_ref idref="oc-28e"/>
      </symbol>
      <symbol id="sm-183d">
         <name>frexpl</name>
         <value>0x11e55</value>
         <object_component_ref idref="oc-27c"/>
      </symbol>
      <symbol id="sm-183e">
         <name>frexp</name>
         <value>0x11e55</value>
         <object_component_ref idref="oc-27c"/>
      </symbol>
      <symbol id="sm-185b">
         <name>scalbn</name>
         <value>0x117c9</value>
         <object_component_ref idref="oc-282"/>
      </symbol>
      <symbol id="sm-185c">
         <name>scalbnl</name>
         <value>0x117c9</value>
         <object_component_ref idref="oc-282"/>
      </symbol>
      <symbol id="sm-185d">
         <name>ldexpl</name>
         <value>0x117c9</value>
         <object_component_ref idref="oc-282"/>
      </symbol>
      <symbol id="sm-185e">
         <name>ldexp</name>
         <value>0x117c9</value>
         <object_component_ref idref="oc-282"/>
      </symbol>
      <symbol id="sm-1869">
         <name>_system_post_cinit</name>
         <value>0x11e53</value>
         <object_component_ref idref="oc-106"/>
      </symbol>
      <symbol id="sm-1886">
         <name>__aeabi_uldivmod</name>
         <value>0x11019</value>
         <object_component_ref idref="oc-24e"/>
      </symbol>
      <symbol id="sm-1891">
         <name>copysign</name>
         <value>0x12261</value>
         <object_component_ref idref="oc-3a3"/>
      </symbol>
      <symbol id="sm-1892">
         <name>copysignl</name>
         <value>0x12261</value>
         <object_component_ref idref="oc-3a3"/>
      </symbol>
      <symbol id="sm-1895">
         <name>__TI_static_base__</name>
         <value>0x0</value>
      </symbol>
      <symbol id="sm-1898">
         <name>SHT$$INIT_ARRAY$$Limit</name>
         <value>0x0</value>
      </symbol>
      <symbol id="sm-1899">
         <name>SHT$$INIT_ARRAY$$Base</name>
         <value>0x0</value>
      </symbol>
   </symbol_table>
   <title>Link successful</title>
</link_info>
