<?xml version="1.0"?>
<link_info>
   <banner>TI ARM Linker Unix v15.12.3.LTS</banner>
   <copyright>Copyright (c) 1996-2015 Texas Instruments Incorporated</copyright>
   <link_time>0x586d3ff1</link_time>
   <link_errors>0x0</link_errors>
   <output_file>EmbeddedFFT.out</output_file>
   <entry_point>
      <name>_c_int00</name>
      <address>0x44b9</address>
   </entry_point>
   <input_file_list>
      <input_file id="fl-2">
         <path>./</path>
         <kind>object</kind>
         <file>fft.obj</file>
         <name>fft.obj</name>
      </input_file>
      <input_file id="fl-3">
         <path>./</path>
         <kind>object</kind>
         <file>fir.obj</file>
         <name>fir.obj</name>
      </input_file>
      <input_file id="fl-4">
         <path>./</path>
         <kind>object</kind>
         <file>fix_fft.obj</file>
         <name>fix_fft.obj</name>
      </input_file>
      <input_file id="fl-5">
         <path>./</path>
         <kind>object</kind>
         <file>main.obj</file>
         <name>main.obj</name>
      </input_file>
      <input_file id="fl-6">
         <path>./</path>
         <kind>object</kind>
         <file>tm4c123gh6pm_startup_ccs.obj</file>
         <name>tm4c123gh6pm_startup_ccs.obj</name>
      </input_file>
      <input_file id="fl-7">
         <path>./</path>
         <kind>object</kind>
         <file>usbstick.obj</file>
         <name>usbstick.obj</name>
      </input_file>
      <input_file id="fl-8">
         <path>./driverlib/</path>
         <kind>object</kind>
         <file>adc.obj</file>
         <name>adc.obj</name>
      </input_file>
      <input_file id="fl-9">
         <path>./driverlib/</path>
         <kind>object</kind>
         <file>aes.obj</file>
         <name>aes.obj</name>
      </input_file>
      <input_file id="fl-a">
         <path>./driverlib/</path>
         <kind>object</kind>
         <file>can.obj</file>
         <name>can.obj</name>
      </input_file>
      <input_file id="fl-b">
         <path>./driverlib/</path>
         <kind>object</kind>
         <file>comp.obj</file>
         <name>comp.obj</name>
      </input_file>
      <input_file id="fl-c">
         <path>./driverlib/</path>
         <kind>object</kind>
         <file>cpu.obj</file>
         <name>cpu.obj</name>
      </input_file>
      <input_file id="fl-d">
         <path>./driverlib/</path>
         <kind>object</kind>
         <file>crc.obj</file>
         <name>crc.obj</name>
      </input_file>
      <input_file id="fl-e">
         <path>./driverlib/</path>
         <kind>object</kind>
         <file>des.obj</file>
         <name>des.obj</name>
      </input_file>
      <input_file id="fl-f">
         <path>./driverlib/</path>
         <kind>object</kind>
         <file>eeprom.obj</file>
         <name>eeprom.obj</name>
      </input_file>
      <input_file id="fl-10">
         <path>./driverlib/</path>
         <kind>object</kind>
         <file>emac.obj</file>
         <name>emac.obj</name>
      </input_file>
      <input_file id="fl-11">
         <path>./driverlib/</path>
         <kind>object</kind>
         <file>epi.obj</file>
         <name>epi.obj</name>
      </input_file>
      <input_file id="fl-12">
         <path>./driverlib/</path>
         <kind>object</kind>
         <file>epi_workaround_ccs.obj</file>
         <name>epi_workaround_ccs.obj</name>
      </input_file>
      <input_file id="fl-13">
         <path>./driverlib/</path>
         <kind>object</kind>
         <file>flash.obj</file>
         <name>flash.obj</name>
      </input_file>
      <input_file id="fl-14">
         <path>./driverlib/</path>
         <kind>object</kind>
         <file>fpu.obj</file>
         <name>fpu.obj</name>
      </input_file>
      <input_file id="fl-15">
         <path>./driverlib/</path>
         <kind>object</kind>
         <file>gpio.obj</file>
         <name>gpio.obj</name>
      </input_file>
      <input_file id="fl-16">
         <path>./driverlib/</path>
         <kind>object</kind>
         <file>hibernate.obj</file>
         <name>hibernate.obj</name>
      </input_file>
      <input_file id="fl-17">
         <path>./driverlib/</path>
         <kind>object</kind>
         <file>i2c.obj</file>
         <name>i2c.obj</name>
      </input_file>
      <input_file id="fl-18">
         <path>./driverlib/</path>
         <kind>object</kind>
         <file>interrupt.obj</file>
         <name>interrupt.obj</name>
      </input_file>
      <input_file id="fl-19">
         <path>./driverlib/</path>
         <kind>object</kind>
         <file>lcd.obj</file>
         <name>lcd.obj</name>
      </input_file>
      <input_file id="fl-1a">
         <path>./driverlib/</path>
         <kind>object</kind>
         <file>mpu.obj</file>
         <name>mpu.obj</name>
      </input_file>
      <input_file id="fl-1b">
         <path>./driverlib/</path>
         <kind>object</kind>
         <file>pwm.obj</file>
         <name>pwm.obj</name>
      </input_file>
      <input_file id="fl-1c">
         <path>./driverlib/</path>
         <kind>object</kind>
         <file>qei.obj</file>
         <name>qei.obj</name>
      </input_file>
      <input_file id="fl-1d">
         <path>./driverlib/</path>
         <kind>object</kind>
         <file>shamd5.obj</file>
         <name>shamd5.obj</name>
      </input_file>
      <input_file id="fl-1e">
         <path>./driverlib/</path>
         <kind>object</kind>
         <file>ssi.obj</file>
         <name>ssi.obj</name>
      </input_file>
      <input_file id="fl-1f">
         <path>./driverlib/</path>
         <kind>object</kind>
         <file>sw_crc.obj</file>
         <name>sw_crc.obj</name>
      </input_file>
      <input_file id="fl-20">
         <path>./driverlib/</path>
         <kind>object</kind>
         <file>sysctl.obj</file>
         <name>sysctl.obj</name>
      </input_file>
      <input_file id="fl-21">
         <path>./driverlib/</path>
         <kind>object</kind>
         <file>sysexc.obj</file>
         <name>sysexc.obj</name>
      </input_file>
      <input_file id="fl-22">
         <path>./driverlib/</path>
         <kind>object</kind>
         <file>systick.obj</file>
         <name>systick.obj</name>
      </input_file>
      <input_file id="fl-23">
         <path>./driverlib/</path>
         <kind>object</kind>
         <file>timer.obj</file>
         <name>timer.obj</name>
      </input_file>
      <input_file id="fl-24">
         <path>./driverlib/</path>
         <kind>object</kind>
         <file>uart.obj</file>
         <name>uart.obj</name>
      </input_file>
      <input_file id="fl-25">
         <path>./driverlib/</path>
         <kind>object</kind>
         <file>udma.obj</file>
         <name>udma.obj</name>
      </input_file>
      <input_file id="fl-26">
         <path>./driverlib/</path>
         <kind>object</kind>
         <file>usb.obj</file>
         <name>usb.obj</name>
      </input_file>
      <input_file id="fl-27">
         <path>./driverlib/</path>
         <kind>object</kind>
         <file>watchdog.obj</file>
         <name>watchdog.obj</name>
      </input_file>
      <input_file id="fl-28">
         <path>./fatfs/src/</path>
         <kind>object</kind>
         <file>diskio.obj</file>
         <name>diskio.obj</name>
      </input_file>
      <input_file id="fl-29">
         <path>./fatfs/src/</path>
         <kind>object</kind>
         <file>ff.obj</file>
         <name>ff.obj</name>
      </input_file>
      <input_file id="fl-2a">
         <path>./fatfs/src/</path>
         <kind>object</kind>
         <file>usbdisk.obj</file>
         <name>usbdisk.obj</name>
      </input_file>
      <input_file id="fl-2b">
         <path>./kiss_fft/</path>
         <kind>object</kind>
         <file>kiss_fft.obj</file>
         <name>kiss_fft.obj</name>
      </input_file>
      <input_file id="fl-2c">
         <path>./kiss_fft/</path>
         <kind>object</kind>
         <file>kiss_fftr.obj</file>
         <name>kiss_fftr.obj</name>
      </input_file>
      <input_file id="fl-2d">
         <path>./library/</path>
         <kind>object</kind>
         <file>usbController.obj</file>
         <name>usbController.obj</name>
      </input_file>
      <input_file id="fl-2e">
         <path>./usblib/device/</path>
         <kind>object</kind>
         <file>usbdaudio.obj</file>
         <name>usbdaudio.obj</name>
      </input_file>
      <input_file id="fl-2f">
         <path>./usblib/device/</path>
         <kind>object</kind>
         <file>usbdbulk.obj</file>
         <name>usbdbulk.obj</name>
      </input_file>
      <input_file id="fl-30">
         <path>./usblib/device/</path>
         <kind>object</kind>
         <file>usbdcdc.obj</file>
         <name>usbdcdc.obj</name>
      </input_file>
      <input_file id="fl-31">
         <path>./usblib/device/</path>
         <kind>object</kind>
         <file>usbdcdesc.obj</file>
         <name>usbdcdesc.obj</name>
      </input_file>
      <input_file id="fl-32">
         <path>./usblib/device/</path>
         <kind>object</kind>
         <file>usbdcomp.obj</file>
         <name>usbdcomp.obj</name>
      </input_file>
      <input_file id="fl-33">
         <path>./usblib/device/</path>
         <kind>object</kind>
         <file>usbdconfig.obj</file>
         <name>usbdconfig.obj</name>
      </input_file>
      <input_file id="fl-34">
         <path>./usblib/device/</path>
         <kind>object</kind>
         <file>usbddfu-rt.obj</file>
         <name>usbddfu-rt.obj</name>
      </input_file>
      <input_file id="fl-35">
         <path>./usblib/device/</path>
         <kind>object</kind>
         <file>usbdenum.obj</file>
         <name>usbdenum.obj</name>
      </input_file>
      <input_file id="fl-36">
         <path>./usblib/device/</path>
         <kind>object</kind>
         <file>usbdhandler.obj</file>
         <name>usbdhandler.obj</name>
      </input_file>
      <input_file id="fl-37">
         <path>./usblib/device/</path>
         <kind>object</kind>
         <file>usbdhid.obj</file>
         <name>usbdhid.obj</name>
      </input_file>
      <input_file id="fl-38">
         <path>./usblib/device/</path>
         <kind>object</kind>
         <file>usbdhidgamepad.obj</file>
         <name>usbdhidgamepad.obj</name>
      </input_file>
      <input_file id="fl-39">
         <path>./usblib/device/</path>
         <kind>object</kind>
         <file>usbdhidkeyb.obj</file>
         <name>usbdhidkeyb.obj</name>
      </input_file>
      <input_file id="fl-3a">
         <path>./usblib/device/</path>
         <kind>object</kind>
         <file>usbdhidmouse.obj</file>
         <name>usbdhidmouse.obj</name>
      </input_file>
      <input_file id="fl-3b">
         <path>./usblib/device/</path>
         <kind>object</kind>
         <file>usbdmsc.obj</file>
         <name>usbdmsc.obj</name>
      </input_file>
      <input_file id="fl-3c">
         <path>./usblib/host/</path>
         <kind>object</kind>
         <file>usbhaudio.obj</file>
         <name>usbhaudio.obj</name>
      </input_file>
      <input_file id="fl-3d">
         <path>./usblib/host/</path>
         <kind>object</kind>
         <file>usbhhid.obj</file>
         <name>usbhhid.obj</name>
      </input_file>
      <input_file id="fl-3e">
         <path>./usblib/host/</path>
         <kind>object</kind>
         <file>usbhhidkeyboard.obj</file>
         <name>usbhhidkeyboard.obj</name>
      </input_file>
      <input_file id="fl-3f">
         <path>./usblib/host/</path>
         <kind>object</kind>
         <file>usbhhidmouse.obj</file>
         <name>usbhhidmouse.obj</name>
      </input_file>
      <input_file id="fl-40">
         <path>./usblib/host/</path>
         <kind>object</kind>
         <file>usbhhub.obj</file>
         <name>usbhhub.obj</name>
      </input_file>
      <input_file id="fl-41">
         <path>./usblib/host/</path>
         <kind>object</kind>
         <file>usbhmsc.obj</file>
         <name>usbhmsc.obj</name>
      </input_file>
      <input_file id="fl-42">
         <path>./usblib/host/</path>
         <kind>object</kind>
         <file>usbhostenum.obj</file>
         <name>usbhostenum.obj</name>
      </input_file>
      <input_file id="fl-43">
         <path>./usblib/host/</path>
         <kind>object</kind>
         <file>usbhscsi.obj</file>
         <name>usbhscsi.obj</name>
      </input_file>
      <input_file id="fl-44">
         <path>./usblib/</path>
         <kind>object</kind>
         <file>usbbuffer.obj</file>
         <name>usbbuffer.obj</name>
      </input_file>
      <input_file id="fl-45">
         <path>./usblib/</path>
         <kind>object</kind>
         <file>usbdesc.obj</file>
         <name>usbdesc.obj</name>
      </input_file>
      <input_file id="fl-46">
         <path>./usblib/</path>
         <kind>object</kind>
         <file>usbdma.obj</file>
         <name>usbdma.obj</name>
      </input_file>
      <input_file id="fl-47">
         <path>./usblib/</path>
         <kind>object</kind>
         <file>usbkeyboardmap.obj</file>
         <name>usbkeyboardmap.obj</name>
      </input_file>
      <input_file id="fl-48">
         <path>./usblib/</path>
         <kind>object</kind>
         <file>usbmode.obj</file>
         <name>usbmode.obj</name>
      </input_file>
      <input_file id="fl-49">
         <path>./usblib/</path>
         <kind>object</kind>
         <file>usbringbuf.obj</file>
         <name>usbringbuf.obj</name>
      </input_file>
      <input_file id="fl-4a">
         <path>./usblib/</path>
         <kind>object</kind>
         <file>usbtick.obj</file>
         <name>usbtick.obj</name>
      </input_file>
      <input_file id="fl-4b">
         <path>./usblib/</path>
         <kind>object</kind>
         <file>usbulpi.obj</file>
         <name>usbulpi.obj</name>
      </input_file>
      <input_file id="fl-4c">
         <path>./utils/</path>
         <kind>object</kind>
         <file>cmdline.obj</file>
         <name>cmdline.obj</name>
      </input_file>
      <input_file id="fl-4d">
         <path>./utils/</path>
         <kind>object</kind>
         <file>cpu_usage.obj</file>
         <name>cpu_usage.obj</name>
      </input_file>
      <input_file id="fl-4e">
         <path>./utils/</path>
         <kind>object</kind>
         <file>flash_pb.obj</file>
         <name>flash_pb.obj</name>
      </input_file>
      <input_file id="fl-4f">
         <path>./utils/</path>
         <kind>object</kind>
         <file>isqrt.obj</file>
         <name>isqrt.obj</name>
      </input_file>
      <input_file id="fl-50">
         <path>./utils/</path>
         <kind>object</kind>
         <file>random.obj</file>
         <name>random.obj</name>
      </input_file>
      <input_file id="fl-51">
         <path>./utils/</path>
         <kind>object</kind>
         <file>ringbuf.obj</file>
         <name>ringbuf.obj</name>
      </input_file>
      <input_file id="fl-52">
         <path>./utils/</path>
         <kind>object</kind>
         <file>scheduler.obj</file>
         <name>scheduler.obj</name>
      </input_file>
      <input_file id="fl-53">
         <path>./utils/</path>
         <kind>object</kind>
         <file>sine.obj</file>
         <name>sine.obj</name>
      </input_file>
      <input_file id="fl-54">
         <path>./utils/</path>
         <kind>object</kind>
         <file>softi2c.obj</file>
         <name>softi2c.obj</name>
      </input_file>
      <input_file id="fl-55">
         <path>./utils/</path>
         <kind>object</kind>
         <file>softssi.obj</file>
         <name>softssi.obj</name>
      </input_file>
      <input_file id="fl-56">
         <path>./utils/</path>
         <kind>object</kind>
         <file>softuart.obj</file>
         <name>softuart.obj</name>
      </input_file>
      <input_file id="fl-57">
         <path>./utils/</path>
         <kind>object</kind>
         <file>spi_flash.obj</file>
         <name>spi_flash.obj</name>
      </input_file>
      <input_file id="fl-58">
         <path>./utils/</path>
         <kind>object</kind>
         <file>uartstdio.obj</file>
         <name>uartstdio.obj</name>
      </input_file>
      <input_file id="fl-59">
         <path>./utils/</path>
         <kind>object</kind>
         <file>ustdlib.obj</file>
         <name>ustdlib.obj</name>
      </input_file>
      <input_file id="fl-5a">
         <path>./utils/</path>
         <kind>object</kind>
         <file>wavfile.obj</file>
         <name>wavfile.obj</name>
      </input_file>
      <input_file id="fl-11a">
         <path>/Volumes/Macintosh HD/Applications/cc/ccsv6/tools/compiler/arm_15.12.3.LTS/lib/</path>
         <kind>archive</kind>
         <file>rtsv7M4_T_le_v4SPD16_eabi.lib</file>
         <name>boot.obj</name>
      </input_file>
      <input_file id="fl-11b">
         <path>/Volumes/Macintosh HD/Applications/cc/ccsv6/tools/compiler/arm_15.12.3.LTS/lib/</path>
         <kind>archive</kind>
         <file>rtsv7M4_T_le_v4SPD16_eabi.lib</file>
         <name>copy_decompress_none.obj</name>
      </input_file>
      <input_file id="fl-11c">
         <path>/Volumes/Macintosh HD/Applications/cc/ccsv6/tools/compiler/arm_15.12.3.LTS/lib/</path>
         <kind>archive</kind>
         <file>rtsv7M4_T_le_v4SPD16_eabi.lib</file>
         <name>copy_decompress_rle.obj</name>
      </input_file>
      <input_file id="fl-11d">
         <path>/Volumes/Macintosh HD/Applications/cc/ccsv6/tools/compiler/arm_15.12.3.LTS/lib/</path>
         <kind>archive</kind>
         <file>rtsv7M4_T_le_v4SPD16_eabi.lib</file>
         <name>copy_zero_init.obj</name>
      </input_file>
      <input_file id="fl-11e">
         <path>/Volumes/Macintosh HD/Applications/cc/ccsv6/tools/compiler/arm_15.12.3.LTS/lib/</path>
         <kind>archive</kind>
         <file>rtsv7M4_T_le_v4SPD16_eabi.lib</file>
         <name>defs.obj</name>
      </input_file>
      <input_file id="fl-11f">
         <path>/Volumes/Macintosh HD/Applications/cc/ccsv6/tools/compiler/arm_15.12.3.LTS/lib/</path>
         <kind>archive</kind>
         <file>rtsv7M4_T_le_v4SPD16_eabi.lib</file>
         <name>e_log10.obj</name>
      </input_file>
      <input_file id="fl-120">
         <path>/Volumes/Macintosh HD/Applications/cc/ccsv6/tools/compiler/arm_15.12.3.LTS/lib/</path>
         <kind>archive</kind>
         <file>rtsv7M4_T_le_v4SPD16_eabi.lib</file>
         <name>e_sqrt.obj</name>
      </input_file>
      <input_file id="fl-121">
         <path>/Volumes/Macintosh HD/Applications/cc/ccsv6/tools/compiler/arm_15.12.3.LTS/lib/</path>
         <kind>archive</kind>
         <file>rtsv7M4_T_le_v4SPD16_eabi.lib</file>
         <name>e_sqrtf.obj</name>
      </input_file>
      <input_file id="fl-122">
         <path>/Volumes/Macintosh HD/Applications/cc/ccsv6/tools/compiler/arm_15.12.3.LTS/lib/</path>
         <kind>archive</kind>
         <file>rtsv7M4_T_le_v4SPD16_eabi.lib</file>
         <name>errno.obj</name>
      </input_file>
      <input_file id="fl-123">
         <path>/Volumes/Macintosh HD/Applications/cc/ccsv6/tools/compiler/arm_15.12.3.LTS/lib/</path>
         <kind>archive</kind>
         <file>rtsv7M4_T_le_v4SPD16_eabi.lib</file>
         <name>exit.obj</name>
      </input_file>
      <input_file id="fl-124">
         <path>/Volumes/Macintosh HD/Applications/cc/ccsv6/tools/compiler/arm_15.12.3.LTS/lib/</path>
         <kind>archive</kind>
         <file>rtsv7M4_T_le_v4SPD16_eabi.lib</file>
         <name>fd_add_t2.obj</name>
      </input_file>
      <input_file id="fl-125">
         <path>/Volumes/Macintosh HD/Applications/cc/ccsv6/tools/compiler/arm_15.12.3.LTS/lib/</path>
         <kind>archive</kind>
         <file>rtsv7M4_T_le_v4SPD16_eabi.lib</file>
         <name>fd_cmp_t2.obj</name>
      </input_file>
      <input_file id="fl-126">
         <path>/Volumes/Macintosh HD/Applications/cc/ccsv6/tools/compiler/arm_15.12.3.LTS/lib/</path>
         <kind>archive</kind>
         <file>rtsv7M4_T_le_v4SPD16_eabi.lib</file>
         <name>fd_div_t2.obj</name>
      </input_file>
      <input_file id="fl-127">
         <path>/Volumes/Macintosh HD/Applications/cc/ccsv6/tools/compiler/arm_15.12.3.LTS/lib/</path>
         <kind>archive</kind>
         <file>rtsv7M4_T_le_v4SPD16_eabi.lib</file>
         <name>fd_mul_t2.obj</name>
      </input_file>
      <input_file id="fl-128">
         <path>/Volumes/Macintosh HD/Applications/cc/ccsv6/tools/compiler/arm_15.12.3.LTS/lib/</path>
         <kind>archive</kind>
         <file>rtsv7M4_T_le_v4SPD16_eabi.lib</file>
         <name>fd_toi_t2.obj</name>
      </input_file>
      <input_file id="fl-129">
         <path>/Volumes/Macintosh HD/Applications/cc/ccsv6/tools/compiler/arm_15.12.3.LTS/lib/</path>
         <kind>archive</kind>
         <file>rtsv7M4_T_le_v4SPD16_eabi.lib</file>
         <name>fd_tos_t2.obj</name>
      </input_file>
      <input_file id="fl-12a">
         <path>/Volumes/Macintosh HD/Applications/cc/ccsv6/tools/compiler/arm_15.12.3.LTS/lib/</path>
         <kind>archive</kind>
         <file>rtsv7M4_T_le_v4SPD16_eabi.lib</file>
         <name>fd_tou_t2.obj</name>
      </input_file>
      <input_file id="fl-12b">
         <path>/Volumes/Macintosh HD/Applications/cc/ccsv6/tools/compiler/arm_15.12.3.LTS/lib/</path>
         <kind>archive</kind>
         <file>rtsv7M4_T_le_v4SPD16_eabi.lib</file>
         <name>fprintf.obj</name>
      </input_file>
      <input_file id="fl-12c">
         <path>/Volumes/Macintosh HD/Applications/cc/ccsv6/tools/compiler/arm_15.12.3.LTS/lib/</path>
         <kind>archive</kind>
         <file>rtsv7M4_T_le_v4SPD16_eabi.lib</file>
         <name>fputc.obj</name>
      </input_file>
      <input_file id="fl-12d">
         <path>/Volumes/Macintosh HD/Applications/cc/ccsv6/tools/compiler/arm_15.12.3.LTS/lib/</path>
         <kind>archive</kind>
         <file>rtsv7M4_T_le_v4SPD16_eabi.lib</file>
         <name>fputs.obj</name>
      </input_file>
      <input_file id="fl-12e">
         <path>/Volumes/Macintosh HD/Applications/cc/ccsv6/tools/compiler/arm_15.12.3.LTS/lib/</path>
         <kind>archive</kind>
         <file>rtsv7M4_T_le_v4SPD16_eabi.lib</file>
         <name>fs_tod_t2.obj</name>
      </input_file>
      <input_file id="fl-12f">
         <path>/Volumes/Macintosh HD/Applications/cc/ccsv6/tools/compiler/arm_15.12.3.LTS/lib/</path>
         <kind>archive</kind>
         <file>rtsv7M4_T_le_v4SPD16_eabi.lib</file>
         <name>i_tofd_t2.obj</name>
      </input_file>
      <input_file id="fl-130">
         <path>/Volumes/Macintosh HD/Applications/cc/ccsv6/tools/compiler/arm_15.12.3.LTS/lib/</path>
         <kind>archive</kind>
         <file>rtsv7M4_T_le_v4SPD16_eabi.lib</file>
         <name>lowlev.obj</name>
      </input_file>
      <input_file id="fl-131">
         <path>/Volumes/Macintosh HD/Applications/cc/ccsv6/tools/compiler/arm_15.12.3.LTS/lib/</path>
         <kind>archive</kind>
         <file>rtsv7M4_T_le_v4SPD16_eabi.lib</file>
         <name>memchr.obj</name>
      </input_file>
      <input_file id="fl-132">
         <path>/Volumes/Macintosh HD/Applications/cc/ccsv6/tools/compiler/arm_15.12.3.LTS/lib/</path>
         <kind>archive</kind>
         <file>rtsv7M4_T_le_v4SPD16_eabi.lib</file>
         <name>memcpy_t2.obj</name>
      </input_file>
      <input_file id="fl-133">
         <path>/Volumes/Macintosh HD/Applications/cc/ccsv6/tools/compiler/arm_15.12.3.LTS/lib/</path>
         <kind>archive</kind>
         <file>rtsv7M4_T_le_v4SPD16_eabi.lib</file>
         <name>memory.obj</name>
      </input_file>
      <input_file id="fl-134">
         <path>/Volumes/Macintosh HD/Applications/cc/ccsv6/tools/compiler/arm_15.12.3.LTS/lib/</path>
         <kind>archive</kind>
         <file>rtsv7M4_T_le_v4SPD16_eabi.lib</file>
         <name>memset_t2.obj</name>
      </input_file>
      <input_file id="fl-135">
         <path>/Volumes/Macintosh HD/Applications/cc/ccsv6/tools/compiler/arm_15.12.3.LTS/lib/</path>
         <kind>archive</kind>
         <file>rtsv7M4_T_le_v4SPD16_eabi.lib</file>
         <name>mpu_init.obj</name>
      </input_file>
      <input_file id="fl-136">
         <path>/Volumes/Macintosh HD/Applications/cc/ccsv6/tools/compiler/arm_15.12.3.LTS/lib/</path>
         <kind>archive</kind>
         <file>rtsv7M4_T_le_v4SPD16_eabi.lib</file>
         <name>pre_init.obj</name>
      </input_file>
      <input_file id="fl-137">
         <path>/Volumes/Macintosh HD/Applications/cc/ccsv6/tools/compiler/arm_15.12.3.LTS/lib/</path>
         <kind>archive</kind>
         <file>rtsv7M4_T_le_v4SPD16_eabi.lib</file>
         <name>s_cos.obj</name>
      </input_file>
      <input_file id="fl-138">
         <path>/Volumes/Macintosh HD/Applications/cc/ccsv6/tools/compiler/arm_15.12.3.LTS/lib/</path>
         <kind>archive</kind>
         <file>rtsv7M4_T_le_v4SPD16_eabi.lib</file>
         <name>s_floor.obj</name>
      </input_file>
      <input_file id="fl-139">
         <path>/Volumes/Macintosh HD/Applications/cc/ccsv6/tools/compiler/arm_15.12.3.LTS/lib/</path>
         <kind>archive</kind>
         <file>rtsv7M4_T_le_v4SPD16_eabi.lib</file>
         <name>s_sin.obj</name>
      </input_file>
      <input_file id="fl-13a">
         <path>/Volumes/Macintosh HD/Applications/cc/ccsv6/tools/compiler/arm_15.12.3.LTS/lib/</path>
         <kind>archive</kind>
         <file>rtsv7M4_T_le_v4SPD16_eabi.lib</file>
         <name>stkdepth_vars.obj</name>
      </input_file>
      <input_file id="fl-13b">
         <path>/Volumes/Macintosh HD/Applications/cc/ccsv6/tools/compiler/arm_15.12.3.LTS/lib/</path>
         <kind>archive</kind>
         <file>rtsv7M4_T_le_v4SPD16_eabi.lib</file>
         <name>strchr.obj</name>
      </input_file>
      <input_file id="fl-13c">
         <path>/Volumes/Macintosh HD/Applications/cc/ccsv6/tools/compiler/arm_15.12.3.LTS/lib/</path>
         <kind>archive</kind>
         <file>rtsv7M4_T_le_v4SPD16_eabi.lib</file>
         <name>strcmp.obj</name>
      </input_file>
      <input_file id="fl-13d">
         <path>/Volumes/Macintosh HD/Applications/cc/ccsv6/tools/compiler/arm_15.12.3.LTS/lib/</path>
         <kind>archive</kind>
         <file>rtsv7M4_T_le_v4SPD16_eabi.lib</file>
         <name>strlen.obj</name>
      </input_file>
      <input_file id="fl-13e">
         <path>/Volumes/Macintosh HD/Applications/cc/ccsv6/tools/compiler/arm_15.12.3.LTS/lib/</path>
         <kind>archive</kind>
         <file>rtsv7M4_T_le_v4SPD16_eabi.lib</file>
         <name>strncpy.obj</name>
      </input_file>
      <input_file id="fl-13f">
         <path>/Volumes/Macintosh HD/Applications/cc/ccsv6/tools/compiler/arm_15.12.3.LTS/lib/</path>
         <kind>archive</kind>
         <file>rtsv7M4_T_le_v4SPD16_eabi.lib</file>
         <name>trgdrv.obj</name>
      </input_file>
      <input_file id="fl-140">
         <path>/Volumes/Macintosh HD/Applications/cc/ccsv6/tools/compiler/arm_15.12.3.LTS/lib/</path>
         <kind>archive</kind>
         <file>rtsv7M4_T_le_v4SPD16_eabi.lib</file>
         <name>trgmsg.obj</name>
      </input_file>
      <input_file id="fl-141">
         <path>/Volumes/Macintosh HD/Applications/cc/ccsv6/tools/compiler/arm_15.12.3.LTS/lib/</path>
         <kind>archive</kind>
         <file>rtsv7M4_T_le_v4SPD16_eabi.lib</file>
         <name>u_divt2.obj</name>
      </input_file>
      <input_file id="fl-142">
         <path>/Volumes/Macintosh HD/Applications/cc/ccsv6/tools/compiler/arm_15.12.3.LTS/lib/</path>
         <kind>archive</kind>
         <file>rtsv7M4_T_le_v4SPD16_eabi.lib</file>
         <name>u_tofd_t2.obj</name>
      </input_file>
      <input_file id="fl-143">
         <path>/Volumes/Macintosh HD/Applications/cc/ccsv6/tools/compiler/arm_15.12.3.LTS/lib/</path>
         <kind>archive</kind>
         <file>rtsv7M4_T_le_v4SPD16_eabi.lib</file>
         <name>_io_perm.obj</name>
      </input_file>
      <input_file id="fl-144">
         <path>/Volumes/Macintosh HD/Applications/cc/ccsv6/tools/compiler/arm_15.12.3.LTS/lib/</path>
         <kind>archive</kind>
         <file>rtsv7M4_T_le_v4SPD16_eabi.lib</file>
         <name>_lock.obj</name>
      </input_file>
      <input_file id="fl-145">
         <path>/Volumes/Macintosh HD/Applications/cc/ccsv6/tools/compiler/arm_15.12.3.LTS/lib/</path>
         <kind>archive</kind>
         <file>rtsv7M4_T_le_v4SPD16_eabi.lib</file>
         <name>_printfi.obj</name>
      </input_file>
      <input_file id="fl-146">
         <path>/Volumes/Macintosh HD/Applications/cc/ccsv6/tools/compiler/arm_15.12.3.LTS/lib/</path>
         <kind>archive</kind>
         <file>rtsv7M4_T_le_v4SPD16_eabi.lib</file>
         <name>args_main.obj</name>
      </input_file>
      <input_file id="fl-147">
         <path>/Volumes/Macintosh HD/Applications/cc/ccsv6/tools/compiler/arm_15.12.3.LTS/lib/</path>
         <kind>archive</kind>
         <file>rtsv7M4_T_le_v4SPD16_eabi.lib</file>
         <name>atoi.obj</name>
      </input_file>
      <input_file id="fl-148">
         <path>/Volumes/Macintosh HD/Applications/cc/ccsv6/tools/compiler/arm_15.12.3.LTS/lib/</path>
         <kind>archive</kind>
         <file>rtsv7M4_T_le_v4SPD16_eabi.lib</file>
         <name>autoinit.obj</name>
      </input_file>
      <input_file id="fl-149">
         <path>/Volumes/Macintosh HD/Applications/cc/ccsv6/tools/compiler/arm_15.12.3.LTS/lib/</path>
         <kind>archive</kind>
         <file>rtsv7M4_T_le_v4SPD16_eabi.lib</file>
         <name>cpy_tbl.obj</name>
      </input_file>
      <input_file id="fl-14a">
         <path>/Volumes/Macintosh HD/Applications/cc/ccsv6/tools/compiler/arm_15.12.3.LTS/lib/</path>
         <kind>archive</kind>
         <file>rtsv7M4_T_le_v4SPD16_eabi.lib</file>
         <name>ctype.obj</name>
      </input_file>
      <input_file id="fl-14b">
         <path>/Volumes/Macintosh HD/Applications/cc/ccsv6/tools/compiler/arm_15.12.3.LTS/lib/</path>
         <kind>archive</kind>
         <file>rtsv7M4_T_le_v4SPD16_eabi.lib</file>
         <name>fflush.obj</name>
      </input_file>
      <input_file id="fl-14c">
         <path>/Volumes/Macintosh HD/Applications/cc/ccsv6/tools/compiler/arm_15.12.3.LTS/lib/</path>
         <kind>archive</kind>
         <file>rtsv7M4_T_le_v4SPD16_eabi.lib</file>
         <name>fseek.obj</name>
      </input_file>
      <input_file id="fl-14d">
         <path>/Volumes/Macintosh HD/Applications/cc/ccsv6/tools/compiler/arm_15.12.3.LTS/lib/</path>
         <kind>archive</kind>
         <file>rtsv7M4_T_le_v4SPD16_eabi.lib</file>
         <name>i_div0.obj</name>
      </input_file>
      <input_file id="fl-14e">
         <path>/Volumes/Macintosh HD/Applications/cc/ccsv6/tools/compiler/arm_15.12.3.LTS/lib/</path>
         <kind>archive</kind>
         <file>rtsv7M4_T_le_v4SPD16_eabi.lib</file>
         <name>k_cos.obj</name>
      </input_file>
      <input_file id="fl-14f">
         <path>/Volumes/Macintosh HD/Applications/cc/ccsv6/tools/compiler/arm_15.12.3.LTS/lib/</path>
         <kind>archive</kind>
         <file>rtsv7M4_T_le_v4SPD16_eabi.lib</file>
         <name>k_rem_pio2.obj</name>
      </input_file>
      <input_file id="fl-150">
         <path>/Volumes/Macintosh HD/Applications/cc/ccsv6/tools/compiler/arm_15.12.3.LTS/lib/</path>
         <kind>archive</kind>
         <file>rtsv7M4_T_le_v4SPD16_eabi.lib</file>
         <name>k_sin.obj</name>
      </input_file>
      <input_file id="fl-151">
         <path>/Volumes/Macintosh HD/Applications/cc/ccsv6/tools/compiler/arm_15.12.3.LTS/lib/</path>
         <kind>archive</kind>
         <file>rtsv7M4_T_le_v4SPD16_eabi.lib</file>
         <name>ltoa.obj</name>
      </input_file>
      <input_file id="fl-152">
         <path>/Volumes/Macintosh HD/Applications/cc/ccsv6/tools/compiler/arm_15.12.3.LTS/lib/</path>
         <kind>archive</kind>
         <file>rtsv7M4_T_le_v4SPD16_eabi.lib</file>
         <name>memccpy.obj</name>
      </input_file>
      <input_file id="fl-153">
         <path>/Volumes/Macintosh HD/Applications/cc/ccsv6/tools/compiler/arm_15.12.3.LTS/lib/</path>
         <kind>archive</kind>
         <file>rtsv7M4_T_le_v4SPD16_eabi.lib</file>
         <name>s_frexp.obj</name>
      </input_file>
      <input_file id="fl-154">
         <path>/Volumes/Macintosh HD/Applications/cc/ccsv6/tools/compiler/arm_15.12.3.LTS/lib/</path>
         <kind>archive</kind>
         <file>rtsv7M4_T_le_v4SPD16_eabi.lib</file>
         <name>s_scalbn.obj</name>
      </input_file>
      <input_file id="fl-155">
         <path>/Volumes/Macintosh HD/Applications/cc/ccsv6/tools/compiler/arm_15.12.3.LTS/lib/</path>
         <kind>archive</kind>
         <file>rtsv7M4_T_le_v4SPD16_eabi.lib</file>
         <name>setvbuf.obj</name>
      </input_file>
      <input_file id="fl-156">
         <path>/Volumes/Macintosh HD/Applications/cc/ccsv6/tools/compiler/arm_15.12.3.LTS/lib/</path>
         <kind>archive</kind>
         <file>rtsv7M4_T_le_v4SPD16_eabi.lib</file>
         <name>startup.obj</name>
      </input_file>
      <input_file id="fl-157">
         <path>/Volumes/Macintosh HD/Applications/cc/ccsv6/tools/compiler/arm_15.12.3.LTS/lib/</path>
         <kind>archive</kind>
         <file>rtsv7M4_T_le_v4SPD16_eabi.lib</file>
         <name>strcpy.obj</name>
      </input_file>
      <input_file id="fl-158">
         <path>/Volumes/Macintosh HD/Applications/cc/ccsv6/tools/compiler/arm_15.12.3.LTS/lib/</path>
         <kind>archive</kind>
         <file>rtsv7M4_T_le_v4SPD16_eabi.lib</file>
         <name>ull_div_t2.obj</name>
      </input_file>
      <input_file id="fl-159">
         <path>/Volumes/Macintosh HD/Applications/cc/ccsv6/tools/compiler/arm_15.12.3.LTS/lib/</path>
         <kind>archive</kind>
         <file>rtsv7M4_T_le_v4SPD16_eabi.lib</file>
         <name>fopen.obj</name>
      </input_file>
      <input_file id="fl-15a">
         <path>/Volumes/Macintosh HD/Applications/cc/ccsv6/tools/compiler/arm_15.12.3.LTS/lib/</path>
         <kind>archive</kind>
         <file>rtsv7M4_T_le_v4SPD16_eabi.lib</file>
         <name>s_copysign.obj</name>
      </input_file>
      <input_file id="fl-15b">
         <path>/Volumes/Macintosh HD/Applications/cc/ccsv6/tools/compiler/arm_15.12.3.LTS/lib/</path>
         <kind>archive</kind>
         <file>rtsv7M4_T_le_v4SPD16_eabi.lib</file>
         <name>fclose.obj</name>
      </input_file>
      <input_file id="fl-15c">
         <path>/Volumes/Macintosh HD/Applications/cc/ccsv6/tools/compiler/arm_15.12.3.LTS/lib/</path>
         <kind>archive</kind>
         <file>rtsv7M4_T_le_v4SPD16_eabi.lib</file>
         <name>remove.obj</name>
      </input_file>
   </input_file_list>
   <object_component_list>
      <object_component id="oc-f">
         <name>.intvecs</name>
         <load_address>0x0</load_address>
         <run_address>0x0</run_address>
         <size>0x26c</size>
         <input_file_ref idref="fl-6"/>
      </object_component>
      <object_component id="oc-89">
         <name>.text</name>
         <load_address>0x26c</load_address>
         <run_address>0x26c</run_address>
         <size>0xf00</size>
         <input_file_ref idref="fl-20"/>
      </object_component>
      <object_component id="oc-8f">
         <name>.text</name>
         <load_address>0x116c</load_address>
         <run_address>0x116c</run_address>
         <size>0xbbc</size>
         <input_file_ref idref="fl-15"/>
      </object_component>
      <object_component id="oc-a2">
         <name>.text</name>
         <load_address>0x1d28</load_address>
         <run_address>0x1d28</run_address>
         <size>0x77c</size>
         <input_file_ref idref="fl-8"/>
      </object_component>
      <object_component id="oc-95">
         <name>.text</name>
         <load_address>0x24a4</load_address>
         <run_address>0x24a4</run_address>
         <size>0x622</size>
         <input_file_ref idref="fl-24"/>
      </object_component>
      <object_component id="oc-1f9">
         <name>.text</name>
         <load_address>0x2ac6</load_address>
         <run_address>0x2ac6</run_address>
         <size>0x2</size>
         <input_file_ref idref="fl-14d"/>
      </object_component>
      <object_component id="oc-ae">
         <name>.text</name>
         <load_address>0x2ac8</load_address>
         <run_address>0x2ac8</run_address>
         <size>0x606</size>
         <input_file_ref idref="fl-23"/>
      </object_component>
      <object_component id="oc-62">
         <name>.text</name>
         <load_address>0x30ce</load_address>
         <run_address>0x30ce</run_address>
         <size>0x2</size>
         <input_file_ref idref="fl-135"/>
      </object_component>
      <object_component id="oc-9b">
         <name>.text</name>
         <load_address>0x30d0</load_address>
         <run_address>0x30d0</run_address>
         <size>0x49c</size>
         <input_file_ref idref="fl-58"/>
      </object_component>
      <object_component id="oc-196">
         <name>.text</name>
         <load_address>0x356c</load_address>
         <run_address>0x356c</run_address>
         <size>0x3dc</size>
         <input_file_ref idref="fl-133"/>
      </object_component>
      <object_component id="oc-a8">
         <name>.text</name>
         <load_address>0x3948</load_address>
         <run_address>0x3948</run_address>
         <size>0x3c0</size>
         <input_file_ref idref="fl-18"/>
      </object_component>
      <object_component id="oc-34">
         <name>.text</name>
         <load_address>0x3d08</load_address>
         <run_address>0x3d08</run_address>
         <size>0x1dc</size>
         <input_file_ref idref="fl-5"/>
      </object_component>
      <object_component id="oc-18b">
         <name>.text</name>
         <load_address>0x3ee4</load_address>
         <run_address>0x3ee4</run_address>
         <size>0x1b6</size>
         <input_file_ref idref="fl-124"/>
      </object_component>
      <object_component id="oc-186">
         <name>.text</name>
         <load_address>0x409a</load_address>
         <run_address>0x409a</run_address>
         <size>0xfc</size>
         <input_file_ref idref="fl-127"/>
      </object_component>
      <object_component id="oc-f4">
         <name>.text</name>
         <load_address>0x4196</load_address>
         <run_address>0x4196</run_address>
         <size>0x2</size>
         <input_file_ref idref="fl-156"/>
      </object_component>
      <object_component id="oc-b4">
         <name>.text:FIR_get_sample</name>
         <load_address>0x4198</load_address>
         <run_address>0x4198</run_address>
         <size>0xc8</size>
         <input_file_ref idref="fl-3"/>
      </object_component>
      <object_component id="oc-3d">
         <name>.text</name>
         <load_address>0x4260</load_address>
         <run_address>0x4260</run_address>
         <size>0x9c</size>
         <input_file_ref idref="fl-132"/>
      </object_component>
      <object_component id="oc-56">
         <name>.text</name>
         <load_address>0x42fc</load_address>
         <run_address>0x42fc</run_address>
         <size>0x7a</size>
         <input_file_ref idref="fl-134"/>
      </object_component>
      <object_component id="oc-6e">
         <name>.text</name>
         <load_address>0x4378</load_address>
         <run_address>0x4378</run_address>
         <size>0x70</size>
         <input_file_ref idref="fl-148"/>
      </object_component>
      <object_component id="oc-49">
         <name>.text</name>
         <load_address>0x43e8</load_address>
         <run_address>0x43e8</run_address>
         <size>0x6a</size>
         <input_file_ref idref="fl-11c"/>
      </object_component>
      <object_component id="oc-bb">
         <name>.text</name>
         <load_address>0x4454</load_address>
         <run_address>0x4454</run_address>
         <size>0x64</size>
         <input_file_ref idref="fl-3"/>
      </object_component>
      <object_component id="oc-24">
         <name>.text</name>
         <load_address>0x44b8</load_address>
         <run_address>0x44b8</run_address>
         <size>0x54</size>
         <input_file_ref idref="fl-11a"/>
      </object_component>
      <object_component id="oc-7a">
         <name>.text</name>
         <load_address>0x450c</load_address>
         <run_address>0x450c</run_address>
         <size>0x54</size>
         <input_file_ref idref="fl-123"/>
      </object_component>
      <object_component id="oc-ee">
         <name>.text</name>
         <load_address>0x4560</load_address>
         <run_address>0x4560</run_address>
         <size>0x4c</size>
         <input_file_ref idref="fl-149"/>
      </object_component>
      <object_component id="oc-190">
         <name>.text</name>
         <load_address>0x45ac</load_address>
         <run_address>0x45ac</run_address>
         <size>0x48</size>
         <input_file_ref idref="fl-128"/>
      </object_component>
      <object_component id="oc-14b">
         <name>.text</name>
         <load_address>0x45f4</load_address>
         <run_address>0x45f4</run_address>
         <size>0x40</size>
         <input_file_ref idref="fl-141"/>
      </object_component>
      <object_component id="oc-118">
         <name>.text</name>
         <load_address>0x4634</load_address>
         <run_address>0x4634</run_address>
         <size>0x3e</size>
         <input_file_ref idref="fl-c"/>
      </object_component>
      <object_component id="oc-181">
         <name>.text</name>
         <load_address>0x4672</load_address>
         <run_address>0x4672</run_address>
         <size>0x20</size>
         <input_file_ref idref="fl-142"/>
      </object_component>
      <object_component id="oc-74">
         <name>.text</name>
         <load_address>0x4694</load_address>
         <run_address>0x4694</run_address>
         <size>0x18</size>
         <input_file_ref idref="fl-146"/>
      </object_component>
      <object_component id="oc-1c6">
         <name>.text</name>
         <load_address>0x46ac</load_address>
         <run_address>0x46ac</run_address>
         <size>0x14</size>
         <input_file_ref idref="fl-144"/>
      </object_component>
      <object_component id="oc-12">
         <name>.text:decompress:none</name>
         <load_address>0x46c0</load_address>
         <run_address>0x46c0</run_address>
         <size>0xe</size>
         <input_file_ref idref="fl-11b"/>
      </object_component>
      <object_component id="oc-2e">
         <name>.text</name>
         <load_address>0x46ce</load_address>
         <run_address>0x46ce</run_address>
         <size>0xc</size>
         <input_file_ref idref="fl-6"/>
      </object_component>
      <object_component id="oc-a1">
         <name>.text:SysCtlDelay</name>
         <load_address>0x46da</load_address>
         <run_address>0x46da</run_address>
         <size>0x6</size>
         <input_file_ref idref="fl-20"/>
      </object_component>
      <object_component id="oc-18">
         <name>.text:decompress:rle24</name>
         <load_address>0x46e0</load_address>
         <run_address>0x46e0</run_address>
         <size>0x6</size>
         <input_file_ref idref="fl-11c"/>
      </object_component>
      <object_component id="oc-68">
         <name>.text</name>
         <load_address>0x46e6</load_address>
         <run_address>0x46e6</run_address>
         <size>0x4</size>
         <input_file_ref idref="fl-136"/>
      </object_component>
      <object_component id="oc-121">
         <name>.const:g_pppui32XTALtoVCO</name>
         <load_address>0x46ec</load_address>
         <run_address>0x46ec</run_address>
         <size>0x120</size>
         <input_file_ref idref="fl-20"/>
      </object_component>
      <object_component id="oc-129">
         <name>.const:g_ppui32GPIOIntMapBlizzard</name>
         <load_address>0x480c</load_address>
         <run_address>0x480c</run_address>
         <size>0xc0</size>
         <input_file_ref idref="fl-15"/>
      </object_component>
      <object_component id="oc-12f">
         <name>.const:g_ppui32GPIOIntMapSnowflake</name>
         <load_address>0x48cc</load_address>
         <run_address>0x48cc</run_address>
         <size>0xc0</size>
         <input_file_ref idref="fl-15"/>
      </object_component>
      <object_component id="oc-165">
         <name>.const:g_pui32Regs</name>
         <load_address>0x498c</load_address>
         <run_address>0x498c</run_address>
         <size>0x9c</size>
         <input_file_ref idref="fl-18"/>
      </object_component>
      <object_component id="oc-132">
         <name>.const:g_pui32GPIOBaseAddrs</name>
         <load_address>0x4a28</load_address>
         <run_address>0x4a28</run_address>
         <size>0x90</size>
         <input_file_ref idref="fl-15"/>
      </object_component>
      <object_component id="oc-11e">
         <name>.const:g_pui32Xtals</name>
         <load_address>0x4ab8</load_address>
         <run_address>0x4ab8</run_address>
         <size>0x6c</size>
         <input_file_ref idref="fl-20"/>
      </object_component>
      <object_component id="oc-176">
         <name>.const:g_ppui32TimerIntMap</name>
         <load_address>0x4b24</load_address>
         <run_address>0x4b24</run_address>
         <size>0x60</size>
         <input_file_ref idref="fl-23"/>
      </object_component>
      <object_component id="oc-17c">
         <name>.const:g_ppui32TimerIntMapSnowflake</name>
         <load_address>0x4b84</load_address>
         <run_address>0x4b84</run_address>
         <size>0x40</size>
         <input_file_ref idref="fl-23"/>
      </object_component>
      <object_component id="oc-137">
         <name>.const:g_ppui32UARTIntMap</name>
         <load_address>0x4bc4</load_address>
         <run_address>0x4bc4</run_address>
         <size>0x40</size>
         <input_file_ref idref="fl-24"/>
      </object_component>
      <object_component id="oc-13d">
         <name>.const:g_ppui32UARTIntMapSnowflake</name>
         <load_address>0x4c04</load_address>
         <run_address>0x4c04</run_address>
         <size>0x40</size>
         <input_file_ref idref="fl-24"/>
      </object_component>
      <object_component id="oc-115">
         <name>.const:g_sXTALtoMEMTIM</name>
         <load_address>0x4c44</load_address>
         <run_address>0x4c44</run_address>
         <size>0x38</size>
         <input_file_ref idref="fl-20"/>
      </object_component>
      <object_component id="oc-162">
         <name>.const:g_pui32Priority</name>
         <load_address>0x4c7c</load_address>
         <run_address>0x4c7c</run_address>
         <size>0x20</size>
         <input_file_ref idref="fl-18"/>
      </object_component>
      <object_component id="oc-16b">
         <name>.const:g_pui32Dii16Regs</name>
         <load_address>0x4c9c</load_address>
         <run_address>0x4c9c</run_address>
         <size>0x14</size>
         <input_file_ref idref="fl-18"/>
      </object_component>
      <object_component id="oc-168">
         <name>.const:g_pui32EnRegs</name>
         <load_address>0x4cb0</load_address>
         <run_address>0x4cb0</run_address>
         <size>0x14</size>
         <input_file_ref idref="fl-18"/>
      </object_component>
      <object_component id="oc-16e">
         <name>.const:g_pui32PendRegs</name>
         <load_address>0x4cc4</load_address>
         <run_address>0x4cc4</run_address>
         <size>0x14</size>
         <input_file_ref idref="fl-18"/>
      </object_component>
      <object_component id="oc-171">
         <name>.const:g_pui32UnpendRegs</name>
         <load_address>0x4cd8</load_address>
         <run_address>0x4cd8</run_address>
         <size>0x14</size>
         <input_file_ref idref="fl-18"/>
      </object_component>
      <object_component id="oc-200">
         <name>.const:.string</name>
         <load_address>0x4cec</load_address>
         <run_address>0x4cec</run_address>
         <size>0x12</size>
         <input_file_ref idref="fl-58"/>
      </object_component>
      <object_component id="oc-148">
         <name>.const:g_ui32UARTBase</name>
         <load_address>0x4d00</load_address>
         <run_address>0x4d00</run_address>
         <size>0xc</size>
         <input_file_ref idref="fl-58"/>
      </object_component>
      <object_component id="oc-142">
         <name>.const:g_ui32UARTPeriph</name>
         <load_address>0x4d0c</load_address>
         <run_address>0x4d0c</run_address>
         <size>0xc</size>
         <input_file_ref idref="fl-58"/>
      </object_component>
      <object_component id="oc-124">
         <name>.const:g_pui32VCOFrequencies</name>
         <load_address>0x4d18</load_address>
         <run_address>0x4d18</run_address>
         <size>0x8</size>
         <input_file_ref idref="fl-20"/>
      </object_component>
      <object_component id="oc-12c">
         <name>.const</name>
         <load_address>0x4d20</load_address>
         <run_address>0x4d20</run_address>
         <size>0x8</size>
         <input_file_ref idref="fl-15"/>
      </object_component>
      <object_component id="oc-179">
         <name>.const</name>
         <load_address>0x4d28</load_address>
         <run_address>0x4d28</run_address>
         <size>0x8</size>
         <input_file_ref idref="fl-23"/>
      </object_component>
      <object_component id="oc-13a">
         <name>.const</name>
         <load_address>0x4d30</load_address>
         <run_address>0x4d30</run_address>
         <size>0x8</size>
         <input_file_ref idref="fl-24"/>
      </object_component>
      <object_component id="oc-150">
         <name>.const</name>
         <load_address>0x4d38</load_address>
         <run_address>0x4d38</run_address>
         <size>0x4</size>
         <input_file_ref idref="fl-58"/>
      </object_component>
      <object_component id="oc-25c">
         <name>.cinit..data.load</name>
         <load_address>0x4d40</load_address>
         <run_address>0x4d40</run_address>
         <size>0xca</size>
      </object_component>
      <object_component id="oc-25b">
         <name>.cinit..vtable.load</name>
         <load_address>0x4e10</load_address>
         <run_address>0x4e10</run_address>
         <size>0xb</size>
      </object_component>
      <object_component id="oc-25d">
         <name>.cinit..bss.load</name>
         <load_address>0x4e20</load_address>
         <run_address>0x4e20</run_address>
         <size>0x9</size>
      </object_component>
      <object_component id="oc-259">
         <name>__TI_handler_table</name>
         <load_address>0x4e2c</load_address>
         <run_address>0x4e2c</run_address>
         <size>0x8</size>
      </object_component>
      <object_component id="oc-25a">
         <name>__TI_cinit_table</name>
         <load_address>0x4e34</load_address>
         <run_address>0x4e34</run_address>
         <size>0x18</size>
      </object_component>
      <object_component id="oc-15f">
         <name>.vtable</name>
         <uninitialized>true</uninitialized>
         <run_address>0x20000000</run_address>
         <size>0x26c</size>
         <input_file_ref idref="fl-18"/>
      </object_component>
      <object_component id="oc-19c">
         <name>.data:h</name>
         <load_address>0x20000470</load_address>
         <run_address>0x20000470</run_address>
         <size>0xa8</size>
         <input_file_ref idref="fl-3"/>
      </object_component>
      <object_component id="oc-145">
         <name>.data</name>
         <load_address>0x20000538</load_address>
         <run_address>0x20000538</run_address>
         <size>0x5</size>
         <input_file_ref idref="fl-58"/>
      </object_component>
      <object_component id="oc-fe">
         <name>.data:$O1$$</name>
         <load_address>0x20000518</load_address>
         <run_address>0x20000518</run_address>
         <size>0xc</size>
         <input_file_ref idref="fl-123"/>
      </object_component>
      <object_component id="oc-227">
         <name>.data:$O1$$</name>
         <load_address>0x20000524</load_address>
         <run_address>0x20000524</run_address>
         <size>0xc</size>
         <input_file_ref idref="fl-133"/>
      </object_component>
      <object_component id="oc-80">
         <name>.data</name>
         <load_address>0x20000540</load_address>
         <run_address>0x20000540</run_address>
         <size>0x4</size>
         <input_file_ref idref="fl-13a"/>
      </object_component>
      <object_component id="oc-101">
         <name>.data:$O1$$</name>
         <load_address>0x20000530</load_address>
         <run_address>0x20000530</run_address>
         <size>0x8</size>
         <input_file_ref idref="fl-144"/>
      </object_component>
      <object_component id="oc-c4">
         <name>.bss:fir</name>
         <uninitialized>true</uninitialized>
         <run_address>0x20000544</run_address>
         <size>0x68</size>
         <input_file_ref idref="fl-5"/>
      </object_component>
      <object_component id="oc-15a">
         <name>.bss:g_pui8OversampleFactor</name>
         <uninitialized>true</uninitialized>
         <run_address>0x200005ac</run_address>
         <size>0x4</size>
         <input_file_ref idref="fl-8"/>
      </object_component>
      <object_component id="oc-c1">
         <name>.common:ADC_OUT</name>
         <uninitialized>true</uninitialized>
         <run_address>0x200005b0</run_address>
         <size>0x4</size>
      </object_component>
      <object_component id="oc-2b">
         <name>.sysmem</name>
         <uninitialized>true</uninitialized>
         <run_address>0x200005b8</run_address>
         <size>0x8</size>
         <input_file_ref idref="fl-133"/>
      </object_component>
      <object_component id="oc-25f">
         <name>.sysmem</name>
         <uninitialized>true</uninitialized>
         <run_address>0x200005b8</run_address>
         <size>0x0</size>
      </object_component>
      <object_component id="oc-2a">
         <name>.stack</name>
         <uninitialized>true</uninitialized>
         <run_address>0x2000026c</run_address>
         <size>0x0</size>
         <input_file_ref idref="fl-11a"/>
      </object_component>
      <object_component id="oc-25e">
         <name>.stack</name>
         <uninitialized>true</uninitialized>
         <run_address>0x2000026c</run_address>
         <size>0x0</size>
      </object_component>
      <object_component id="oc-dc">
         <name>.debug_info</name>
         <load_address>0x0</load_address>
         <run_address>0x0</run_address>
         <size>0x84</size>
         <input_file_ref idref="fl-2"/>
      </object_component>
      <object_component id="oc-195">
         <name>.debug_info</name>
         <load_address>0x84</load_address>
         <run_address>0x84</run_address>
         <size>0x12b</size>
         <input_file_ref idref="fl-3"/>
      </object_component>
      <object_component id="oc-19d">
         <name>.debug_info</name>
         <load_address>0x1af</load_address>
         <run_address>0x1af</run_address>
         <size>0xc7</size>
         <input_file_ref idref="fl-3"/>
      </object_component>
      <object_component id="oc-b5">
         <name>.debug_info</name>
         <load_address>0x276</load_address>
         <run_address>0x276</run_address>
         <size>0x1e1</size>
         <input_file_ref idref="fl-3"/>
      </object_component>
      <object_component id="oc-bc">
         <name>.debug_info</name>
         <load_address>0x457</load_address>
         <run_address>0x457</run_address>
         <size>0x1bd</size>
         <input_file_ref idref="fl-3"/>
      </object_component>
      <object_component id="oc-1a2">
         <name>.debug_info</name>
         <load_address>0x614</load_address>
         <run_address>0x614</run_address>
         <size>0xb2</size>
         <input_file_ref idref="fl-3"/>
      </object_component>
      <object_component id="oc-c8">
         <name>.debug_info</name>
         <load_address>0x6c6</load_address>
         <run_address>0x6c6</run_address>
         <size>0x18b</size>
         <input_file_ref idref="fl-3"/>
      </object_component>
      <object_component id="oc-c2">
         <name>.debug_info</name>
         <load_address>0x851</load_address>
         <run_address>0x851</run_address>
         <size>0x7a6</size>
         <input_file_ref idref="fl-5"/>
      </object_component>
      <object_component id="oc-c5">
         <name>.debug_info</name>
         <load_address>0xff7</load_address>
         <run_address>0xff7</run_address>
         <size>0xcc</size>
         <input_file_ref idref="fl-5"/>
      </object_component>
      <object_component id="oc-35">
         <name>.debug_info</name>
         <load_address>0x10c3</load_address>
         <run_address>0x10c3</run_address>
         <size>0x657</size>
         <input_file_ref idref="fl-5"/>
      </object_component>
      <object_component id="oc-1a7">
         <name>.debug_info</name>
         <load_address>0x171a</load_address>
         <run_address>0x171a</run_address>
         <size>0x186</size>
         <input_file_ref idref="fl-5"/>
      </object_component>
      <object_component id="oc-cd">
         <name>.debug_info</name>
         <load_address>0x18a0</load_address>
         <run_address>0x18a0</run_address>
         <size>0x8b</size>
         <input_file_ref idref="fl-5"/>
      </object_component>
      <object_component id="oc-e4">
         <name>.debug_info</name>
         <load_address>0x192b</load_address>
         <run_address>0x192b</run_address>
         <size>0x2c</size>
         <input_file_ref idref="fl-5"/>
      </object_component>
      <object_component id="oc-155">
         <name>.debug_info</name>
         <load_address>0x1957</load_address>
         <run_address>0x1957</run_address>
         <size>0x4e</size>
         <input_file_ref idref="fl-5"/>
      </object_component>
      <object_component id="oc-3c">
         <name>.debug_info</name>
         <load_address>0x19a5</load_address>
         <run_address>0x19a5</run_address>
         <size>0x15a</size>
         <input_file_ref idref="fl-6"/>
      </object_component>
      <object_component id="oc-10">
         <name>.debug_info</name>
         <load_address>0x1aff</load_address>
         <run_address>0x1aff</run_address>
         <size>0xf3</size>
         <input_file_ref idref="fl-6"/>
      </object_component>
      <object_component id="oc-2f">
         <name>.debug_info</name>
         <load_address>0x1bf2</load_address>
         <run_address>0x1bf2</run_address>
         <size>0x26f</size>
         <input_file_ref idref="fl-6"/>
      </object_component>
      <object_component id="oc-15e">
         <name>.debug_info</name>
         <load_address>0x1e61</load_address>
         <run_address>0x1e61</run_address>
         <size>0x17e</size>
         <input_file_ref idref="fl-8"/>
      </object_component>
      <object_component id="oc-15b">
         <name>.debug_info</name>
         <load_address>0x1fdf</load_address>
         <run_address>0x1fdf</run_address>
         <size>0xfb</size>
         <input_file_ref idref="fl-8"/>
      </object_component>
      <object_component id="oc-a3">
         <name>.debug_info</name>
         <load_address>0x20da</load_address>
         <run_address>0x20da</run_address>
         <size>0x2ad7</size>
         <input_file_ref idref="fl-8"/>
      </object_component>
      <object_component id="oc-119">
         <name>.debug_info</name>
         <load_address>0x4bb1</load_address>
         <run_address>0x4bb1</run_address>
         <size>0x340</size>
         <input_file_ref idref="fl-c"/>
      </object_component>
      <object_component id="oc-136">
         <name>.debug_info</name>
         <load_address>0x4ef1</load_address>
         <run_address>0x4ef1</run_address>
         <size>0x1ad</size>
         <input_file_ref idref="fl-15"/>
      </object_component>
      <object_component id="oc-12a">
         <name>.debug_info</name>
         <load_address>0x509e</load_address>
         <run_address>0x509e</run_address>
         <size>0x104</size>
         <input_file_ref idref="fl-15"/>
      </object_component>
      <object_component id="oc-12d">
         <name>.debug_info</name>
         <load_address>0x51a2</load_address>
         <run_address>0x51a2</run_address>
         <size>0x152</size>
         <input_file_ref idref="fl-15"/>
      </object_component>
      <object_component id="oc-130">
         <name>.debug_info</name>
         <load_address>0x52f4</load_address>
         <run_address>0x52f4</run_address>
         <size>0x106</size>
         <input_file_ref idref="fl-15"/>
      </object_component>
      <object_component id="oc-133">
         <name>.debug_info</name>
         <load_address>0x53fa</load_address>
         <run_address>0x53fa</run_address>
         <size>0xf8</size>
         <input_file_ref idref="fl-15"/>
      </object_component>
      <object_component id="oc-90">
         <name>.debug_info</name>
         <load_address>0x54f2</load_address>
         <run_address>0x54f2</run_address>
         <size>0x314a</size>
         <input_file_ref idref="fl-15"/>
      </object_component>
      <object_component id="oc-175">
         <name>.debug_info</name>
         <load_address>0x863c</load_address>
         <run_address>0x863c</run_address>
         <size>0x195</size>
         <input_file_ref idref="fl-18"/>
      </object_component>
      <object_component id="oc-163">
         <name>.debug_info</name>
         <load_address>0x87d1</load_address>
         <run_address>0x87d1</run_address>
         <size>0xf3</size>
         <input_file_ref idref="fl-18"/>
      </object_component>
      <object_component id="oc-166">
         <name>.debug_info</name>
         <load_address>0x88c4</load_address>
         <run_address>0x88c4</run_address>
         <size>0xeb</size>
         <input_file_ref idref="fl-18"/>
      </object_component>
      <object_component id="oc-169">
         <name>.debug_info</name>
         <load_address>0x89af</load_address>
         <run_address>0x89af</run_address>
         <size>0xef</size>
         <input_file_ref idref="fl-18"/>
      </object_component>
      <object_component id="oc-16c">
         <name>.debug_info</name>
         <load_address>0x8a9e</load_address>
         <run_address>0x8a9e</run_address>
         <size>0xf5</size>
         <input_file_ref idref="fl-18"/>
      </object_component>
      <object_component id="oc-16f">
         <name>.debug_info</name>
         <load_address>0x8b93</load_address>
         <run_address>0x8b93</run_address>
         <size>0xf3</size>
         <input_file_ref idref="fl-18"/>
      </object_component>
      <object_component id="oc-172">
         <name>.debug_info</name>
         <load_address>0x8c86</load_address>
         <run_address>0x8c86</run_address>
         <size>0xf7</size>
         <input_file_ref idref="fl-18"/>
      </object_component>
      <object_component id="oc-160">
         <name>.debug_info</name>
         <load_address>0x8d7d</load_address>
         <run_address>0x8d7d</run_address>
         <size>0xf4</size>
         <input_file_ref idref="fl-18"/>
      </object_component>
      <object_component id="oc-a9">
         <name>.debug_info</name>
         <load_address>0x8e71</load_address>
         <run_address>0x8e71</run_address>
         <size>0xcf4</size>
         <input_file_ref idref="fl-18"/>
      </object_component>
      <object_component id="oc-128">
         <name>.debug_info</name>
         <load_address>0x9b65</load_address>
         <run_address>0x9b65</run_address>
         <size>0x206</size>
         <input_file_ref idref="fl-20"/>
      </object_component>
      <object_component id="oc-11f">
         <name>.debug_info</name>
         <load_address>0x9d6b</load_address>
         <run_address>0x9d6b</run_address>
         <size>0xea</size>
         <input_file_ref idref="fl-20"/>
      </object_component>
      <object_component id="oc-122">
         <name>.debug_info</name>
         <load_address>0x9e55</load_address>
         <run_address>0x9e55</run_address>
         <size>0xf6</size>
         <input_file_ref idref="fl-20"/>
      </object_component>
      <object_component id="oc-116">
         <name>.debug_info</name>
         <load_address>0x9f4b</load_address>
         <run_address>0x9f4b</run_address>
         <size>0xf0</size>
         <input_file_ref idref="fl-20"/>
      </object_component>
      <object_component id="oc-125">
         <name>.debug_info</name>
         <load_address>0xa03b</load_address>
         <run_address>0xa03b</run_address>
         <size>0xfd</size>
         <input_file_ref idref="fl-20"/>
      </object_component>
      <object_component id="oc-8a">
         <name>.debug_info</name>
         <load_address>0xa138</load_address>
         <run_address>0xa138</run_address>
         <size>0x2a79</size>
         <input_file_ref idref="fl-20"/>
      </object_component>
      <object_component id="oc-1dd">
         <name>.debug_info</name>
         <load_address>0xcbb1</load_address>
         <run_address>0xcbb1</run_address>
         <size>0x51</size>
         <input_file_ref idref="fl-20"/>
      </object_component>
      <object_component id="oc-180">
         <name>.debug_info</name>
         <load_address>0xcc02</load_address>
         <run_address>0xcc02</run_address>
         <size>0x1aa</size>
         <input_file_ref idref="fl-23"/>
      </object_component>
      <object_component id="oc-177">
         <name>.debug_info</name>
         <load_address>0xcdac</load_address>
         <run_address>0xcdac</run_address>
         <size>0xf7</size>
         <input_file_ref idref="fl-23"/>
      </object_component>
      <object_component id="oc-17a">
         <name>.debug_info</name>
         <load_address>0xcea3</load_address>
         <run_address>0xcea3</run_address>
         <size>0x143</size>
         <input_file_ref idref="fl-23"/>
      </object_component>
      <object_component id="oc-17d">
         <name>.debug_info</name>
         <load_address>0xcfe6</load_address>
         <run_address>0xcfe6</run_address>
         <size>0x109</size>
         <input_file_ref idref="fl-23"/>
      </object_component>
      <object_component id="oc-af">
         <name>.debug_info</name>
         <load_address>0xd0ef</load_address>
         <run_address>0xd0ef</run_address>
         <size>0x2354</size>
         <input_file_ref idref="fl-23"/>
      </object_component>
      <object_component id="oc-141">
         <name>.debug_info</name>
         <load_address>0xf443</load_address>
         <run_address>0xf443</run_address>
         <size>0x19f</size>
         <input_file_ref idref="fl-24"/>
      </object_component>
      <object_component id="oc-138">
         <name>.debug_info</name>
         <load_address>0xf5e2</load_address>
         <run_address>0xf5e2</run_address>
         <size>0xf4</size>
         <input_file_ref idref="fl-24"/>
      </object_component>
      <object_component id="oc-13b">
         <name>.debug_info</name>
         <load_address>0xf6d6</load_address>
         <run_address>0xf6d6</run_address>
         <size>0x13e</size>
         <input_file_ref idref="fl-24"/>
      </object_component>
      <object_component id="oc-13e">
         <name>.debug_info</name>
         <load_address>0xf814</load_address>
         <run_address>0xf814</run_address>
         <size>0x106</size>
         <input_file_ref idref="fl-24"/>
      </object_component>
      <object_component id="oc-96">
         <name>.debug_info</name>
         <load_address>0xf91a</load_address>
         <run_address>0xf91a</run_address>
         <size>0x2665</size>
         <input_file_ref idref="fl-24"/>
      </object_component>
      <object_component id="oc-154">
         <name>.debug_info</name>
         <load_address>0x11f7f</load_address>
         <run_address>0x11f7f</run_address>
         <size>0x248</size>
         <input_file_ref idref="fl-58"/>
      </object_component>
      <object_component id="oc-146">
         <name>.debug_info</name>
         <load_address>0x121c7</load_address>
         <run_address>0x121c7</run_address>
         <size>0xe5</size>
         <input_file_ref idref="fl-58"/>
      </object_component>
      <object_component id="oc-151">
         <name>.debug_info</name>
         <load_address>0x122ac</load_address>
         <run_address>0x122ac</run_address>
         <size>0xdf</size>
         <input_file_ref idref="fl-58"/>
      </object_component>
      <object_component id="oc-149">
         <name>.debug_info</name>
         <load_address>0x1238b</load_address>
         <run_address>0x1238b</run_address>
         <size>0xed</size>
         <input_file_ref idref="fl-58"/>
      </object_component>
      <object_component id="oc-143">
         <name>.debug_info</name>
         <load_address>0x12478</load_address>
         <run_address>0x12478</run_address>
         <size>0xf1</size>
         <input_file_ref idref="fl-58"/>
      </object_component>
      <object_component id="oc-9c">
         <name>.debug_info</name>
         <load_address>0x12569</load_address>
         <run_address>0x12569</run_address>
         <size>0x7d6</size>
         <input_file_ref idref="fl-58"/>
      </object_component>
      <object_component id="oc-25">
         <name>.debug_info</name>
         <load_address>0x12d3f</load_address>
         <run_address>0x12d3f</run_address>
         <size>0x161</size>
         <input_file_ref idref="fl-11a"/>
      </object_component>
      <object_component id="oc-48">
         <name>.debug_info</name>
         <load_address>0x12ea0</load_address>
         <run_address>0x12ea0</run_address>
         <size>0x141</size>
         <input_file_ref idref="fl-11b"/>
      </object_component>
      <object_component id="oc-16">
         <name>.debug_info</name>
         <load_address>0x12fe1</load_address>
         <run_address>0x12fe1</run_address>
         <size>0x1e0</size>
         <input_file_ref idref="fl-11b"/>
      </object_component>
      <object_component id="oc-43">
         <name>.debug_info</name>
         <load_address>0x131c1</load_address>
         <run_address>0x131c1</run_address>
         <size>0x46</size>
         <input_file_ref idref="fl-11b"/>
      </object_component>
      <object_component id="oc-d5">
         <name>.debug_info</name>
         <load_address>0x13207</load_address>
         <run_address>0x13207</run_address>
         <size>0x2c</size>
         <input_file_ref idref="fl-11b"/>
      </object_component>
      <object_component id="oc-50">
         <name>.debug_info</name>
         <load_address>0x13233</load_address>
         <run_address>0x13233</run_address>
         <size>0x135</size>
         <input_file_ref idref="fl-11c"/>
      </object_component>
      <object_component id="oc-4c">
         <name>.debug_info</name>
         <load_address>0x13368</load_address>
         <run_address>0x13368</run_address>
         <size>0x248</size>
         <input_file_ref idref="fl-11c"/>
      </object_component>
      <object_component id="oc-1b">
         <name>.debug_info</name>
         <load_address>0x135b0</load_address>
         <run_address>0x135b0</run_address>
         <size>0x1b2</size>
         <input_file_ref idref="fl-11c"/>
      </object_component>
      <object_component id="oc-51">
         <name>.debug_info</name>
         <load_address>0x13762</load_address>
         <run_address>0x13762</run_address>
         <size>0x39</size>
         <input_file_ref idref="fl-11c"/>
      </object_component>
      <object_component id="oc-105">
         <name>.debug_info</name>
         <load_address>0x1379b</load_address>
         <run_address>0x1379b</run_address>
         <size>0x235</size>
         <input_file_ref idref="fl-123"/>
      </object_component>
      <object_component id="oc-ff">
         <name>.debug_info</name>
         <load_address>0x139d0</load_address>
         <run_address>0x139d0</run_address>
         <size>0x186</size>
         <input_file_ref idref="fl-123"/>
      </object_component>
      <object_component id="oc-7c">
         <name>.debug_info</name>
         <load_address>0x13b56</load_address>
         <run_address>0x13b56</run_address>
         <size>0x215</size>
         <input_file_ref idref="fl-123"/>
      </object_component>
      <object_component id="oc-18c">
         <name>.debug_info</name>
         <load_address>0x13d6b</load_address>
         <run_address>0x13d6b</run_address>
         <size>0x145</size>
         <input_file_ref idref="fl-124"/>
      </object_component>
      <object_component id="oc-187">
         <name>.debug_info</name>
         <load_address>0x13eb0</load_address>
         <run_address>0x13eb0</run_address>
         <size>0x133</size>
         <input_file_ref idref="fl-127"/>
      </object_component>
      <object_component id="oc-191">
         <name>.debug_info</name>
         <load_address>0x13fe3</load_address>
         <run_address>0x13fe3</run_address>
         <size>0x127</size>
         <input_file_ref idref="fl-128"/>
      </object_component>
      <object_component id="oc-3f">
         <name>.debug_info</name>
         <load_address>0x1410a</load_address>
         <run_address>0x1410a</run_address>
         <size>0x112</size>
         <input_file_ref idref="fl-132"/>
      </object_component>
      <object_component id="oc-86">
         <name>.debug_info</name>
         <load_address>0x1421c</load_address>
         <run_address>0x1421c</run_address>
         <size>0x223</size>
         <input_file_ref idref="fl-133"/>
      </object_component>
      <object_component id="oc-2c">
         <name>.debug_info</name>
         <load_address>0x1443f</load_address>
         <run_address>0x1443f</run_address>
         <size>0x102</size>
         <input_file_ref idref="fl-133"/>
      </object_component>
      <object_component id="oc-228">
         <name>.debug_info</name>
         <load_address>0x14541</load_address>
         <run_address>0x14541</run_address>
         <size>0x14d</size>
         <input_file_ref idref="fl-133"/>
      </object_component>
      <object_component id="oc-197">
         <name>.debug_info</name>
         <load_address>0x1468e</load_address>
         <run_address>0x1468e</run_address>
         <size>0x88c</size>
         <input_file_ref idref="fl-133"/>
      </object_component>
      <object_component id="oc-10b">
         <name>.debug_info</name>
         <load_address>0x14f1a</load_address>
         <run_address>0x14f1a</run_address>
         <size>0x2c</size>
         <input_file_ref idref="fl-133"/>
      </object_component>
      <object_component id="oc-110">
         <name>.debug_info</name>
         <load_address>0x14f46</load_address>
         <run_address>0x14f46</run_address>
         <size>0x62</size>
         <input_file_ref idref="fl-133"/>
      </object_component>
      <object_component id="oc-57">
         <name>.debug_info</name>
         <load_address>0x14fa8</load_address>
         <run_address>0x14fa8</run_address>
         <size>0x140</size>
         <input_file_ref idref="fl-134"/>
      </object_component>
      <object_component id="oc-63">
         <name>.debug_info</name>
         <load_address>0x150e8</load_address>
         <run_address>0x150e8</run_address>
         <size>0x139</size>
         <input_file_ref idref="fl-135"/>
      </object_component>
      <object_component id="oc-69">
         <name>.debug_info</name>
         <load_address>0x15221</load_address>
         <run_address>0x15221</run_address>
         <size>0x149</size>
         <input_file_ref idref="fl-136"/>
      </object_component>
      <object_component id="oc-81">
         <name>.debug_info</name>
         <load_address>0x1536a</load_address>
         <run_address>0x1536a</run_address>
         <size>0x10a</size>
         <input_file_ref idref="fl-13a"/>
      </object_component>
      <object_component id="oc-14c">
         <name>.debug_info</name>
         <load_address>0x15474</load_address>
         <run_address>0x15474</run_address>
         <size>0x13b</size>
         <input_file_ref idref="fl-141"/>
      </object_component>
      <object_component id="oc-184">
         <name>.debug_info</name>
         <load_address>0x155af</load_address>
         <run_address>0x155af</run_address>
         <size>0x127</size>
         <input_file_ref idref="fl-142"/>
      </object_component>
      <object_component id="oc-1ce">
         <name>.debug_info</name>
         <load_address>0x156d6</load_address>
         <run_address>0x156d6</run_address>
         <size>0x125</size>
         <input_file_ref idref="fl-144"/>
      </object_component>
      <object_component id="oc-102">
         <name>.debug_info</name>
         <load_address>0x157fb</load_address>
         <run_address>0x157fb</run_address>
         <size>0x114</size>
         <input_file_ref idref="fl-144"/>
      </object_component>
      <object_component id="oc-1ca">
         <name>.debug_info</name>
         <load_address>0x1590f</load_address>
         <run_address>0x1590f</run_address>
         <size>0x220</size>
         <input_file_ref idref="fl-144"/>
      </object_component>
      <object_component id="oc-fd">
         <name>.debug_info</name>
         <load_address>0x15b2f</load_address>
         <run_address>0x15b2f</run_address>
         <size>0x167</size>
         <input_file_ref idref="fl-146"/>
      </object_component>
      <object_component id="oc-75">
         <name>.debug_info</name>
         <load_address>0x15c96</load_address>
         <run_address>0x15c96</run_address>
         <size>0x168</size>
         <input_file_ref idref="fl-146"/>
      </object_component>
      <object_component id="oc-1bf">
         <name>.debug_info</name>
         <load_address>0x15dfe</load_address>
         <run_address>0x15dfe</run_address>
         <size>0x5e</size>
         <input_file_ref idref="fl-146"/>
      </object_component>
      <object_component id="oc-fb">
         <name>.debug_info</name>
         <load_address>0x15e5c</load_address>
         <run_address>0x15e5c</run_address>
         <size>0x2ea</size>
         <input_file_ref idref="fl-148"/>
      </object_component>
      <object_component id="oc-6f">
         <name>.debug_info</name>
         <load_address>0x16146</load_address>
         <run_address>0x16146</run_address>
         <size>0x191</size>
         <input_file_ref idref="fl-148"/>
      </object_component>
      <object_component id="oc-1b3">
         <name>.debug_info</name>
         <load_address>0x162d7</load_address>
         <run_address>0x162d7</run_address>
         <size>0x39</size>
         <input_file_ref idref="fl-148"/>
      </object_component>
      <object_component id="oc-1b8">
         <name>.debug_info</name>
         <load_address>0x16310</load_address>
         <run_address>0x16310</run_address>
         <size>0xcd</size>
         <input_file_ref idref="fl-148"/>
      </object_component>
      <object_component id="oc-1af">
         <name>.debug_info</name>
         <load_address>0x163dd</load_address>
         <run_address>0x163dd</run_address>
         <size>0x1e1</size>
         <input_file_ref idref="fl-149"/>
      </object_component>
      <object_component id="oc-ef">
         <name>.debug_info</name>
         <load_address>0x165be</load_address>
         <run_address>0x165be</run_address>
         <size>0x184</size>
         <input_file_ref idref="fl-149"/>
      </object_component>
      <object_component id="oc-22f">
         <name>.debug_info</name>
         <load_address>0x16742</load_address>
         <run_address>0x16742</run_address>
         <size>0x2c</size>
         <input_file_ref idref="fl-149"/>
      </object_component>
      <object_component id="oc-1fb">
         <name>.debug_info</name>
         <load_address>0x1676e</load_address>
         <run_address>0x1676e</run_address>
         <size>0x148</size>
         <input_file_ref idref="fl-14d"/>
      </object_component>
      <object_component id="oc-f8">
         <name>.debug_info</name>
         <load_address>0x168b6</load_address>
[...]
         <value>0x2f0d</value>
         <object_component_ref idref="oc-ae"/>
      </symbol>
      <symbol id="sm-4d9">
         <name>TimerMatchGet</name>
         <value>0x2f69</value>
         <object_component_ref idref="oc-ae"/>
      </symbol>
      <symbol id="sm-4da">
         <name>TimerIntStatus</name>
         <value>0x304d</value>
         <object_component_ref idref="oc-ae"/>
      </symbol>
      <symbol id="sm-4db">
         <name>TimerClockSourceGet</name>
         <value>0x2db9</value>
         <object_component_ref idref="oc-ae"/>
      </symbol>
      <symbol id="sm-4dc">
         <name>TimerIntDisable</name>
         <value>0x3035</value>
         <object_component_ref idref="oc-ae"/>
      </symbol>
      <symbol id="sm-4dd">
         <name>TimerValueGet</name>
         <value>0x2ef1</value>
         <object_component_ref idref="oc-ae"/>
      </symbol>
      <symbol id="sm-4de">
         <name>TimerControlTrigger</name>
         <value>0x2c2d</value>
         <object_component_ref idref="oc-ae"/>
      </symbol>
      <symbol id="sm-4df">
         <name>TimerPrescaleSet</name>
         <value>0x2dc9</value>
         <object_component_ref idref="oc-ae"/>
      </symbol>
      <symbol id="sm-4e0">
         <name>TimerControlStall</name>
         <value>0x2cc5</value>
         <object_component_ref idref="oc-ae"/>
      </symbol>
      <symbol id="sm-4e1">
         <name>TimerMatchGet64</name>
         <value>0x2fa5</value>
         <object_component_ref idref="oc-ae"/>
      </symbol>
      <symbol id="sm-4e2">
         <name>TimerRTCEnable</name>
         <value>0x2d5b</value>
         <object_component_ref idref="oc-ae"/>
      </symbol>
      <symbol id="sm-4e3">
         <name>TimerLoadGet</name>
         <value>0x2e83</value>
         <object_component_ref idref="oc-ae"/>
      </symbol>
      <symbol id="sm-4e4">
         <name>TimerIntEnable</name>
         <value>0x301d</value>
         <object_component_ref idref="oc-ae"/>
      </symbol>
      <symbol id="sm-4e5">
         <name>TimerClockSourceSet</name>
         <value>0x2d9d</value>
         <object_component_ref idref="oc-ae"/>
      </symbol>
      <symbol id="sm-4e6">
         <name>TimerLoadSet64</name>
         <value>0x2e9f</value>
         <object_component_ref idref="oc-ae"/>
      </symbol>
      <symbol id="sm-4e7">
         <name>TimerDMAEventGet</name>
         <value>0x30c1</value>
         <object_component_ref idref="oc-ae"/>
      </symbol>
      <symbol id="sm-4e8">
         <name>TimerRTCDisable</name>
         <value>0x2d71</value>
         <object_component_ref idref="oc-ae"/>
      </symbol>
      <symbol id="sm-4e9">
         <name>TimerADCEventGet</name>
         <value>0x30a1</value>
         <object_component_ref idref="oc-ae"/>
      </symbol>
      <symbol id="sm-4ea">
         <name>TimerPrescaleMatchSet</name>
         <value>0x2e0f</value>
         <object_component_ref idref="oc-ae"/>
      </symbol>
      <symbol id="sm-4eb">
         <name>TimerControlWaitOnTrigger</name>
         <value>0x2cfb</value>
         <object_component_ref idref="oc-ae"/>
      </symbol>
      <symbol id="sm-4ec">
         <name>TimerConfigure</name>
         <value>0x2b7b</value>
         <object_component_ref idref="oc-ae"/>
      </symbol>
      <symbol id="sm-4ed">
         <name>TimerControlEvent</name>
         <value>0x2c9b</value>
         <object_component_ref idref="oc-ae"/>
      </symbol>
      <symbol id="sm-4ee">
         <name>TimerIntClear</name>
         <value>0x306b</value>
         <object_component_ref idref="oc-ae"/>
      </symbol>
      <symbol id="sm-4ef">
         <name>TimerSynchronize</name>
         <value>0x307d</value>
         <object_component_ref idref="oc-ae"/>
      </symbol>
      <symbol id="sm-56c">
         <name>UARTClockSourceGet</name>
         <value>0x2a1d</value>
         <object_component_ref idref="oc-95"/>
      </symbol>
      <symbol id="sm-56d">
         <name>UARTCharPutNonBlocking</name>
         <value>0x2891</value>
         <object_component_ref idref="oc-95"/>
      </symbol>
      <symbol id="sm-56e">
         <name>UARTDMAEnable</name>
         <value>0x29b7</value>
         <object_component_ref idref="oc-95"/>
      </symbol>
      <symbol id="sm-56f">
         <name>UARTTxIntModeSet</name>
         <value>0x27f5</value>
         <object_component_ref idref="oc-95"/>
      </symbol>
      <symbol id="sm-570">
         <name>UARTFIFODisable</name>
         <value>0x269b</value>
         <object_component_ref idref="oc-95"/>
      </symbol>
      <symbol id="sm-571">
         <name>UARTIntUnregister</name>
         <value>0x293d</value>
         <object_component_ref idref="oc-95"/>
      </symbol>
      <symbol id="sm-572">
         <name>UARTRxErrorClear</name>
         <value>0x29f9</value>
         <object_component_ref idref="oc-95"/>
      </symbol>
      <symbol id="sm-573">
         <name>UARTModemControlSet</name>
         <value>0x273d</value>
         <object_component_ref idref="oc-95"/>
      </symbol>
      <symbol id="sm-574">
         <name>UARTFlowControlSet</name>
         <value>0x27c7</value>
         <object_component_ref idref="oc-95"/>
      </symbol>
      <symbol id="sm-575">
         <name>UARTConfigSetExpClk</name>
         <value>0x2575</value>
         <object_component_ref idref="oc-95"/>
      </symbol>
      <symbol id="sm-576">
         <name>UARTSmartCardDisable</name>
         <value>0x2727</value>
         <object_component_ref idref="oc-95"/>
      </symbol>
      <symbol id="sm-577">
         <name>UARTDisable</name>
         <value>0x265b</value>
         <object_component_ref idref="oc-95"/>
      </symbol>
      <symbol id="sm-578">
         <name>UART9BitDisable</name>
         <value>0x2a43</value>
         <object_component_ref idref="oc-95"/>
      </symbol>
      <symbol id="sm-579">
         <name>UARTFIFOLevelGet</name>
         <value>0x254d</value>
         <object_component_ref idref="oc-95"/>
      </symbol>
      <symbol id="sm-57a">
         <name>UARTBusy</name>
         <value>0x28fd</value>
         <object_component_ref idref="oc-95"/>
      </symbol>
      <symbol id="sm-57b">
         <name>UARTDisableSIR</name>
         <value>0x26df</value>
         <object_component_ref idref="oc-95"/>
      </symbol>
      <symbol id="sm-57c">
         <name>UARTIntEnable</name>
         <value>0x2957</value>
         <object_component_ref idref="oc-95"/>
      </symbol>
      <symbol id="sm-57d">
         <name>UARTCharsAvail</name>
         <value>0x2823</value>
         <object_component_ref idref="oc-95"/>
      </symbol>
      <symbol id="sm-57e">
         <name>UARTCharGetNonBlocking</name>
         <value>0x285f</value>
         <object_component_ref idref="oc-95"/>
      </symbol>
      <symbol id="sm-57f">
         <name>UARTClockSourceSet</name>
         <value>0x2a09</value>
         <object_component_ref idref="oc-95"/>
      </symbol>
      <symbol id="sm-580">
         <name>UARTTxIntModeGet</name>
         <value>0x2811</value>
         <object_component_ref idref="oc-95"/>
      </symbol>
      <symbol id="sm-581">
         <name>UARTModemStatusGet</name>
         <value>0x27b3</value>
         <object_component_ref idref="oc-95"/>
      </symbol>
      <symbol id="sm-582">
         <name>UARTIntDisable</name>
         <value>0x296f</value>
         <object_component_ref idref="oc-95"/>
      </symbol>
      <symbol id="sm-583">
         <name>UARTCharPut</name>
         <value>0x28b5</value>
         <object_component_ref idref="oc-95"/>
      </symbol>
      <symbol id="sm-584">
         <name>UARTParityModeSet</name>
         <value>0x2507</value>
         <object_component_ref idref="oc-95"/>
      </symbol>
      <symbol id="sm-585">
         <name>UARTRxErrorGet</name>
         <value>0x29e7</value>
         <object_component_ref idref="oc-95"/>
      </symbol>
      <symbol id="sm-586">
         <name>UARTConfigGetExpClk</name>
         <value>0x25eb</value>
         <object_component_ref idref="oc-95"/>
      </symbol>
      <symbol id="sm-587">
         <name>UARTEnableSIR</name>
         <value>0x26b1</value>
         <object_component_ref idref="oc-95"/>
      </symbol>
      <symbol id="sm-588">
         <name>UARTEnable</name>
         <value>0x2637</value>
         <object_component_ref idref="oc-95"/>
      </symbol>
      <symbol id="sm-589">
         <name>UART9BitAddrSend</name>
         <value>0x2a7f</value>
         <object_component_ref idref="oc-95"/>
      </symbol>
      <symbol id="sm-58a">
         <name>UARTModemControlGet</name>
         <value>0x27a1</value>
         <object_component_ref idref="oc-95"/>
      </symbol>
      <symbol id="sm-58b">
         <name>UARTSmartCardEnable</name>
         <value>0x26f5</value>
         <object_component_ref idref="oc-95"/>
      </symbol>
      <symbol id="sm-58c">
         <name>UARTFlowControlGet</name>
         <value>0x27e3</value>
         <object_component_ref idref="oc-95"/>
      </symbol>
      <symbol id="sm-58d">
         <name>UARTFIFOEnable</name>
         <value>0x2685</value>
         <object_component_ref idref="oc-95"/>
      </symbol>
      <symbol id="sm-58e">
         <name>UARTIntClear</name>
         <value>0x29a5</value>
         <object_component_ref idref="oc-95"/>
      </symbol>
      <symbol id="sm-58f">
         <name>UARTIntStatus</name>
         <value>0x2987</value>
         <object_component_ref idref="oc-95"/>
      </symbol>
      <symbol id="sm-590">
         <name>UARTDMADisable</name>
         <value>0x29cf</value>
         <object_component_ref idref="oc-95"/>
      </symbol>
      <symbol id="sm-591">
         <name>UART9BitEnable</name>
         <value>0x2a2d</value>
         <object_component_ref idref="oc-95"/>
      </symbol>
      <symbol id="sm-592">
         <name>UARTSpaceAvail</name>
         <value>0x2841</value>
         <object_component_ref idref="oc-95"/>
      </symbol>
      <symbol id="sm-593">
         <name>UARTCharGet</name>
         <value>0x287b</value>
         <object_component_ref idref="oc-95"/>
      </symbol>
      <symbol id="sm-594">
         <name>UARTFIFOLevelSet</name>
         <value>0x2535</value>
         <object_component_ref idref="oc-95"/>
      </symbol>
      <symbol id="sm-595">
         <name>UARTModemControlClear</name>
         <value>0x277d</value>
         <object_component_ref idref="oc-95"/>
      </symbol>
      <symbol id="sm-596">
         <name>UARTParityModeGet</name>
         <value>0x2523</value>
         <object_component_ref idref="oc-95"/>
      </symbol>
      <symbol id="sm-597">
         <name>UARTIntRegister</name>
         <value>0x291b</value>
         <object_component_ref idref="oc-95"/>
      </symbol>
      <symbol id="sm-598">
         <name>UARTBreakCtl</name>
         <value>0x28d3</value>
         <object_component_ref idref="oc-95"/>
      </symbol>
      <symbol id="sm-599">
         <name>UART9BitAddrSet</name>
         <value>0x2a59</value>
         <object_component_ref idref="oc-95"/>
      </symbol>
      <symbol id="sm-63b">
         <name>UARTgetc</name>
         <value>0x3217</value>
         <object_component_ref idref="oc-9b"/>
      </symbol>
      <symbol id="sm-63c">
         <name>UARTgets</name>
         <value>0x315d</value>
         <object_component_ref idref="oc-9b"/>
      </symbol>
      <symbol id="sm-63d">
         <name>UARTStdioConfig</name>
         <value>0x30d1</value>
         <object_component_ref idref="oc-9b"/>
      </symbol>
      <symbol id="sm-63e">
         <name>UARTwrite</name>
         <value>0x3117</value>
         <object_component_ref idref="oc-9b"/>
      </symbol>
      <symbol id="sm-63f">
         <name>UARTprintf</name>
         <value>0x3537</value>
         <object_component_ref idref="oc-9b"/>
      </symbol>
      <symbol id="sm-640">
         <name>UARTvprintf</name>
         <value>0x323d</value>
         <object_component_ref idref="oc-9b"/>
      </symbol>
      <symbol id="sm-653">
         <name>_c_int00</name>
         <value>0x44b9</value>
         <object_component_ref idref="oc-24"/>
      </symbol>
      <symbol id="sm-654">
         <name>__stack</name>
         <value>0x2000026c</value>
         <object_component_ref idref="oc-2a"/>
      </symbol>
      <symbol id="sm-66b">
         <name>__TI_decompress_none</name>
         <value>0x46c1</value>
         <object_component_ref idref="oc-12"/>
      </symbol>
      <symbol id="sm-68e">
         <name>__TI_decompress_rle24</name>
         <value>0x46e1</value>
         <object_component_ref idref="oc-18"/>
      </symbol>
      <symbol id="sm-6b5">
         <name>C$$EXIT</name>
         <value>0x450d</value>
         <object_component_ref idref="oc-7a"/>
      </symbol>
      <symbol id="sm-6b6">
         <name>abort</name>
         <value>0x4511</value>
         <object_component_ref idref="oc-7a"/>
      </symbol>
      <symbol id="sm-6b7">
         <name>exit</name>
         <value>0x4519</value>
         <object_component_ref idref="oc-7a"/>
      </symbol>
      <symbol id="sm-6b8">
         <name>__TI_dtors_ptr</name>
         <value>0x2000051c</value>
         <object_component_ref idref="oc-fe"/>
      </symbol>
      <symbol id="sm-6b9">
         <name>__TI_cleanup_ptr</name>
         <value>0x20000518</value>
         <object_component_ref idref="oc-fe"/>
      </symbol>
      <symbol id="sm-6ba">
         <name>__TI_enable_exit_profile_output</name>
         <value>0x20000520</value>
         <object_component_ref idref="oc-fe"/>
      </symbol>
      <symbol id="sm-6d1">
         <name>__aeabi_dsub</name>
         <value>0x3ee5</value>
         <object_component_ref idref="oc-18b"/>
      </symbol>
      <symbol id="sm-6d2">
         <name>__aeabi_dadd</name>
         <value>0x3eef</value>
         <object_component_ref idref="oc-18b"/>
      </symbol>
      <symbol id="sm-6df">
         <name>__aeabi_dmul</name>
         <value>0x409b</value>
         <object_component_ref idref="oc-186"/>
      </symbol>
      <symbol id="sm-6e9">
         <name>__aeabi_d2iz</name>
         <value>0x45ad</value>
         <object_component_ref idref="oc-190"/>
      </symbol>
      <symbol id="sm-70d">
         <name>memcpy</name>
         <value>0x4261</value>
         <object_component_ref idref="oc-3d"/>
      </symbol>
      <symbol id="sm-70e">
         <name>__aeabi_memcpy</name>
         <value>0x4261</value>
         <object_component_ref idref="oc-3d"/>
      </symbol>
      <symbol id="sm-70f">
         <name>__aeabi_memcpy8</name>
         <value>0x4261</value>
         <object_component_ref idref="oc-3d"/>
      </symbol>
      <symbol id="sm-710">
         <name>__aeabi_memcpy4</name>
         <value>0x4261</value>
         <object_component_ref idref="oc-3d"/>
      </symbol>
      <symbol id="sm-784">
         <name>_sys_memory</name>
         <value>0x200005b8</value>
         <object_component_ref idref="oc-2b"/>
      </symbol>
      <symbol id="sm-785">
         <name>free</name>
         <value>0x3663</value>
         <object_component_ref idref="oc-196"/>
      </symbol>
      <symbol id="sm-786">
         <name>realloc</name>
         <value>0x3725</value>
         <object_component_ref idref="oc-196"/>
      </symbol>
      <symbol id="sm-787">
         <name>memalign</name>
         <value>0x3831</value>
         <object_component_ref idref="oc-196"/>
      </symbol>
      <symbol id="sm-788">
         <name>calloc</name>
         <value>0x3915</value>
         <object_component_ref idref="oc-196"/>
      </symbol>
      <symbol id="sm-789">
         <name>malloc</name>
         <value>0x35fb</value>
         <object_component_ref idref="oc-196"/>
      </symbol>
      <symbol id="sm-78a">
         <name>minit</name>
         <value>0x356d</value>
         <object_component_ref idref="oc-196"/>
      </symbol>
      <symbol id="sm-799">
         <name>__aeabi_memset</name>
         <value>0x42ff</value>
         <object_component_ref idref="oc-56"/>
      </symbol>
      <symbol id="sm-79a">
         <name>memset</name>
         <value>0x4305</value>
         <object_component_ref idref="oc-56"/>
      </symbol>
      <symbol id="sm-79b">
         <name>__aeabi_memset8</name>
         <value>0x42ff</value>
         <object_component_ref idref="oc-56"/>
      </symbol>
      <symbol id="sm-79c">
         <name>__aeabi_memset4</name>
         <value>0x42ff</value>
         <object_component_ref idref="oc-56"/>
      </symbol>
      <symbol id="sm-79d">
         <name>__aeabi_memclr8</name>
         <value>0x42fd</value>
         <object_component_ref idref="oc-56"/>
      </symbol>
      <symbol id="sm-79e">
         <name>__aeabi_memclr4</name>
         <value>0x42fd</value>
         <object_component_ref idref="oc-56"/>
      </symbol>
      <symbol id="sm-79f">
         <name>__aeabi_memclr</name>
         <value>0x42fd</value>
         <object_component_ref idref="oc-56"/>
      </symbol>
      <symbol id="sm-7a9">
         <name>__mpu_init</name>
         <value>0x30cf</value>
         <object_component_ref idref="oc-62"/>
      </symbol>
      <symbol id="sm-7b3">
         <name>_system_pre_init</name>
         <value>0x46e7</value>
         <object_component_ref idref="oc-68"/>
      </symbol>
      <symbol id="sm-7be">
         <name>main_func_sp</name>
         <value>0x20000540</value>
         <object_component_ref idref="oc-80"/>
      </symbol>
      <symbol id="sm-7d3">
         <name>__aeabi_uidivmod</name>
         <value>0x45f5</value>
         <object_component_ref idref="oc-14b"/>
      </symbol>
      <symbol id="sm-7d4">
         <name>__aeabi_uidiv</name>
         <value>0x45f5</value>
         <object_component_ref idref="oc-14b"/>
      </symbol>
      <symbol id="sm-7de">
         <name>__aeabi_ui2d</name>
         <value>0x4673</value>
         <object_component_ref idref="oc-181"/>
      </symbol>
      <symbol id="sm-7f8">
         <name>_nop</name>
         <value>0x46bb</value>
         <object_component_ref idref="oc-1c6"/>
      </symbol>
      <symbol id="sm-7f9">
         <name>_lock</name>
         <value>0x20000530</value>
         <object_component_ref idref="oc-101"/>
      </symbol>
      <symbol id="sm-7fa">
         <name>_unlock</name>
         <value>0x20000534</value>
         <object_component_ref idref="oc-101"/>
      </symbol>
      <symbol id="sm-7fb">
         <name>_register_lock</name>
         <value>0x46b3</value>
         <object_component_ref idref="oc-1c6"/>
      </symbol>
      <symbol id="sm-7fc">
         <name>_register_unlock</name>
         <value>0x46ad</value>
         <object_component_ref idref="oc-1c6"/>
      </symbol>
      <symbol id="sm-811">
         <name>_args_main</name>
         <value>0x4695</value>
         <object_component_ref idref="oc-74"/>
      </symbol>
      <symbol id="sm-837">
         <name>__TI_auto_init</name>
         <value>0x4379</value>
         <object_component_ref idref="oc-6e"/>
      </symbol>
      <symbol id="sm-851">
         <name>copy_in</name>
         <value>0x4561</value>
         <object_component_ref idref="oc-ee"/>
      </symbol>
      <symbol id="sm-85e">
         <name>__aeabi_idiv0</name>
         <value>0x2ac7</value>
         <object_component_ref idref="oc-1f9"/>
      </symbol>
      <symbol id="sm-870">
         <name>_system_post_cinit</name>
         <value>0x4197</value>
         <object_component_ref idref="oc-f4"/>
      </symbol>
      <symbol id="sm-877">
         <name>__TI_static_base__</name>
         <value>0x0</value>
      </symbol>
      <symbol id="sm-87a">
         <name>SHT$$INIT_ARRAY$$Limit</name>
         <value>0x0</value>
      </symbol>
      <symbol id="sm-87b">
         <name>SHT$$INIT_ARRAY$$Base</name>
         <value>0x0</value>
      </symbol>
   </symbol_table>
   <title>Link successful</title>
</link_info>
