******************************************************************************
                  TI ARM Linker Unix v15.12.3                  
******************************************************************************
>> Linked Fri Dec 23 10:47:23 2016

OUTPUT FILE NAME:   <Embedded.out>
ENTRY POINT SYMBOL: "_c_int00"  address: 000128c5


MEMORY CONFIGURATION

         name            origin    length      used     unused   attr    fill
----------------------  --------  ---------  --------  --------  ----  --------
  FLASH                 00000000   00040000  00014232  0002bdce  R  X
  SRAM                  20000000   00008000  00001a9b  00006565  RW X


SEGMENT ALLOCATION MAP

run origin  load origin   length   init length attrs members
----------  ----------- ---------- ----------- ----- -------
00000000    00000000    00014234   00014234    r-x
  00000000    00000000    0000026c   0000026c    r-- .intvecs
  0000026c    0000026c    00012992   00012992    r-x .text
  00012c00    00012c00    000015c0   000015c0    r-- .const
  000141c0    000141c0    00000074   00000074    r-- .cinit
20000000    20000000    00000310   00000000    rw-
  20000000    20000000    0000026c   00000000    rw- .vtable
  2000026c    2000026c    00000098   00000000    rw- .data
  20000308    20000308    00000008   00000000    rw- .sysmem
20000400    20000400    00001790   00000000    rw-
  20000400    20000400    0000158f   00000000    rw- .bss
  20001990    20001990    00000200   00000000    rw- .stack


SECTION ALLOCATION MAP

 output                                  attributes/
section   page    origin      length       input sections
--------  ----  ----------  ----------   ----------------
.intvecs   0    00000000    0000026c     
                  00000000    0000026c     tm4c123gh6pm_startup_ccs.obj (.intvecs)

.text      0    0000026c    00012992     
                  0000026c    00002b04     usbhostenum.obj (.text)
                  00002d70    00002a20     ff.obj (.text)
                  00005790    000015b4     usb.obj (.text)
                  00006d44    00001188     usbdenum.obj (.text)
                  00007ecc    00001110     rtsv7M4_T_le_v4SPD16_eabi.lib : _printfi.obj (.text)
                  00008fdc    00000f00     sysctl.obj (.text)
                  00009edc    00000e44     usbdma.obj (.text)
                  0000ad20    00000c84     ustdlib.obj (.text)
                  0000b9a4    00000bbc     gpio.obj (.text)
                  0000c560    00000904     usbhhub.obj (.text)
                  0000ce64    0000077c     adc.obj (.text)
                  0000d5e0    000006a8     i2c.obj (.text)
                  0000dc88    0000065c     main.obj (.text)
                  0000e2e4    00000622     uart.obj (.text)
                  0000e906    00000002     rtsv7M4_T_le_v4SPD16_eabi.lib : i_div0.obj (.text)
                  0000e908    00000606     timer.obj (.text)
                  0000ef0e    00000002     rtsv7M4_T_le_v4SPD16_eabi.lib : mpu_init.obj (.text)
                  0000ef10    000004e0     udma.obj (.text)
                  0000f3f0    0000049c     uartstdio.obj (.text)
                  0000f88c    00000488     usbmode.obj (.text)
                  0000fd14    000003c8     usbhmsc.obj (.text)
                  000100dc    000003c4     usbstick.obj (.text)
                  000104a0    000003c0     interrupt.obj (.text)
                  00010860    000003bc     usbhscsi.obj (.text)
                  00010c1c    00000388     usbdconfig.obj (.text)
                  00010fa4    00000352     ssi.obj (.text)
                  000112f6    00000002     rtsv7M4_T_le_v4SPD16_eabi.lib : startup.obj (.text)
                  000112f8    0000033c     fix_fft.obj (.text)
                  00011634    000002de     usbdcdesc.obj (.text)
                  00011912    000001f4     rtsv7M4_T_le_v4SPD16_eabi.lib : ull_div_t2.obj (.text)
                  00011b06    000001d2     usbdesc.obj (.text)
                  00011cd8    000001b6     rtsv7M4_T_le_v4SPD16_eabi.lib : fd_add_t2.obj (.text)
                  00011e8e    00000136                                   : fd_div_t2.obj (.text)
                  00011fc4    000000fc                                   : fd_mul_t2.obj (.text)
                  000120c0    000000fc                                   : s_scalbn.obj (.text)
                  000121bc    000000ec     usbtick.obj (.text)
                  000122a8    000000de     diskio.obj (.text)
                  00012386    000000c8     usbulpi.obj (.text)
                  0001244e    0000009c     rtsv7M4_T_le_v4SPD16_eabi.lib : memcpy_t2.obj (.text)
                  000124ea    00000086                                   : fd_cmp_t2.obj (.text:__aeabi_cdcmple)
                  00012570    00000086                                   : fd_cmp_t2.obj (.text:__aeabi_cdrcmple)
                  000125f6    0000007a                                   : memset_t2.obj (.text)
                  00012670    00000070                                   : autoinit.obj (.text)
                  000126e0    0000006a                                   : copy_decompress_rle.obj (.text)
                  0001274a    00000002     --HOLE-- [fill = 0]
                  0001274c    00000064                                   : s_frexp.obj (.text)
                  000127b0    00000060                                   : sprintf.obj (.text)
                  00012810    0000005c     usbdisk.obj (.text)
                  0001286c    00000056     rtsv7M4_T_le_v4SPD16_eabi.lib : ltoa.obj (.text)
                  000128c2    00000002     --HOLE-- [fill = 0]
                  000128c4    00000054                                   : boot.obj (.text)
                  00012918    00000054                                   : exit.obj (.text)
                  0001296c    0000004c                                   : atoi.obj (.text)
                  000129b8    0000004c                                   : cpy_tbl.obj (.text)
                  00012a04    00000048                                   : fd_toi_t2.obj (.text)
                  00012a4c    00000040                                   : u_divt2.obj (.text)
                  00012a8c    0000003e     cpu.obj (.text)
                  00012aca    0000002e     rtsv7M4_T_le_v4SPD16_eabi.lib : i_tofd_t2.obj (.text)
                  00012af8    0000002a     fix_fft.obj (.text:FIX_MPY)
                  00012b22    00000002     --HOLE-- [fill = 0]
                  00012b24    00000028     rtsv7M4_T_le_v4SPD16_eabi.lib : e_sqrtf.obj (.text)
                  00012b4c    0000001c                                   : memccpy.obj (.text)
                  00012b68    00000018                                   : args_main.obj (.text)
                  00012b80    00000016                                   : strchr.obj (.text)
                  00012b96    00000002     --HOLE-- [fill = 0]
                  00012b98    00000014                                   : _lock.obj (.text)
                  00012bac    00000014                                   : s_copysign.obj (.text)
                  00012bc0    00000014                                   : strlen.obj (.text)
                  00012bd4    0000000e                                   : copy_decompress_none.obj (.text:decompress:none)
                  00012be2    0000000c     tm4c123gh6pm_startup_ccs.obj (.text)
                  00012bee    00000006     sysctl.obj (.text:SysCtlDelay)
                  00012bf4    00000006     rtsv7M4_T_le_v4SPD16_eabi.lib : copy_decompress_rle.obj (.text:decompress:rle24)
                  00012bfa    00000004                                   : pre_init.obj (.text)

.const     0    00012c00    000015c0     
                  00012c00    00000c00     fix_fft.obj (.const:Sinewave)
                  00013800    00000120     sysctl.obj (.const:g_pppui32XTALtoVCO)
                  00013920    00000101     rtsv7M4_T_le_v4SPD16_eabi.lib : ctype.obj (.const:.string:_ctypes_)
                  00013a21    000000da     usbstick.obj (.const:.string:g_pcCSVHeaderLine)
                  00013afb    00000001     --HOLE-- [fill = 0]
                  00013afc    000000c0     gpio.obj (.const:g_ppui32GPIOIntMapBlizzard)
                  00013bbc    000000c0     gpio.obj (.const:g_ppui32GPIOIntMapSnowflake)
                  00013c7c    0000009c     interrupt.obj (.const:g_pui32Regs)
                  00013d18    00000090     gpio.obj (.const:g_pui32GPIOBaseAddrs)
                  00013da8    0000006c     sysctl.obj (.const:g_pui32Xtals)
                  00013e14    00000060     timer.obj (.const:g_ppui32TimerIntMap)
                  00013e74    00000050     i2c.obj (.const:g_ppui32I2CIntMapSnowflake)
                  00013ec4    00000040     timer.obj (.const:g_ppui32TimerIntMapSnowflake)
                  00013f04    00000040     uart.obj (.const:g_ppui32UARTIntMap)
                  00013f44    00000040     uart.obj (.const:g_ppui32UARTIntMapSnowflake)
                  00013f84    00000038     sysctl.obj (.const:g_sXTALtoMEMTIM)
                  00013fbc    00000034     usbdenum.obj (.const:g_psUSBDStdRequests)
                  00013ff0    00000030     i2c.obj (.const:g_ppui32I2CIntMap)
                  00014020    00000030     ustdlib.obj (.const:g_psDaysToMonth)
                  00014050    00000020     ssi.obj (.const:g_ppui32SSIIntMap)
                  00014070    00000020     ssi.obj (.const:g_ppui32SSIIntMapSnowflake)
                  00014090    00000020     interrupt.obj (.const:g_pui32Priority)
                  000140b0    00000018     ustdlib.obj (.const:g_pfExponents)
                  000140c8    00000014     interrupt.obj (.const:g_pui32Dii16Regs)
                  000140dc    00000014     interrupt.obj (.const:g_pui32EnRegs)
                  000140f0    00000014     interrupt.obj (.const:g_pui32PendRegs)
                  00014104    00000014     interrupt.obj (.const:g_pui32UnpendRegs)
                  00014118    00000012     uartstdio.obj (.const:.string)
                  0001412a    00000002     --HOLE-- [fill = 0]
                  0001412c    00000012     ustdlib.obj (.const:.string)
                  0001413e    00000002     --HOLE-- [fill = 0]
                  00014140    00000010     usbstick.obj (.const:g_sUSBEventDriver)
                  00014150    00000010     usbhmsc.obj (.const:g_sUSBHostMSCClassDriver)
                  00014160    0000000c     uartstdio.obj (.const:g_ui32UARTBase)
                  0001416c    0000000c     uartstdio.obj (.const:g_ui32UARTPeriph)
                  00014178    00000008     usbstick.obj (.const:g_ppHostClassDrivers)
                  00014180    00000008     sysctl.obj (.const:g_pui32VCOFrequencies)
                  00014188    00000008     gpio.obj (.const)
                  00014190    00000008     i2c.obj (.const)
                  00014198    00000008     ssi.obj (.const)
                  000141a0    00000008     timer.obj (.const)
                  000141a8    00000008     uart.obj (.const)
                  000141b0    00000004     fix_fft.obj (.const)
                  000141b4    00000004     uartstdio.obj (.const)
                  000141b8    00000004     usbstick.obj (.const)
                  000141bc    00000004     ustdlib.obj (.const)

.cinit     0    000141c0    00000074     
                  000141c0    00000036     (.cinit..data.load) [load image, compression = rle]
                  000141f6    00000002     --HOLE-- [fill = 0]
                  000141f8    0000000b     (.cinit..bss.load) [load image, compression = rle]
                  00014203    00000005     --HOLE-- [fill = 0]
                  00014208    0000000b     (.cinit..vtable.load) [load image, compression = rle]
                  00014213    00000001     --HOLE-- [fill = 0]
                  00014214    00000008     (__TI_handler_table)
                  0001421c    00000018     (__TI_cinit_table)

.init_array 
*          0    00000000    00000000     UNINITIALIZED

.vtable    0    20000000    0000026c     UNINITIALIZED
                  20000000    0000026c     interrupt.obj (.vtable)

.data      0    2000026c    00000098     UNINITIALIZED
                  2000026c    0000001c     usbhmsc.obj (.data:g_sUSBHMSCDevice)
                  20000288    00000018     usbhostenum.obj (.data:g_sUSBHEP0State)
                  200002a0    00000014     usbhostenum.obj (.data)
                  200002b4    0000000c     rtsv7M4_T_le_v4SPD16_eabi.lib : exit.obj (.data:$O1$$)
                  200002c0    0000000c     usbtick.obj (.data)
                  200002cc    00000009     usbmode.obj (.data)
                  200002d5    00000001     main.obj (.data)
                  200002d6    00000002     --HOLE--
                  200002d8    00000008     rtsv7M4_T_le_v4SPD16_eabi.lib : _lock.obj (.data:$O1$$)
                  200002e0    00000008     usbdenum.obj (.data)
                  200002e8    00000008     usbstick.obj (.data)
                  200002f0    00000005     uartstdio.obj (.data)
                  200002f5    00000003     --HOLE--
                  200002f8    00000004     rtsv7M4_T_le_v4SPD16_eabi.lib : errno.obj (.data)
                  200002fc    00000004                                   : stkdepth_vars.obj (.data)
                  20000300    00000004     ustdlib.obj (.data)

.sysmem    0    20000308    00000008     UNINITIALIZED
                  20000308    00000008     rtsv7M4_T_le_v4SPD16_eabi.lib : memory.obj (.sysmem)

.bss       0    20000400    0000158f     UNINITIALIZED
                  20000400    000006cc     usbhostenum.obj (.bss:g_sUSBHCD)
                  20000acc    00000110     usbdma.obj (.bss:g_psUSBDMAInst)
                  20000bdc    00000018     usbhostenum.obj (.bss:g_pi32USBHActiveDriver)
                  20000bf4    00000008     usbhostenum.obj (.bss:g_pui32Alloc)
                  20000bfc    00000004     ff.obj (.bss:FatFs)
                  20000c00    00000400     (.common:udmaCtrlTable)
                  20001000    00000234     usbstick.obj (.bss:g_sFatFs)
                  20001234    00000224     usbstick.obj (.bss:g_sFileObject)
                  20001458    00000100     usbstick.obj (.bss:pcBuf$2)
                  20001558    00000100     (.common:imag)
                  20001658    00000100     (.common:real)
                  20001758    0000009c     usbhhub.obj (.bss:g_sRootHub)
                  200017f4    00000080     (.common:out_fft)
                  20001874    00000050     (.common:g_psDCDInst)
                  200018c4    00000040     usbdenum.obj (.bss:g_pui8DataBufferIn)
                  20001904    00000018     usbhostenum.obj (.bss:g_ppvDriverInstance)
                  2000191c    00000018     (.common:g_pfnTickHandlers)
                  20001934    00000018     (.common:g_pvTickInstance)
                  2000194c    00000010     usbstick.obj (.bss:pcFilename$1)
                  2000195c    00000008     usbhhub.obj (.bss)
                  20001964    00000004     main.obj (.bss:TxBuf)
                  20001968    00000004     adc.obj (.bss:g_pui8OversampleFactor)
                  2000196c    00000004     usbdenum.obj (.bss)
                  20001970    00000004     usbhostenum.obj (.bss)
                  20001974    00000004     usbmode.obj (.bss)
                  20001978    00000004     (.common:ADC_OUT)
                  2000197c    00000004     (.common:currentFile)
                  20001980    00000004     (.common:g_ppsDevInfo)
                  20001984    00000004     (.common:g_ui32PollRate)
                  20001988    00000002     ff.obj (.bss)
                  2000198a    00000002     (.common:fft_counter)
                  2000198c    00000001     (.common:can_send_fft)
                  2000198d    00000001     (.common:g_eOTGModeState)
                  2000198e    00000001     (.common:g_iState)

.stack     0    20001990    00000200     UNINITIALIZED
                  20001990    00000200     --HOLE--

MODULE SUMMARY

       Module                         code    ro data   rw data
       ------                         ----    -------   -------
    ./
       fix_fft.obj                    870     3076      0      
       main.obj                       1628    0         1680   
       usbstick.obj                   964     246       1393   
       tm4c123gh6pm_startup_ccs.obj   12      620       0      
    +--+------------------------------+-------+---------+---------+
       Total:                         3474    3942      3073   
                                                               
    ./driverlib/
       usb.obj                        5556    0         0      
       sysctl.obj                     3846    460       0      
       gpio.obj                       3004    536       0      
       adc.obj                        1916    0         4      
       interrupt.obj                  960     268       620    
       i2c.obj                        1704    136       0      
       timer.obj                      1542    168       0      
       uart.obj                       1570    136       0      
       udma.obj                       1248    0         0      
       ssi.obj                        850     72        0      
       cpu.obj                        62      0         0      
    +--+------------------------------+-------+---------+---------+
       Total:                         22258   1776      624    
                                                               
    ./fatfs/src/
       ff.obj                         10784   0         6      
       diskio.obj                     222     0         0      
       usbdisk.obj                    92      0         0      
    +--+------------------------------+-------+---------+---------+
       Total:                         11098   0         6      
                                                               
    ./usblib/
       usbdma.obj                     3652    0         272    
       usbmode.obj                    1160    0         18     
       usbdesc.obj                    466     0         0      
       usbtick.obj                    236     0         60     
       usbulpi.obj                    200     0         0      
    +--+------------------------------+-------+---------+---------+
       Total:                         5714    0         350    
                                                               
    ./usblib/device/
       usbdenum.obj                   4488    52        160    
       usbdconfig.obj                 904     0         0      
       usbdcdesc.obj                  734     0         0      
    +--+------------------------------+-------+---------+---------+
       Total:                         6126    52        160    
                                                               
    ./usblib/host/
       usbhostenum.obj                11012   0         1844   
       usbhhub.obj                    2308    0         164    
       usbhmsc.obj                    968     16        28     
       usbhscsi.obj                   956     0         0      
    +--+------------------------------+-------+---------+---------+
       Total:                         15244   16        2036   
                                                               
    ./utils/
       ustdlib.obj                    3204    94        4      
       uartstdio.obj                  1180    46        5      
    +--+------------------------------+-------+---------+---------+
       Total:                         4384    140       9      
                                                               
    /Volumes/Macintosh HD/Applications/cc/ccsv6/tools/compiler/arm_15.12.3.LTS/lib/rtsv7M4_T_le_v4SPD16_eabi.lib
       _printfi.obj                   4368    0         0      
       ull_div_t2.obj                 500     0         0      
       fd_add_t2.obj                  438     0         0      
       fd_div_t2.obj                  310     0         0      
       fd_cmp_t2.obj                  268     0         0      
       ctype.obj                      0       257       0      
       fd_mul_t2.obj                  252     0         0      
       s_scalbn.obj                   252     0         0      
       memcpy_t2.obj                  156     0         0      
       memset_t2.obj                  122     0         0      
       autoinit.obj                   112     0         0      
       copy_decompress_rle.obj        112     0         0      
       s_frexp.obj                    100     0         0      
       exit.obj                       84      0         12     
       sprintf.obj                    96      0         0      
       ltoa.obj                       86      0         0      
       boot.obj                       84      0         0      
       atoi.obj                       76      0         0      
       cpy_tbl.obj                    76      0         0      
       fd_toi_t2.obj                  72      0         0      
       u_divt2.obj                    64      0         0      
       i_tofd_t2.obj                  46      0         0      
       e_sqrtf.obj                    40      0         0      
       _lock.obj                      20      0         8      
       memccpy.obj                    28      0         0      
       args_main.obj                  24      0         0      
       strchr.obj                     22      0         0      
       s_copysign.obj                 20      0         0      
       strlen.obj                     20      0         0      
       copy_decompress_none.obj       14      0         0      
       errno.obj                      0       0         4      
       pre_init.obj                   4       0         0      
       stkdepth_vars.obj              0       0         4      
       i_div0.obj                     2       0         0      
       mpu_init.obj                   2       0         0      
       startup.obj                    2       0         0      
    +--+------------------------------+-------+---------+---------+
       Total:                         7872    257       28     
                                                               
       Heap:                          0       0         8      
       Stack:                         0       0         512    
       Linker Generated:              0       108       0      
    +--+------------------------------+-------+---------+---------+
       Grand Total:                   76170   6291      6806   


LINKER GENERATED COPY TABLES

__TI_cinit_table @ 0001421c records: 3, size/record: 8, table size: 24
	.data: load addr=000141c0, load size=00000036 bytes, run addr=2000026c, run size=00000098 bytes, compression=rle
	.bss: load addr=000141f8, load size=0000000b bytes, run addr=20000400, run size=0000158f bytes, compression=rle
	.vtable: load addr=00014208, load size=0000000b bytes, run addr=20000000, run size=0000026c bytes, compression=rle


LINKER GENERATED HANDLER TABLE

__TI_handler_table @ 00014214 records: 2, size/record: 4, table size: 8
	index: 0, handler: __TI_decompress_rle24
	index: 1, handler: __TI_decompress_none


GLOBAL SYMBOLS: SORTED ALPHABETICALLY BY Name 

address   name                                 
-------   ----                                 
0000de2b  ADC0IntHandler                       
0000dec9  ADC0SS3IntHandler                    
0000d559  ADCBusy                              
0000d5a1  ADCClockConfigGet                    
0000d577  ADCClockConfigSet                    
0000d373  ADCComparatorConfigure               
0000d443  ADCComparatorIntClear                
0000d3f9  ADCComparatorIntDisable              
0000d417  ADCComparatorIntEnable               
0000d435  ADCComparatorIntStatus               
0000d38f  ADCComparatorRegionSet               
0000d3b3  ADCComparatorReset                   
0000d341  ADCHardwareOversampleConfigure       
0000cf69  ADCIntClear                          
0000d4bb  ADCIntClearEx                        
0000cecf  ADCIntDisable                        
0000d455  ADCIntDisableEx                      
0000ceeb  ADCIntEnable                         
0000d46d  ADCIntEnableEx                       
0000ce89  ADCIntRegister                       
0000cf11  ADCIntStatus                         
0000d489  ADCIntStatusEx                       
0000ceb1  ADCIntUnregister                     
0000d513  ADCPhaseDelayGet                     
0000d501  ADCPhaseDelaySet                     
0000d1b7  ADCProcessorTrigger                  
0000d4ef  ADCReferenceGet                      
0000d4d3  ADCReferenceSet                      
0000cfb3  ADCSequenceConfigure                 
0000d53d  ADCSequenceDMADisable                
0000d521  ADCSequenceDMAEnable                 
0000d175  ADCSequenceDataGet                   
0000cf99  ADCSequenceDisable                   
0000cf7f  ADCSequenceEnable                    
0000d113  ADCSequenceOverflow                  
0000d131  ADCSequenceOverflowClear             
0000d025  ADCSequenceStepConfigure             
0000d147  ADCSequenceUnderflow                 
0000d15f  ADCSequenceUnderflowClear            
0000d1db  ADCSoftwareOversampleConfigure       
0000d2d3  ADCSoftwareOversampleDataGet         
0000d213  ADCSoftwareOversampleStepConfigure   
20001978  ADC_OUT                              
0000de01  ADCprocess                           
00012919  C$$EXIT                              
00012ac1  CPUbasepriGet                        
00012ab3  CPUbasepriSet                        
00012a8d  CPUcpsid                             
00012aa3  CPUcpsie                             
00012a99  CPUprimask                           
00012aaf  CPUwfi                               
0000026d  ConfigDescAlloc                      
00000303  ConfigDescFree                       
00012af9  FIX_MPY                              
0000c53b  GPIOADCTriggerDisable                
0000c51d  GPIOADCTriggerEnable                 
0000c4ff  GPIODMATriggerDisable                
0000c4e1  GPIODMATriggerEnable                 
0000ba63  GPIODirModeGet                       
0000ba07  GPIODirModeSet                       
0000bfd7  GPIOIntClear                         
0000bf9b  GPIOIntDisable                       
0000bf81  GPIOIntEnable                        
0000bfeb  GPIOIntRegister                      
0000bfb5  GPIOIntStatus                        
0000bb53  GPIOIntTypeGet                       
0000baaf  GPIOIntTypeSet                       
0000c009  GPIOIntUnregister                    
0000be2f  GPIOPadConfigGet                     
0000bbf1  GPIOPadConfigSet                     
0000c483  GPIOPinConfigure                     
0000c023  GPIOPinRead                          
0000c05b  GPIOPinTypeADC                       
0000c07f  GPIOPinTypeCAN                       
0000c44f  GPIOPinTypeCIR                       
0000c0a3  GPIOPinTypeComparator                
0000c0c7  GPIOPinTypeEPI                       
0000c0eb  GPIOPinTypeEthernetLED               
0000c10f  GPIOPinTypeEthernetMII               
0000c133  GPIOPinTypeFan                       
0000c157  GPIOPinTypeGPIOInput                 
0000c17b  GPIOPinTypeGPIOOutput                
0000c19f  GPIOPinTypeGPIOOutputOD              
0000c1c3  GPIOPinTypeI2C                       
0000c1e7  GPIOPinTypeI2CSCL                    
0000c407  GPIOPinTypeKBColumn                  
0000c3e3  GPIOPinTypeKBRow                     
0000c20b  GPIOPinTypeLCD                       
0000c42b  GPIOPinTypeLEDSeq                    
0000c22f  GPIOPinTypeLPC                       
0000c253  GPIOPinTypePECIRx                    
0000c277  GPIOPinTypePECITx                    
0000c29b  GPIOPinTypePWM                       
0000c2bf  GPIOPinTypeQEI                       
0000c2e3  GPIOPinTypeSSI                       
0000c307  GPIOPinTypeTimer                     
0000c32b  GPIOPinTypeUART                      
0000c34f  GPIOPinTypeUSBAnalog                 
0000c373  GPIOPinTypeUSBDigital                
0000c397  GPIOPinTypeWakeHigh                  
0000c3bd  GPIOPinTypeWakeLow                   
0000c473  GPIOPinWakeStatus                    
0000c03b  GPIOPinWrite                         
0000e101  I2C0SlaveIntHandler                  
0000dbe3  I2CFIFODataGet                       
0000dbfd  I2CFIFODataGetNonBlocking            
0000db99  I2CFIFODataPut                       
0000dbbb  I2CFIFODataPutNonBlocking            
0000db89  I2CFIFOStatus                        
0000d775  I2CIntRegister                       
0000d793  I2CIntUnregister                     
0000dc39  I2CMasterBurstCountGet               
0000dc23  I2CMasterBurstLengthSet              
0000d9e1  I2CMasterBusBusy                     
0000d9c9  I2CMasterBusy                        
0000d9f9  I2CMasterControl                     
0000da4d  I2CMasterDataGet                     
0000da37  I2CMasterDataPut                     
0000d741  I2CMasterDisable                     
0000d70d  I2CMasterEnable                      
0000da0b  I2CMasterErr                         
0000dc47  I2CMasterGlitchFilterConfigSet       
0000d643  I2CMasterInitExpClk                  
0000d943  I2CMasterIntClear                    
0000d961  I2CMasterIntClearEx                  
0000d807  I2CMasterIntDisable                  
0000d817  I2CMasterIntDisableEx                
0000d7ad  I2CMasterIntEnable                   
0000d7bd  I2CMasterIntEnableEx                 
0000d861  I2CMasterIntStatus                   
0000d8b5  I2CMasterIntStatusEx                 
0000d9bb  I2CMasterLineStateGet                
0000d999  I2CMasterSlaveAddrSet                
0000da5b  I2CMasterTimeoutSet                  
0000db49  I2CRxFIFOConfigSet                   
0000db71  I2CRxFIFOFlush                       
0000da6d  I2CSlaveACKOverride                  
0000da9f  I2CSlaveACKValueSet                  
0000d6cf  I2CSlaveAddressSet                   
0000daf9  I2CSlaveDataGet                      
0000dae1  I2CSlaveDataPut                      
0000d757  I2CSlaveDisable                      
0000d723  I2CSlaveEnable                       
0000dc77  I2CSlaveFIFODisable                  
0000dc5f  I2CSlaveFIFOEnable                   
0000d6b5  I2CSlaveInit                         
0000d973  I2CSlaveIntClear                     
0000d985  I2CSlaveIntClearEx                   
0000d82f  I2CSlaveIntDisable                   
0000d847  I2CSlaveIntDisableEx                 
0000d7d5  I2CSlaveIntEnable                    
0000d7ed  I2CSlaveIntEnableEx                  
0000d8d9  I2CSlaveIntStatus                    
0000d921  I2CSlaveIntStatusEx                  
0000dad1  I2CSlaveStatus                       
0000db09  I2CTxFIFOConfigSet                   
0000db31  I2CTxFIFOFlush                       
0000dee9  InitADC                              
0000dd99  InitConsole                          
0000e09f  InitI2C0                             
0000dfff  InitSPI                              
0000dfb1  InitSW1                              
00010661  IntDisable                           
000105ef  IntEnable                            
000106d3  IntIsEnabled                         
000104b3  IntMasterDisable                     
000104a3  IntMasterEnable                      
000107c9  IntPendClear                         
00010759  IntPendSet                           
000105cb  IntPriorityGet                       
00010543  IntPriorityGroupingGet               
00010529  IntPriorityGroupingSet               
00010823  IntPriorityMaskGet                   
00010817  IntPriorityMaskSet                   
0001057b  IntPrioritySet                       
000104c3  IntRegister                          
0001082b  IntTrigger                           
00010515  IntUnregister                        
000021dd  InternalUSBHCDSendEvent              
00012203  InternalUSBRegisterTickHandler       
00012253  InternalUSBStartOfFrameTick          
000121bd  InternalUSBTickInit                  
000121fb  InternalUSBTickReset                 
0000fc05  OTGDeviceDisconnect                  
00012be3  ResetISR                             
UNDEFED   SHT$$INIT_ARRAY$$Base                
UNDEFED   SHT$$INIT_ARRAY$$Limit               
0000ddd5  SSI0IntHandler                       
00011279  SSIAdvDataPutFrameEnd                
0001129f  SSIAdvDataPutFrameEndNonBlocking     
000112e1  SSIAdvFrameHoldDisable               
000112cb  SSIAdvFrameHoldEnable                
0001125d  SSIAdvModeSet                        
000111ff  SSIBusy                              
00011231  SSIClockSourceGet                    
0001121d  SSIClockSourceSet                    
00011007  SSIConfigSetExpClk                   
000111e7  SSIDMADisable                        
000111cf  SSIDMAEnable                         
00011191  SSIDataGet                           
000111ad  SSIDataGetNonBlocking                
00011157  SSIDataPut                           
00011171  SSIDataPutNonBlocking                
000110a9  SSIDisable                           
00011093  SSIEnable                            
00011145  SSIIntClear                          
0001110f  SSIIntDisable                        
000110f7  SSIIntEnable                         
000110bf  SSIIntRegister                       
00011127  SSIIntStatus                         
000110dd  SSIIntUnregister                     
0000de59  SW1_IntHandler                       
00012c00  Sinewave                             
00009dbb  SysCtlADCSpeedGet                    
00009d91  SysCtlADCSpeedSet                    
00009e87  SysCtlAltClkConfig                   
00009649  SysCtlClockFreqSet                   
00009b35  SysCtlClockGet                       
00009e6b  SysCtlClockOutConfig                 
00009965  SysCtlClockSet                       
00009549  SysCtlDeepSleep                      
00009ca9  SysCtlDeepSleepClockConfigSet        
00009c89  SysCtlDeepSleepClockSet              
00009529  SysCtlDeepSleepPowerSet              
00012bef  SysCtlDelay                          
000090d5  SysCtlFlashSectorSizeGet             
000090a9  SysCtlFlashSizeGet                   
00009de5  SysCtlGPIOAHBDisable                 
00009dc9  SysCtlGPIOAHBEnable                  
000094bd  SysCtlIntClear                       
000094a5  SysCtlIntDisable                     
00009491  SysCtlIntEnable                      
00009469  SysCtlIntRegister                    
000094cd  SysCtlIntStatus                      
00009481  SysCtlIntUnregister                  
0000950f  SysCtlLDODeepSleepGet                
000094ff  SysCtlLDODeepSleepSet                
000094f9  SysCtlLDOSleepGet                    
000094e9  SysCtlLDOSleepSet                    
0000957f  SysCtlMOSCConfigSet                  
00009e57  SysCtlNMIClear                       
00009e51  SysCtlNMIStatus                      
00009595  SysCtlPIOSCCalibrate                 
00009d77  SysCtlPWMClockGet                    
00009d5d  SysCtlPWMClockSet                    
00009415  SysCtlPeripheralClockGating          
000093cd  SysCtlPeripheralDeepSleepDisable     
0000937d  SysCtlPeripheralDeepSleepEnable      
000092b9  SysCtlPeripheralDisable              
0000927d  SysCtlPeripheralEnable               
000091b9  SysCtlPeripheralPowerOff             
0000917d  SysCtlPeripheralPowerOn              
000090fd  SysCtlPeripheralPresent              
0000913d  SysCtlPeripheralReady                
000091f5  SysCtlPeripheralReset                
00009341  SysCtlPeripheralSleepDisable         
000092fd  SysCtlPeripheralSleepEnable          
00009539  SysCtlReset                          
000095f5  SysCtlResetBehaviorGet               
000095e5  SysCtlResetBehaviorSet               
0000956b  SysCtlResetCauseClear                
00009565  SysCtlResetCauseGet                  
0000909f  SysCtlSRAMSizeGet                    
00009541  SysCtlSleep                          
00009515  SysCtlSleepPowerSet                  
00009e0d  SysCtlUSBPLLDisable                  
00009e01  SysCtlUSBPLLEnable                   
00009e39  SysCtlVoltageEventClear              
00009e19  SysCtlVoltageEventConfig             
00009e29  SysCtlVoltageEventStatus             
0000debd  Timer0IntHandler                     
0000eee1  TimerADCEventGet                     
0000eecf  TimerADCEventSet                     
0000ebf9  TimerClockSourceGet                  
0000ebdd  TimerClockSourceSet                  
0000e9bb  TimerConfigure                       
0000eadb  TimerControlEvent                    
0000ea37  TimerControlLevel                    
0000eb05  TimerControlStall                    
0000ea6d  TimerControlTrigger                  
0000eb3b  TimerControlWaitOnTrigger            
0000ef01  TimerDMAEventGet                     
0000eeef  TimerDMAEventSet                     
0000e99d  TimerDisable                         
0000e97f  TimerEnable                          
0000eeab  TimerIntClear                        
0000ee75  TimerIntDisable                      
0000ee5d  TimerIntEnable                       
0000ee17  TimerIntRegister                     
0000ee8d  TimerIntStatus                       
0000ee3f  TimerIntUnregister                   
0000ecc3  TimerLoadGet                         
0000ecff  TimerLoadGet64                       
0000ec99  TimerLoadSet                         
0000ecdf  TimerLoadSet64                       
0000eda9  TimerMatchGet                        
0000ede5  TimerMatchGet64                      
0000ed7f  TimerMatchSet                        
0000edc5  TimerMatchSet64                      
0000ec33  TimerPrescaleGet                     
0000ec7d  TimerPrescaleMatchGet                
0000ec4f  TimerPrescaleMatchSet                
0000ec09  TimerPrescaleSet                     
0000ebb1  TimerRTCDisable                      
0000eb9b  TimerRTCEnable                       
0000eebd  TimerSynchronize                     
0000ed31  TimerValueGet                        
0000ed4d  TimerValueGet64                      
0000e8bf  UART9BitAddrSend                     
0000e899  UART9BitAddrSet                      
0000e883  UART9BitDisable                      
0000e86d  UART9BitEnable                       
0000e713  UARTBreakCtl                         
0000e73d  UARTBusy                             
0000e6bb  UARTCharGet                          
0000e69f  UARTCharGetNonBlocking               
0000e6f5  UARTCharPut                          
0000e6d1  UARTCharPutNonBlocking               
0000e663  UARTCharsAvail                       
0000e85d  UARTClockSourceGet                   
0000e849  UARTClockSourceSet                   
0000e42b  UARTConfigGetExpClk                  
0000e3b5  UARTConfigSetExpClk                  
0000e80f  UARTDMADisable                       
0000e7f7  UARTDMAEnable                        
0000e49b  UARTDisable                          
0000e51f  UARTDisableSIR                       
0000e477  UARTEnable                           
0000e4f1  UARTEnableSIR                        
0000e4db  UARTFIFODisable                      
0000e4c5  UARTFIFOEnable                       
0000e38d  UARTFIFOLevelGet                     
0000e375  UARTFIFOLevelSet                     
0000e623  UARTFlowControlGet                   
0000e607  UARTFlowControlSet                   
0000e7e5  UARTIntClear                         
0000e7af  UARTIntDisable                       
0000e797  UARTIntEnable                        
0000e75b  UARTIntRegister                      
0000e7c7  UARTIntStatus                        
0000e77d  UARTIntUnregister                    
0000e5bd  UARTModemControlClear                
0000e5e1  UARTModemControlGet                  
0000e57d  UARTModemControlSet                  
0000e5f3  UARTModemStatusGet                   
0000e363  UARTParityModeGet                    
0000e347  UARTParityModeSet                    
0000e839  UARTRxErrorClear                     
0000e827  UARTRxErrorGet                       
0000e567  UARTSmartCardDisable                 
0000e535  UARTSmartCardEnable                  
0000e681  UARTSpaceAvail                       
0000f3f1  UARTStdioConfig                      
0000e651  UARTTxIntModeGet                     
0000e635  UARTTxIntModeSet                     
0000f537  UARTgetc                             
0000f47d  UARTgets                             
0000f857  UARTprintf                           
0000f55d  UARTvprintf                          
0000f437  UARTwrite                            
00012387  ULPIConfigSet                        
00012429  ULPIPowerTransceiver                 
0000f949  USB0DualModeIntHandler               
000020f3  USB0HostIntHandler                   
0000fb1d  USB0OTGModeIntHandler                
00006987  USBClockDisable                      
0000696b  USBClockEnable                       
00006957  USBControllerVersion                 
0001178d  USBDCDConfigDescGet                  
0001173f  USBDCDConfigDescGetNum               
00011707  USBDCDConfigDescGetSize              
0001186f  USBDCDConfigGetInterface             
000118a5  USBDCDConfigGetInterfaceEndpoint     
0001181b  USBDCDConfigGetNumAlternateInterfaces
00006d45  USBDCDDeviceInfoInit                 
00006ff9  USBDCDFeatureSet                     
00006d81  USBDCDInit                           
00006fa1  USBDCDPowerStatusSet                 
000070c9  USBDCDRemoteWakeLPM                  
000070e3  USBDCDRemoteWakeupRequest            
00006f31  USBDCDRequestDataEP0                 
00006f57  USBDCDSendDataEP0                    
00006f79  USBDCDSetDefaultConfiguration        
00006f8b  USBDCDStallEP0                       
00006ee9  USBDCDTerm                           
00006abf  USBDMAChannelAddressGet              
00006aa3  USBDMAChannelAddressSet              
00006a29  USBDMAChannelConfigSet               
00006af3  USBDMAChannelCountGet                
00006ad7  USBDMAChannelCountSet                
00006a09  USBDMAChannelDisable                 
000069e9  USBDMAChannelEnable                  
000069b9  USBDMAChannelIntDisable              
00006999  USBDMAChannelIntEnable               
000069d9  USBDMAChannelIntStatus               
00006a59  USBDMAChannelStatus                  
00006a79  USBDMAChannelStatusClear             
00006b0b  USBDMANumChannels                    
00011b63  USBDescGet                           
00011c87  USBDescGetInterface                  
00011cb5  USBDescGetInterfaceEndpoint          
00011b07  USBDescGetNum                        
00011bcd  USBDescGetNumAlternateInterfaces     
00005dc5  USBDevAddrGet                        
00005db1  USBDevAddrSet                        
00005d85  USBDevConnect                        
00005d9b  USBDevDisconnect                     
000060fb  USBDevEndpointConfigGet              
00006009  USBDevEndpointConfigSet              
00006485  USBDevEndpointDataAck                
00005caf  USBDevEndpointStall                  
00005d11  USBDevEndpointStallClear             
00005b2b  USBDevEndpointStatusClear            
00006c77  USBDevLPMConfig                      
00006ca5  USBDevLPMDisable                     
00006c8d  USBDevLPMEnable                      
00006c5f  USBDevLPMRemoteWake                  
000068bf  USBDevMode                           
000058f1  USBDevSpeedGet                       
00010ce3  USBDeviceConfig                      
00010ed9  USBDeviceConfigAlternate             
000071f5  USBDeviceEnumHandler                 
00007319  USBDeviceEnumResetHandler            
00007ce9  USBDeviceIntHandlerInternal          
00007119  USBDeviceResumeTickHandler           
0000f995  USBDualModeInit                      
0000f9f3  USBDualModeTerm                      
00006871  USBEndpointDMAChannel                
000062b7  USBEndpointDMAConfigSet              
00006389  USBEndpointDMADisable                
0000634f  USBEndpointDMAEnable                 
000063c3  USBEndpointDataAvail                 
000063fb  USBEndpointDataGet                   
000064f5  USBEndpointDataPut                   
00006559  USBEndpointDataSend                  
00005c49  USBEndpointDataToggleClear           
00006923  USBEndpointPacketCountSet            
00005ab7  USBEndpointStatus                    
00006847  USBFIFOAddrGet                       
00006251  USBFIFOConfigGet                     
000061eb  USBFIFOConfigSet                     
000065b1  USBFIFOFlush                         
0000680b  USBFrameNumberGet                    
000026f9  USBHCDControlTransfer                
00002acb  USBHCDDevAddress                     
00002af5  USBHCDDevClass                       
00002aa7  USBHCDDevHubPort                     
00002b99  USBHCDDevProtocol                    
00002b4d  USBHCDDevSubClass                    
0000041b  USBHCDEventDisable                   
000003eb  USBHCDEventEnable                    
0001011d  USBHCDEvents                         
00002be9  USBHCDFeatureSet                     
00002835  USBHCDHubDeviceConnected             
000028cd  USBHCDHubDeviceDisconnected          
000013a5  USBHCDInit                           
00002d31  USBHCDLPMResume                      
00002cd5  USBHCDLPMSleep                       
00002ca1  USBHCDLPMStatus                      
00002315  USBHCDMain                           
0000084d  USBHCDPipeAlloc                      
000005f1  USBHCDPipeAllocSize                  
00000895  USBHCDPipeConfig                     
00000d65  USBHCDPipeDataAck                    
00000f81  USBHCDPipeFree                       
00000d95  USBHCDPipeRead                       
00000d1d  USBHCDPipeReadNonBlocking            
00000c0d  USBHCDPipeSchedule                   
00000a0f  USBHCDPipeStatus                     
000005cb  USBHCDPipeTransferSizeGet            
00000a49  USBHCDPipeWrite                      
00001371  USBHCDPowerAutomatic                 
000012e7  USBHCDPowerConfigGet                 
000012d5  USBHCDPowerConfigInit                
00001305  USBHCDPowerConfigSet                 
00001485  USBHCDRegisterDrivers                
0000157d  USBHCDReset                          
000015bb  USBHCDResume                         
00001779  USBHCDSetAddress                     
000018a5  USBHCDSetConfig                      
000018ed  USBHCDSetInterface                   
00001721  USBHCDStringDescriptorGet            
000015af  USBHCDSuspend                        
000014d5  USBHCDTerm                           
0000cdf1  USBHHubClose                         
0000cd95  USBHHubEnumerationComplete           
0000cdb7  USBHHubEnumerationError              
0000ce05  USBHHubInit                          
0000ce1f  USBHHubLPMSleep                      
0000ce2d  USBHHubLPMStatus                     
0000cb69  USBHHubMain                          
0000cdd9  USBHHubOpen                          
0001001d  USBHMSCBlockRead                     
00010071  USBHMSCBlockWrite                    
0000ffff  USBHMSCDriveClose                    
0000ffdd  USBHMSCDriveOpen                     
0000fe87  USBHMSCDriveReady                    
000100bb  USBHMSCLPMSleep                      
000100c9  USBHMSCLPMStatus                     
00010901  USBHSCSIInquiry                      
00010a03  USBHSCSIModeSense6                   
00010b09  USBHSCSIRead10                       
000109b1  USBHSCSIReadCapacities               
00010959  USBHSCSIReadCapacity                 
00010aad  USBHSCSIRequestSense                 
00010a5b  USBHSCSITestUnitReady                
00010b95  USBHSCSIWrite10                      
0000585f  USBHighSpeed                         
000066c1  USBHostAddrGet                       
00006689  USBHostAddrSet                       
00001939  USBHostCheckPipes                    
00005dd9  USBHostEndpointConfig                
000064c3  USBHostEndpointDataAck               
00005bad  USBHostEndpointDataToggle            
00005c83  USBHostEndpointPing                  
00005f73  USBHostEndpointSpeed                 
00005ae3  USBHostEndpointStatusClear           
00006753  USBHostHubAddrGet                    
000066ef  USBHostHubAddrSet                    
000019f9  USBHostIntHandlerInternal            
00006c23  USBHostLPMConfig                     
00006c47  USBHostLPMResume                     
00006bdb  USBHostLPMSend                       
000068ad  USBHostMode                          
00006781  USBHostPwrConfig                     
000067f3  USBHostPwrDisable                    
000067db  USBHostPwrEnable                     
000067c3  USBHostPwrFaultDisable               
000067ab  USBHostPwrFaultEnable                
00006621  USBHostRequestIN                     
00006649  USBHostRequestINClear                
00006677  USBHostRequestStatus                 
00005831  USBHostReset                         
0000588d  USBHostResume                        
000058bb  USBHostSpeedGet                      
0000581b  USBHostSuspend                       
00005909  USBIntDisableControl                 
000059cd  USBIntDisableEndpoint                
00005947  USBIntEnableControl                  
000059fb  USBIntEnableEndpoint                 
00005a7f  USBIntRegister                       
00005981  USBIntStatusControl                  
00005a29  USBIntStatusEndpoint                 
00005a9d  USBIntUnregister                     
00006cd1  USBLPMEndpointGet                    
00006d2b  USBLPMIntDisable                     
00006d11  USBLPMIntEnable                      
00006d01  USBLPMIntStatus                      
00006cbd  USBLPMLinkStateGet                   
00006ce7  USBLPMRemoteWakeEnabled              
0000ab3f  USBLibDMAAddrGet                     
0000ab6f  USBLibDMAInit                        
0000ab57  USBLibDMASizeGet                     
000068e3  USBModeConfig                        
0000685d  USBModeGet                           
00006943  USBNumEndpointsGet                   
0000fcc1  USBOTGFeatureSet                     
0000fc25  USBOTGMain                           
000068d1  USBOTGMode                           
0000fa3d  USBOTGModeInit                       
0000fa15  USBOTGModeTerm                       
0000fafb  USBOTGPollRate                       
00006819  USBOTGSessionRequest                 
000068f7  USBPHYPowerOff                       
0000690d  USBPHYPowerOn                        
0000f90d  USBStackModeSet                      
00010205  USBStickCloseFile                    
00010157  USBStickInit                         
00010261  USBStickOpenLogFile                  
00010189  USBStickRun                          
00010351  USBStickWriteRecord                  
00006b1d  USBULPIConfig                        
00006b4b  USBULPIDisable                       
00006b33  USBULPIEnable                        
00006b63  USBULPIRegRead                       
00006b9b  USBULPIRegWrite                      
00012811  USB_disk_initialize                  
00012859  USB_disk_ioctl                       
0001282d  USB_disk_read                        
0001281f  USB_disk_status                      
00012843  USB_disk_write                       
20001b90  __STACK_END                          
00000200  __STACK_SIZE                         
20001b90  __STACK_TOP                          
00000008  __SYSMEM_SIZE                        
0001421c  __TI_CINIT_Base                      
00014234  __TI_CINIT_Limit                     
00014214  __TI_Handler_Table_Base              
0001421c  __TI_Handler_Table_Limit             
00012671  __TI_auto_init                       
200002b4  __TI_cleanup_ptr                     
00012bd5  __TI_decompress_none                 
00012bf5  __TI_decompress_rle24                
200002b8  __TI_dtors_ptr                       
200002bc  __TI_enable_exit_profile_output      
ffffffff  __TI_pprof_out_hndl                  
00008cd7  __TI_printfi                         
ffffffff  __TI_prof_data_size                  
ffffffff  __TI_prof_data_start                 
00000000  __TI_static_base__                   
000124eb  __aeabi_cdcmpeq                      
000124eb  __aeabi_cdcmple                      
00012571  __aeabi_cdrcmple                     
00012a05  __aeabi_d2iz                         
00011ce3  __aeabi_dadd                         
00011e8f  __aeabi_ddiv                         
00011fc5  __aeabi_dmul                         
00011cd9  __aeabi_dsub                         
00012acb  __aeabi_i2d                          
0000e907  __aeabi_idiv0                        
000125f7  __aeabi_memclr                       
000125f7  __aeabi_memclr4                      
000125f7  __aeabi_memclr8                      
0001244f  __aeabi_memcpy                       
0001244f  __aeabi_memcpy4                      
0001244f  __aeabi_memcpy8                      
000125f9  __aeabi_memset                       
000125f9  __aeabi_memset4                      
000125f9  __aeabi_memset8                      
00012a4d  __aeabi_uidiv                        
00012a4d  __aeabi_uidivmod                     
00011913  __aeabi_uldivmod                     
ffffffff  __binit__                            
ffffffff  __c_args__                           
0000ef0f  __mpu_init                           
20001990  __stack                              
00012b69  _args_main                           
000128c5  _c_int00                             
00013920  _ctypes_                             
200002d8  _lock                                
00012ba7  _nop                                 
00012b9f  _register_lock                       
00012b99  _register_unlock                     
20000308  _sys_memory                          
000112f7  _system_post_cinit                   
00012bfb  _system_pre_init                     
200002dc  _unlock                              
0001291d  abort                                
0001296d  atoi                                 
ffffffff  binit                                
0000dceb  calculateFft                         
2000198c  can_send_fft                         
00003011  clust2sect                           
000129b9  copy_in                              
00012bad  copysign                             
00012bad  copysignl                            
2000197c  currentFile                          
0000e149  data_transfer                        
000122a9  disk_initialize                      
00012355  disk_ioctl                           
000122e9  disk_read                            
000122c9  disk_status                          
0001231f  disk_write                           
200002f8  errno                                
00012925  exit                                 
00005525  f_chmod                              
00004bed  f_close                              
00004fe7  f_getfree                            
00004c0d  f_lseek                              
0000533f  f_mkdir                              
0000438f  f_mount                              
000043e5  f_open                               
00004e5b  f_opendir                            
000045f9  f_read                               
00004f0b  f_readdir                            
00005639  f_rename                             
00004f97  f_stat                               
00004af1  f_sync                               
00005149  f_truncate                           
0000523d  f_unlink                             
000055b5  f_utime                              
0000484d  f_write                              
0000dd57  fftAddSample                         
0000dc89  fftInit                              
2000198a  fft_counter                          
000112f9  fix_fft                              
00011585  fix_fftr                             
0001274d  frexp                                
0001274d  frexpl                               
200002c0  g_bUSBTimerInitialized               
2000198d  g_eOTGModeState                      
2000198e  g_iState                             
200002cc  g_iUSBMode                           
20000000  g_pfnRAMVectors                      
2000191c  g_pfnTickHandlers                    
00000000  g_pfnVectors                         
20001980  g_ppsDevInfo                         
20001874  g_psDCDInst                          
200002ec  g_psMSCInstance                      
20001934  g_pvTickInstance                     
00014140  g_sUSBEventDriver                    
00014150  g_sUSBHostMSCClassDriver             
200002c4  g_ui32CurrentUSBTick                 
20001984  g_ui32PollRate                       
200002c8  g_ui32USBSOFCount                    
200002d0  g_ui32WaitTicks                      
00003041  get_fat                              
20001558  imag                                 
000120c1  ldexp                                
000120c1  ldexpl                               
0001286d  ltoa                                 
0000e1a5  main                                 
200002fc  main_func_sp                         
00012b4d  memccpy                              
0001244f  memcpy                               
000125ff  memset                               
200017f4  out_fft                              
00003165  put_fat                              
20001658  real                                 
000120c1  scalbn                               
000120c1  scalbnl                              
000127b1  sprintf                              
00012b25  sqrtf                                
00012b81  strchr                               
00012bc1  strlen                               
0000f391  uDMAChannelAssign                    
0000f00f  uDMAChannelAttributeDisable          
0000efbb  uDMAChannelAttributeEnable           
0000f063  uDMAChannelAttributeGet              
0000f0d3  uDMAChannelControlSet                
0000ef47  uDMAChannelDisable                   
0000ef2f  uDMAChannelEnable                    
0000ef5f  uDMAChannelIsEnabled                 
0000f2e1  uDMAChannelModeGet                   
0000efa3  uDMAChannelRequest                   
0000f20d  uDMAChannelScatterGatherSet          
0000f33b  uDMAChannelSelectDefault             
0000f327  uDMAChannelSelectSecondary           
0000f299  uDMAChannelSizeGet                   
0000f115  uDMAChannelTransferSet               
0000ef9d  uDMAControlAlternateBaseGet          
0000ef97  uDMAControlBaseGet                   
0000ef87  uDMAControlBaseSet                   
0000ef19  uDMADisable                          
0000ef11  uDMAEnable                           
0000ddeb  uDMAErrorHandler                     
0000ef27  uDMAErrorStatusClear                 
0000ef21  uDMAErrorStatusGet                   
0000f37d  uDMAIntClear                         
0000f34f  uDMAIntRegister                      
0000f377  uDMAIntStatus                        
0000f365  uDMAIntUnregister                    
20000c00  udmaCtrlTable                        
0000b205  ulocaltime                           
0000b403  umktime                              
0000b97d  urand                                
0000b1d5  usnprintf                            
0000b1a3  usprintf                             
0000b96d  usrand                               
0000b8e5  ustrcasecmp                          
0000b959  ustrcmp                              
0000b7e9  ustrlen                              
0000b841  ustrncasecmp                         
0000b8f9  ustrncmp                             
0000ad21  ustrncpy                             
0000b80b  ustrstr                              
0000b5b1  ustrtof                              
0000b479  ustrtoul                             
0000ad79  uvsnprintf                           


GLOBAL SYMBOLS: SORTED BY Symbol Address 

address   name                                 
-------   ----                                 
00000000  __TI_static_base__                   
00000000  g_pfnVectors                         
00000008  __SYSMEM_SIZE                        
00000200  __STACK_SIZE                         
0000026d  ConfigDescAlloc                      
00000303  ConfigDescFree                       
000003eb  USBHCDEventEnable                    
0000041b  USBHCDEventDisable                   
000005cb  USBHCDPipeTransferSizeGet            
000005f1  USBHCDPipeAllocSize                  
0000084d  USBHCDPipeAlloc                      
00000895  USBHCDPipeConfig                     
00000a0f  USBHCDPipeStatus                     
00000a49  USBHCDPipeWrite                      
00000c0d  USBHCDPipeSchedule                   
00000d1d  USBHCDPipeReadNonBlocking            
00000d65  USBHCDPipeDataAck                    
00000d95  USBHCDPipeRead                       
00000f81  USBHCDPipeFree                       
000012d5  USBHCDPowerConfigInit                
000012e7  USBHCDPowerConfigGet                 
00001305  USBHCDPowerConfigSet                 
00001371  USBHCDPowerAutomatic                 
000013a5  USBHCDInit                           
00001485  USBHCDRegisterDrivers                
000014d5  USBHCDTerm                           
0000157d  USBHCDReset                          
000015af  USBHCDSuspend                        
000015bb  USBHCDResume                         
00001721  USBHCDStringDescriptorGet            
00001779  USBHCDSetAddress                     
000018a5  USBHCDSetConfig                      
000018ed  USBHCDSetInterface                   
00001939  USBHostCheckPipes                    
000019f9  USBHostIntHandlerInternal            
000020f3  USB0HostIntHandler                   
000021dd  InternalUSBHCDSendEvent              
00002315  USBHCDMain                           
000026f9  USBHCDControlTransfer                
00002835  USBHCDHubDeviceConnected             
000028cd  USBHCDHubDeviceDisconnected          
00002aa7  USBHCDDevHubPort                     
00002acb  USBHCDDevAddress                     
00002af5  USBHCDDevClass                       
00002b4d  USBHCDDevSubClass                    
00002b99  USBHCDDevProtocol                    
00002be9  USBHCDFeatureSet                     
00002ca1  USBHCDLPMStatus                      
00002cd5  USBHCDLPMSleep                       
00002d31  USBHCDLPMResume                      
00003011  clust2sect                           
00003041  get_fat                              
00003165  put_fat                              
0000438f  f_mount                              
000043e5  f_open                               
000045f9  f_read                               
0000484d  f_write                              
00004af1  f_sync                               
00004bed  f_close                              
00004c0d  f_lseek                              
00004e5b  f_opendir                            
00004f0b  f_readdir                            
00004f97  f_stat                               
00004fe7  f_getfree                            
00005149  f_truncate                           
0000523d  f_unlink                             
0000533f  f_mkdir                              
00005525  f_chmod                              
000055b5  f_utime                              
00005639  f_rename                             
0000581b  USBHostSuspend                       
00005831  USBHostReset                         
0000585f  USBHighSpeed                         
0000588d  USBHostResume                        
000058bb  USBHostSpeedGet                      
000058f1  USBDevSpeedGet                       
00005909  USBIntDisableControl                 
00005947  USBIntEnableControl                  
00005981  USBIntStatusControl                  
000059cd  USBIntDisableEndpoint                
000059fb  USBIntEnableEndpoint                 
00005a29  USBIntStatusEndpoint                 
00005a7f  USBIntRegister                       
00005a9d  USBIntUnregister                     
00005ab7  USBEndpointStatus                    
00005ae3  USBHostEndpointStatusClear           
00005b2b  USBDevEndpointStatusClear            
00005bad  USBHostEndpointDataToggle            
00005c49  USBEndpointDataToggleClear           
00005c83  USBHostEndpointPing                  
00005caf  USBDevEndpointStall                  
00005d11  USBDevEndpointStallClear             
00005d85  USBDevConnect                        
00005d9b  USBDevDisconnect                     
00005db1  USBDevAddrSet                        
00005dc5  USBDevAddrGet                        
00005dd9  USBHostEndpointConfig                
00005f73  USBHostEndpointSpeed                 
00006009  USBDevEndpointConfigSet              
000060fb  USBDevEndpointConfigGet              
000061eb  USBFIFOConfigSet                     
00006251  USBFIFOConfigGet                     
000062b7  USBEndpointDMAConfigSet              
0000634f  USBEndpointDMAEnable                 
00006389  USBEndpointDMADisable                
000063c3  USBEndpointDataAvail                 
000063fb  USBEndpointDataGet                   
00006485  USBDevEndpointDataAck                
000064c3  USBHostEndpointDataAck               
000064f5  USBEndpointDataPut                   
00006559  USBEndpointDataSend                  
000065b1  USBFIFOFlush                         
00006621  USBHostRequestIN                     
00006649  USBHostRequestINClear                
00006677  USBHostRequestStatus                 
00006689  USBHostAddrSet                       
000066c1  USBHostAddrGet                       
000066ef  USBHostHubAddrSet                    
00006753  USBHostHubAddrGet                    
00006781  USBHostPwrConfig                     
000067ab  USBHostPwrFaultEnable                
000067c3  USBHostPwrFaultDisable               
000067db  USBHostPwrEnable                     
000067f3  USBHostPwrDisable                    
0000680b  USBFrameNumberGet                    
00006819  USBOTGSessionRequest                 
00006847  USBFIFOAddrGet                       
0000685d  USBModeGet                           
00006871  USBEndpointDMAChannel                
000068ad  USBHostMode                          
000068bf  USBDevMode                           
000068d1  USBOTGMode                           
000068e3  USBModeConfig                        
000068f7  USBPHYPowerOff                       
0000690d  USBPHYPowerOn                        
00006923  USBEndpointPacketCountSet            
00006943  USBNumEndpointsGet                   
00006957  USBControllerVersion                 
0000696b  USBClockEnable                       
00006987  USBClockDisable                      
00006999  USBDMAChannelIntEnable               
000069b9  USBDMAChannelIntDisable              
000069d9  USBDMAChannelIntStatus               
000069e9  USBDMAChannelEnable                  
00006a09  USBDMAChannelDisable                 
00006a29  USBDMAChannelConfigSet               
00006a59  USBDMAChannelStatus                  
00006a79  USBDMAChannelStatusClear             
00006aa3  USBDMAChannelAddressSet              
00006abf  USBDMAChannelAddressGet              
00006ad7  USBDMAChannelCountSet                
00006af3  USBDMAChannelCountGet                
00006b0b  USBDMANumChannels                    
00006b1d  USBULPIConfig                        
00006b33  USBULPIEnable                        
00006b4b  USBULPIDisable                       
00006b63  USBULPIRegRead                       
00006b9b  USBULPIRegWrite                      
00006bdb  USBHostLPMSend                       
00006c23  USBHostLPMConfig                     
00006c47  USBHostLPMResume                     
00006c5f  USBDevLPMRemoteWake                  
00006c77  USBDevLPMConfig                      
00006c8d  USBDevLPMEnable                      
00006ca5  USBDevLPMDisable                     
00006cbd  USBLPMLinkStateGet                   
00006cd1  USBLPMEndpointGet                    
00006ce7  USBLPMRemoteWakeEnabled              
00006d01  USBLPMIntStatus                      
00006d11  USBLPMIntEnable                      
00006d2b  USBLPMIntDisable                     
00006d45  USBDCDDeviceInfoInit                 
00006d81  USBDCDInit                           
00006ee9  USBDCDTerm                           
00006f31  USBDCDRequestDataEP0                 
00006f57  USBDCDSendDataEP0                    
00006f79  USBDCDSetDefaultConfiguration        
00006f8b  USBDCDStallEP0                       
00006fa1  USBDCDPowerStatusSet                 
00006ff9  USBDCDFeatureSet                     
000070c9  USBDCDRemoteWakeLPM                  
000070e3  USBDCDRemoteWakeupRequest            
00007119  USBDeviceResumeTickHandler           
000071f5  USBDeviceEnumHandler                 
00007319  USBDeviceEnumResetHandler            
00007ce9  USBDeviceIntHandlerInternal          
00008cd7  __TI_printfi                         
0000909f  SysCtlSRAMSizeGet                    
000090a9  SysCtlFlashSizeGet                   
000090d5  SysCtlFlashSectorSizeGet             
000090fd  SysCtlPeripheralPresent              
0000913d  SysCtlPeripheralReady                
0000917d  SysCtlPeripheralPowerOn              
000091b9  SysCtlPeripheralPowerOff             
000091f5  SysCtlPeripheralReset                
0000927d  SysCtlPeripheralEnable               
000092b9  SysCtlPeripheralDisable              
000092fd  SysCtlPeripheralSleepEnable          
00009341  SysCtlPeripheralSleepDisable         
0000937d  SysCtlPeripheralDeepSleepEnable      
000093cd  SysCtlPeripheralDeepSleepDisable     
00009415  SysCtlPeripheralClockGating          
00009469  SysCtlIntRegister                    
00009481  SysCtlIntUnregister                  
00009491  SysCtlIntEnable                      
000094a5  SysCtlIntDisable                     
000094bd  SysCtlIntClear                       
000094cd  SysCtlIntStatus                      
000094e9  SysCtlLDOSleepSet                    
000094f9  SysCtlLDOSleepGet                    
000094ff  SysCtlLDODeepSleepSet                
0000950f  SysCtlLDODeepSleepGet                
00009515  SysCtlSleepPowerSet                  
00009529  SysCtlDeepSleepPowerSet              
00009539  SysCtlReset                          
00009541  SysCtlSleep                          
00009549  SysCtlDeepSleep                      
00009565  SysCtlResetCauseGet                  
0000956b  SysCtlResetCauseClear                
0000957f  SysCtlMOSCConfigSet                  
00009595  SysCtlPIOSCCalibrate                 
000095e5  SysCtlResetBehaviorSet               
000095f5  SysCtlResetBehaviorGet               
00009649  SysCtlClockFreqSet                   
00009965  SysCtlClockSet                       
00009b35  SysCtlClockGet                       
00009c89  SysCtlDeepSleepClockSet              
00009ca9  SysCtlDeepSleepClockConfigSet        
00009d5d  SysCtlPWMClockSet                    
00009d77  SysCtlPWMClockGet                    
00009d91  SysCtlADCSpeedSet                    
00009dbb  SysCtlADCSpeedGet                    
00009dc9  SysCtlGPIOAHBEnable                  
00009de5  SysCtlGPIOAHBDisable                 
00009e01  SysCtlUSBPLLEnable                   
00009e0d  SysCtlUSBPLLDisable                  
00009e19  SysCtlVoltageEventConfig             
00009e29  SysCtlVoltageEventStatus             
00009e39  SysCtlVoltageEventClear              
00009e51  SysCtlNMIStatus                      
00009e57  SysCtlNMIClear                       
00009e6b  SysCtlClockOutConfig                 
00009e87  SysCtlAltClkConfig                   
0000ab3f  USBLibDMAAddrGet                     
0000ab57  USBLibDMASizeGet                     
0000ab6f  USBLibDMAInit                        
0000ad21  ustrncpy                             
0000ad79  uvsnprintf                           
0000b1a3  usprintf                             
0000b1d5  usnprintf                            
0000b205  ulocaltime                           
0000b403  umktime                              
0000b479  ustrtoul                             
0000b5b1  ustrtof                              
0000b7e9  ustrlen                              
0000b80b  ustrstr                              
0000b841  ustrncasecmp                         
0000b8e5  ustrcasecmp                          
0000b8f9  ustrncmp                             
0000b959  ustrcmp                              
0000b96d  usrand                               
0000b97d  urand                                
0000ba07  GPIODirModeSet                       
0000ba63  GPIODirModeGet                       
0000baaf  GPIOIntTypeSet                       
0000bb53  GPIOIntTypeGet                       
0000bbf1  GPIOPadConfigSet                     
0000be2f  GPIOPadConfigGet                     
0000bf81  GPIOIntEnable                        
0000bf9b  GPIOIntDisable                       
0000bfb5  GPIOIntStatus                        
0000bfd7  GPIOIntClear                         
0000bfeb  GPIOIntRegister                      
0000c009  GPIOIntUnregister                    
0000c023  GPIOPinRead                          
0000c03b  GPIOPinWrite                         
0000c05b  GPIOPinTypeADC                       
0000c07f  GPIOPinTypeCAN                       
0000c0a3  GPIOPinTypeComparator                
0000c0c7  GPIOPinTypeEPI                       
0000c0eb  GPIOPinTypeEthernetLED               
0000c10f  GPIOPinTypeEthernetMII               
0000c133  GPIOPinTypeFan                       
0000c157  GPIOPinTypeGPIOInput                 
0000c17b  GPIOPinTypeGPIOOutput                
0000c19f  GPIOPinTypeGPIOOutputOD              
0000c1c3  GPIOPinTypeI2C                       
0000c1e7  GPIOPinTypeI2CSCL                    
0000c20b  GPIOPinTypeLCD                       
0000c22f  GPIOPinTypeLPC                       
0000c253  GPIOPinTypePECIRx                    
0000c277  GPIOPinTypePECITx                    
0000c29b  GPIOPinTypePWM                       
0000c2bf  GPIOPinTypeQEI                       
0000c2e3  GPIOPinTypeSSI                       
0000c307  GPIOPinTypeTimer                     
0000c32b  GPIOPinTypeUART                      
0000c34f  GPIOPinTypeUSBAnalog                 
0000c373  GPIOPinTypeUSBDigital                
0000c397  GPIOPinTypeWakeHigh                  
0000c3bd  GPIOPinTypeWakeLow                   
0000c3e3  GPIOPinTypeKBRow                     
0000c407  GPIOPinTypeKBColumn                  
0000c42b  GPIOPinTypeLEDSeq                    
0000c44f  GPIOPinTypeCIR                       
0000c473  GPIOPinWakeStatus                    
0000c483  GPIOPinConfigure                     
0000c4e1  GPIODMATriggerEnable                 
0000c4ff  GPIODMATriggerDisable                
0000c51d  GPIOADCTriggerEnable                 
0000c53b  GPIOADCTriggerDisable                
0000cb69  USBHHubMain                          
0000cd95  USBHHubEnumerationComplete           
0000cdb7  USBHHubEnumerationError              
0000cdd9  USBHHubOpen                          
0000cdf1  USBHHubClose                         
0000ce05  USBHHubInit                          
0000ce1f  USBHHubLPMSleep                      
0000ce2d  USBHHubLPMStatus                     
0000ce89  ADCIntRegister                       
0000ceb1  ADCIntUnregister                     
0000cecf  ADCIntDisable                        
0000ceeb  ADCIntEnable                         
0000cf11  ADCIntStatus                         
0000cf69  ADCIntClear                          
0000cf7f  ADCSequenceEnable                    
0000cf99  ADCSequenceDisable                   
0000cfb3  ADCSequenceConfigure                 
0000d025  ADCSequenceStepConfigure             
0000d113  ADCSequenceOverflow                  
0000d131  ADCSequenceOverflowClear             
0000d147  ADCSequenceUnderflow                 
0000d15f  ADCSequenceUnderflowClear            
0000d175  ADCSequenceDataGet                   
0000d1b7  ADCProcessorTrigger                  
0000d1db  ADCSoftwareOversampleConfigure       
0000d213  ADCSoftwareOversampleStepConfigure   
0000d2d3  ADCSoftwareOversampleDataGet         
0000d341  ADCHardwareOversampleConfigure       
0000d373  ADCComparatorConfigure               
0000d38f  ADCComparatorRegionSet               
0000d3b3  ADCComparatorReset                   
0000d3f9  ADCComparatorIntDisable              
0000d417  ADCComparatorIntEnable               
0000d435  ADCComparatorIntStatus               
0000d443  ADCComparatorIntClear                
0000d455  ADCIntDisableEx                      
0000d46d  ADCIntEnableEx                       
0000d489  ADCIntStatusEx                       
0000d4bb  ADCIntClearEx                        
0000d4d3  ADCReferenceSet                      
0000d4ef  ADCReferenceGet                      
0000d501  ADCPhaseDelaySet                     
0000d513  ADCPhaseDelayGet                     
0000d521  ADCSequenceDMAEnable                 
0000d53d  ADCSequenceDMADisable                
0000d559  ADCBusy                              
0000d577  ADCClockConfigSet                    
0000d5a1  ADCClockConfigGet                    
0000d643  I2CMasterInitExpClk                  
0000d6b5  I2CSlaveInit                         
0000d6cf  I2CSlaveAddressSet                   
0000d70d  I2CMasterEnable                      
0000d723  I2CSlaveEnable                       
0000d741  I2CMasterDisable                     
0000d757  I2CSlaveDisable                      
0000d775  I2CIntRegister                       
0000d793  I2CIntUnregister                     
0000d7ad  I2CMasterIntEnable                   
0000d7bd  I2CMasterIntEnableEx                 
0000d7d5  I2CSlaveIntEnable                    
0000d7ed  I2CSlaveIntEnableEx                  
0000d807  I2CMasterIntDisable                  
0000d817  I2CMasterIntDisableEx                
0000d82f  I2CSlaveIntDisable                   
0000d847  I2CSlaveIntDisableEx                 
0000d861  I2CMasterIntStatus                   
0000d8b5  I2CMasterIntStatusEx                 
0000d8d9  I2CSlaveIntStatus                    
0000d921  I2CSlaveIntStatusEx                  
0000d943  I2CMasterIntClear                    
0000d961  I2CMasterIntClearEx                  
0000d973  I2CSlaveIntClear                     
0000d985  I2CSlaveIntClearEx                   
0000d999  I2CMasterSlaveAddrSet                
0000d9bb  I2CMasterLineStateGet                
0000d9c9  I2CMasterBusy                        
0000d9e1  I2CMasterBusBusy                     
0000d9f9  I2CMasterControl                     
0000da0b  I2CMasterErr                         
0000da37  I2CMasterDataPut                     
0000da4d  I2CMasterDataGet                     
0000da5b  I2CMasterTimeoutSet                  
0000da6d  I2CSlaveACKOverride                  
0000da9f  I2CSlaveACKValueSet                  
0000dad1  I2CSlaveStatus                       
0000dae1  I2CSlaveDataPut                      
0000daf9  I2CSlaveDataGet                      
0000db09  I2CTxFIFOConfigSet                   
0000db31  I2CTxFIFOFlush                       
0000db49  I2CRxFIFOConfigSet                   
0000db71  I2CRxFIFOFlush                       
0000db89  I2CFIFOStatus                        
0000db99  I2CFIFODataPut                       
0000dbbb  I2CFIFODataPutNonBlocking            
0000dbe3  I2CFIFODataGet                       
0000dbfd  I2CFIFODataGetNonBlocking            
0000dc23  I2CMasterBurstLengthSet              
0000dc39  I2CMasterBurstCountGet               
0000dc47  I2CMasterGlitchFilterConfigSet       
0000dc5f  I2CSlaveFIFOEnable                   
0000dc77  I2CSlaveFIFODisable                  
0000dc89  fftInit                              
0000dceb  calculateFft                         
0000dd57  fftAddSample                         
0000dd99  InitConsole                          
0000ddd5  SSI0IntHandler                       
0000ddeb  uDMAErrorHandler                     
0000de01  ADCprocess                           
0000de2b  ADC0IntHandler                       
0000de59  SW1_IntHandler                       
0000debd  Timer0IntHandler                     
0000dec9  ADC0SS3IntHandler                    
0000dee9  InitADC                              
0000dfb1  InitSW1                              
0000dfff  InitSPI                              
0000e09f  InitI2C0                             
0000e101  I2C0SlaveIntHandler                  
0000e149  data_transfer                        
0000e1a5  main                                 
0000e347  UARTParityModeSet                    
0000e363  UARTParityModeGet                    
0000e375  UARTFIFOLevelSet                     
0000e38d  UARTFIFOLevelGet                     
0000e3b5  UARTConfigSetExpClk                  
0000e42b  UARTConfigGetExpClk                  
0000e477  UARTEnable                           
0000e49b  UARTDisable                          
0000e4c5  UARTFIFOEnable                       
0000e4db  UARTFIFODisable                      
0000e4f1  UARTEnableSIR                        
0000e51f  UARTDisableSIR                       
0000e535  UARTSmartCardEnable                  
0000e567  UARTSmartCardDisable                 
0000e57d  UARTModemControlSet                  
0000e5bd  UARTModemControlClear                
0000e5e1  UARTModemControlGet                  
0000e5f3  UARTModemStatusGet                   
0000e607  UARTFlowControlSet                   
0000e623  UARTFlowControlGet                   
0000e635  UARTTxIntModeSet                     
0000e651  UARTTxIntModeGet                     
0000e663  UARTCharsAvail                       
0000e681  UARTSpaceAvail                       
0000e69f  UARTCharGetNonBlocking               
0000e6bb  UARTCharGet                          
0000e6d1  UARTCharPutNonBlocking               
0000e6f5  UARTCharPut                          
0000e713  UARTBreakCtl                         
0000e73d  UARTBusy                             
0000e75b  UARTIntRegister                      
0000e77d  UARTIntUnregister                    
0000e797  UARTIntEnable                        
0000e7af  UARTIntDisable                       
0000e7c7  UARTIntStatus                        
0000e7e5  UARTIntClear                         
0000e7f7  UARTDMAEnable                        
0000e80f  UARTDMADisable                       
0000e827  UARTRxErrorGet                       
0000e839  UARTRxErrorClear                     
0000e849  UARTClockSourceSet                   
0000e85d  UARTClockSourceGet                   
0000e86d  UART9BitEnable                       
0000e883  UART9BitDisable                      
0000e899  UART9BitAddrSet                      
0000e8bf  UART9BitAddrSend                     
0000e907  __aeabi_idiv0                        
0000e97f  TimerEnable                          
0000e99d  TimerDisable                         
0000e9bb  TimerConfigure                       
0000ea37  TimerControlLevel                    
0000ea6d  TimerControlTrigger                  
0000eadb  TimerControlEvent                    
0000eb05  TimerControlStall                    
0000eb3b  TimerControlWaitOnTrigger            
0000eb9b  TimerRTCEnable                       
0000ebb1  TimerRTCDisable                      
0000ebdd  TimerClockSourceSet                  
0000ebf9  TimerClockSourceGet                  
0000ec09  TimerPrescaleSet                     
0000ec33  TimerPrescaleGet                     
0000ec4f  TimerPrescaleMatchSet                
0000ec7d  TimerPrescaleMatchGet                
0000ec99  TimerLoadSet                         
0000ecc3  TimerLoadGet                         
0000ecdf  TimerLoadSet64                       
0000ecff  TimerLoadGet64                       
0000ed31  TimerValueGet                        
0000ed4d  TimerValueGet64                      
0000ed7f  TimerMatchSet                        
0000eda9  TimerMatchGet                        
0000edc5  TimerMatchSet64                      
0000ede5  TimerMatchGet64                      
0000ee17  TimerIntRegister                     
0000ee3f  TimerIntUnregister                   
0000ee5d  TimerIntEnable                       
0000ee75  TimerIntDisable                      
0000ee8d  TimerIntStatus                       
0000eeab  TimerIntClear                        
0000eebd  TimerSynchronize                     
0000eecf  TimerADCEventSet                     
0000eee1  TimerADCEventGet                     
0000eeef  TimerDMAEventSet                     
0000ef01  TimerDMAEventGet                     
0000ef0f  __mpu_init                           
0000ef11  uDMAEnable                           
0000ef19  uDMADisable                          
0000ef21  uDMAErrorStatusGet                   
0000ef27  uDMAErrorStatusClear                 
0000ef2f  uDMAChannelEnable                    
0000ef47  uDMAChannelDisable                   
0000ef5f  uDMAChannelIsEnabled                 
0000ef87  uDMAControlBaseSet                   
0000ef97  uDMAControlBaseGet                   
0000ef9d  uDMAControlAlternateBaseGet          
0000efa3  uDMAChannelRequest                   
0000efbb  uDMAChannelAttributeEnable           
0000f00f  uDMAChannelAttributeDisable          
0000f063  uDMAChannelAttributeGet              
0000f0d3  uDMAChannelControlSet                
0000f115  uDMAChannelTransferSet               
0000f20d  uDMAChannelScatterGatherSet          
0000f299  uDMAChannelSizeGet                   
0000f2e1  uDMAChannelModeGet                   
0000f327  uDMAChannelSelectSecondary           
0000f33b  uDMAChannelSelectDefault             
0000f34f  uDMAIntRegister                      
0000f365  uDMAIntUnregister                    
0000f377  uDMAIntStatus                        
0000f37d  uDMAIntClear                         
0000f391  uDMAChannelAssign                    
0000f3f1  UARTStdioConfig                      
0000f437  UARTwrite                            
0000f47d  UARTgets                             
0000f537  UARTgetc                             
0000f55d  UARTvprintf                          
0000f857  UARTprintf                           
0000f90d  USBStackModeSet                      
0000f949  USB0DualModeIntHandler               
0000f995  USBDualModeInit                      
0000f9f3  USBDualModeTerm                      
0000fa15  USBOTGModeTerm                       
0000fa3d  USBOTGModeInit                       
0000fafb  USBOTGPollRate                       
0000fb1d  USB0OTGModeIntHandler                
0000fc05  OTGDeviceDisconnect                  
0000fc25  USBOTGMain                           
0000fcc1  USBOTGFeatureSet                     
0000fe87  USBHMSCDriveReady                    
0000ffdd  USBHMSCDriveOpen                     
0000ffff  USBHMSCDriveClose                    
0001001d  USBHMSCBlockRead                     
00010071  USBHMSCBlockWrite                    
000100bb  USBHMSCLPMSleep                      
000100c9  USBHMSCLPMStatus                     
0001011d  USBHCDEvents                         
00010157  USBStickInit                         
00010189  USBStickRun                          
00010205  USBStickCloseFile                    
00010261  USBStickOpenLogFile                  
00010351  USBStickWriteRecord                  
000104a3  IntMasterEnable                      
000104b3  IntMasterDisable                     
000104c3  IntRegister                          
00010515  IntUnregister                        
00010529  IntPriorityGroupingSet               
00010543  IntPriorityGroupingGet               
0001057b  IntPrioritySet                       
000105cb  IntPriorityGet                       
000105ef  IntEnable                            
00010661  IntDisable                           
000106d3  IntIsEnabled                         
00010759  IntPendSet                           
000107c9  IntPendClear                         
00010817  IntPriorityMaskSet                   
00010823  IntPriorityMaskGet                   
0001082b  IntTrigger                           
00010901  USBHSCSIInquiry                      
00010959  USBHSCSIReadCapacity                 
000109b1  USBHSCSIReadCapacities               
00010a03  USBHSCSIModeSense6                   
00010a5b  USBHSCSITestUnitReady                
00010aad  USBHSCSIRequestSense                 
00010b09  USBHSCSIRead10                       
00010b95  USBHSCSIWrite10                      
00010ce3  USBDeviceConfig                      
00010ed9  USBDeviceConfigAlternate             
00011007  SSIConfigSetExpClk                   
00011093  SSIEnable                            
000110a9  SSIDisable                           
000110bf  SSIIntRegister                       
000110dd  SSIIntUnregister                     
000110f7  SSIIntEnable                         
0001110f  SSIIntDisable                        
00011127  SSIIntStatus                         
00011145  SSIIntClear                          
00011157  SSIDataPut                           
00011171  SSIDataPutNonBlocking                
00011191  SSIDataGet                           
000111ad  SSIDataGetNonBlocking                
000111cf  SSIDMAEnable                         
000111e7  SSIDMADisable                        
000111ff  SSIBusy                              
0001121d  SSIClockSourceSet                    
00011231  SSIClockSourceGet                    
0001125d  SSIAdvModeSet                        
00011279  SSIAdvDataPutFrameEnd                
0001129f  SSIAdvDataPutFrameEndNonBlocking     
000112cb  SSIAdvFrameHoldEnable                
000112e1  SSIAdvFrameHoldDisable               
000112f7  _system_post_cinit                   
000112f9  fix_fft                              
00011585  fix_fftr                             
00011707  USBDCDConfigDescGetSize              
0001173f  USBDCDConfigDescGetNum               
0001178d  USBDCDConfigDescGet                  
0001181b  USBDCDConfigGetNumAlternateInterfaces
0001186f  USBDCDConfigGetInterface             
000118a5  USBDCDConfigGetInterfaceEndpoint     
00011913  __aeabi_uldivmod                     
00011b07  USBDescGetNum                        
00011b63  USBDescGet                           
00011bcd  USBDescGetNumAlternateInterfaces     
00011c87  USBDescGetInterface                  
00011cb5  USBDescGetInterfaceEndpoint          
00011cd9  __aeabi_dsub                         
00011ce3  __aeabi_dadd                         
00011e8f  __aeabi_ddiv                         
00011fc5  __aeabi_dmul                         
000120c1  ldexp                                
000120c1  ldexpl                               
000120c1  scalbn                               
000120c1  scalbnl                              
000121bd  InternalUSBTickInit                  
000121fb  InternalUSBTickReset                 
00012203  InternalUSBRegisterTickHandler       
00012253  InternalUSBStartOfFrameTick          
000122a9  disk_initialize                      
000122c9  disk_status                          
000122e9  disk_read                            
0001231f  disk_write                           
00012355  disk_ioctl                           
00012387  ULPIConfigSet                        
00012429  ULPIPowerTransceiver                 
0001244f  __aeabi_memcpy                       
0001244f  __aeabi_memcpy4                      
0001244f  __aeabi_memcpy8                      
0001244f  memcpy                               
000124eb  __aeabi_cdcmpeq                      
000124eb  __aeabi_cdcmple                      
00012571  __aeabi_cdrcmple                     
000125f7  __aeabi_memclr                       
000125f7  __aeabi_memclr4                      
000125f7  __aeabi_memclr8                      
000125f9  __aeabi_memset                       
000125f9  __aeabi_memset4                      
000125f9  __aeabi_memset8                      
000125ff  memset                               
00012671  __TI_auto_init                       
0001274d  frexp                                
0001274d  frexpl                               
000127b1  sprintf                              
00012811  USB_disk_initialize                  
0001281f  USB_disk_status                      
0001282d  USB_disk_read                        
00012843  USB_disk_write                       
00012859  USB_disk_ioctl                       
0001286d  ltoa                                 
000128c5  _c_int00                             
00012919  C$$EXIT                              
0001291d  abort                                
00012925  exit                                 
0001296d  atoi                                 
000129b9  copy_in                              
00012a05  __aeabi_d2iz                         
00012a4d  __aeabi_uidiv                        
00012a4d  __aeabi_uidivmod                     
00012a8d  CPUcpsid                             
00012a99  CPUprimask                           
00012aa3  CPUcpsie                             
00012aaf  CPUwfi                               
00012ab3  CPUbasepriSet                        
00012ac1  CPUbasepriGet                        
00012acb  __aeabi_i2d                          
00012af9  FIX_MPY                              
00012b25  sqrtf                                
00012b4d  memccpy                              
00012b69  _args_main                           
00012b81  strchr                               
00012b99  _register_unlock                     
00012b9f  _register_lock                       
00012ba7  _nop                                 
00012bad  copysign                             
00012bad  copysignl                            
00012bc1  strlen                               
00012bd5  __TI_decompress_none                 
00012be3  ResetISR                             
00012bef  SysCtlDelay                          
00012bf5  __TI_decompress_rle24                
00012bfb  _system_pre_init                     
00012c00  Sinewave                             
00013920  _ctypes_                             
00014140  g_sUSBEventDriver                    
00014150  g_sUSBHostMSCClassDriver             
00014214  __TI_Handler_Table_Base              
0001421c  __TI_CINIT_Base                      
0001421c  __TI_Handler_Table_Limit             
00014234  __TI_CINIT_Limit                     
20000000  g_pfnRAMVectors                      
200002b4  __TI_cleanup_ptr                     
200002b8  __TI_dtors_ptr                       
200002bc  __TI_enable_exit_profile_output      
200002c0  g_bUSBTimerInitialized               
200002c4  g_ui32CurrentUSBTick                 
200002c8  g_ui32USBSOFCount                    
200002cc  g_iUSBMode                           
200002d0  g_ui32WaitTicks                      
200002d8  _lock                                
200002dc  _unlock                              
200002ec  g_psMSCInstance                      
200002f8  errno                                
200002fc  main_func_sp                         
20000308  _sys_memory                          
20000c00  udmaCtrlTable                        
20001558  imag                                 
20001658  real                                 
200017f4  out_fft                              
20001874  g_psDCDInst                          
2000191c  g_pfnTickHandlers                    
20001934  g_pvTickInstance                     
20001978  ADC_OUT                              
2000197c  currentFile                          
20001980  g_ppsDevInfo                         
20001984  g_ui32PollRate                       
2000198a  fft_counter                          
2000198c  can_send_fft                         
2000198d  g_eOTGModeState                      
2000198e  g_iState                             
20001990  __stack                              
20001b90  __STACK_END                          
20001b90  __STACK_TOP                          
ffffffff  __TI_pprof_out_hndl                  
ffffffff  __TI_prof_data_size                  
ffffffff  __TI_prof_data_start                 
ffffffff  __binit__                            
ffffffff  __c_args__                           
ffffffff  binit                                
UNDEFED   SHT$$INIT_ARRAY$$Base                
UNDEFED   SHT$$INIT_ARRAY$$Limit               

[759 symbols]
