******************************************************************************
                  TI ARM Linker Unix v15.12.3                  
******************************************************************************
>> Linked Wed Jan  4 19:33:21 2017

OUTPUT FILE NAME:   <EmbeddedFFT.out>
ENTRY POINT SYMBOL: "_c_int00"  address: 000044b9


MEMORY CONFIGURATION

         name            origin    length      used     unused   attr    fill
----------------------  --------  ---------  --------  --------  ----  --------
  FLASH                 00000000   00040000  00004e46  0003b1ba  R  X
  SRAM                  20000000   00008000  000005b8  00007a48  RW X


SEGMENT ALLOCATION MAP

run origin  load origin   length   init length attrs members
----------  ----------- ---------- ----------- ----- -------
00000000    00000000    00004e4c   00004e4c    r-x
  00000000    00000000    0000026c   0000026c    r-- .intvecs
  0000026c    0000026c    0000447e   0000447e    r-x .text
  000046ec    000046ec    00000650   00000650    r-- .const
  00004d40    00004d40    0000010c   0000010c    r-- .cinit
20000000    20000000    000005c0   00000000    rw-
  20000000    20000000    0000026c   00000000    rw- .vtable
  2000026c    2000026c    00000200   00000000    rw- .stack
  20000470    20000470    000000d4   00000000    rw- .data
  20000544    20000544    00000070   00000000    rw- .bss
  200005b8    200005b8    00000008   00000000    rw- .sysmem


SECTION ALLOCATION MAP

 output                                  attributes/
section   page    origin      length       input sections
--------  ----  ----------  ----------   ----------------
.intvecs   0    00000000    0000026c     
                  00000000    0000026c     tm4c123gh6pm_startup_ccs.obj (.intvecs)

.text      0    0000026c    0000447e     
                  0000026c    00000f00     sysctl.obj (.text)
                  0000116c    00000bbc     gpio.obj (.text)
                  00001d28    0000077c     adc.obj (.text)
                  000024a4    00000622     uart.obj (.text)
                  00002ac6    00000002     rtsv7M4_T_le_v4SPD16_eabi.lib : i_div0.obj (.text)
                  00002ac8    00000606     timer.obj (.text)
                  000030ce    00000002     rtsv7M4_T_le_v4SPD16_eabi.lib : mpu_init.obj (.text)
                  000030d0    0000049c     uartstdio.obj (.text)
                  0000356c    000003dc     rtsv7M4_T_le_v4SPD16_eabi.lib : memory.obj (.text)
                  00003948    000003c0     interrupt.obj (.text)
                  00003d08    000001dc     main.obj (.text)
                  00003ee4    000001b6     rtsv7M4_T_le_v4SPD16_eabi.lib : fd_add_t2.obj (.text)
                  0000409a    000000fc                                   : fd_mul_t2.obj (.text)
                  00004196    00000002                                   : startup.obj (.text)
                  00004198    000000c8     fir.obj (.text:FIR_get_sample)
                  00004260    0000009c     rtsv7M4_T_le_v4SPD16_eabi.lib : memcpy_t2.obj (.text)
                  000042fc    0000007a                                   : memset_t2.obj (.text)
                  00004376    00000002     --HOLE-- [fill = 0]
                  00004378    00000070                                   : autoinit.obj (.text)
                  000043e8    0000006a                                   : copy_decompress_rle.obj (.text)
                  00004452    00000002     --HOLE-- [fill = 0]
                  00004454    00000064     fir.obj (.text)
                  000044b8    00000054     rtsv7M4_T_le_v4SPD16_eabi.lib : boot.obj (.text)
                  0000450c    00000054                                   : exit.obj (.text)
                  00004560    0000004c                                   : cpy_tbl.obj (.text)
                  000045ac    00000048                                   : fd_toi_t2.obj (.text)
                  000045f4    00000040                                   : u_divt2.obj (.text)
                  00004634    0000003e     cpu.obj (.text)
                  00004672    00000020     rtsv7M4_T_le_v4SPD16_eabi.lib : u_tofd_t2.obj (.text)
                  00004692    00000002     --HOLE-- [fill = 0]
                  00004694    00000018                                   : args_main.obj (.text)
                  000046ac    00000014                                   : _lock.obj (.text)
                  000046c0    0000000e                                   : copy_decompress_none.obj (.text:decompress:none)
                  000046ce    0000000c     tm4c123gh6pm_startup_ccs.obj (.text)
                  000046da    00000006     sysctl.obj (.text:SysCtlDelay)
                  000046e0    00000006     rtsv7M4_T_le_v4SPD16_eabi.lib : copy_decompress_rle.obj (.text:decompress:rle24)
                  000046e6    00000004                                   : pre_init.obj (.text)

.const     0    000046ec    00000650     
                  000046ec    00000120     sysctl.obj (.const:g_pppui32XTALtoVCO)
                  0000480c    000000c0     gpio.obj (.const:g_ppui32GPIOIntMapBlizzard)
                  000048cc    000000c0     gpio.obj (.const:g_ppui32GPIOIntMapSnowflake)
                  0000498c    0000009c     interrupt.obj (.const:g_pui32Regs)
                  00004a28    00000090     gpio.obj (.const:g_pui32GPIOBaseAddrs)
                  00004ab8    0000006c     sysctl.obj (.const:g_pui32Xtals)
                  00004b24    00000060     timer.obj (.const:g_ppui32TimerIntMap)
                  00004b84    00000040     timer.obj (.const:g_ppui32TimerIntMapSnowflake)
                  00004bc4    00000040     uart.obj (.const:g_ppui32UARTIntMap)
                  00004c04    00000040     uart.obj (.const:g_ppui32UARTIntMapSnowflake)
                  00004c44    00000038     sysctl.obj (.const:g_sXTALtoMEMTIM)
                  00004c7c    00000020     interrupt.obj (.const:g_pui32Priority)
                  00004c9c    00000014     interrupt.obj (.const:g_pui32Dii16Regs)
                  00004cb0    00000014     interrupt.obj (.const:g_pui32EnRegs)
                  00004cc4    00000014     interrupt.obj (.const:g_pui32PendRegs)
                  00004cd8    00000014     interrupt.obj (.const:g_pui32UnpendRegs)
                  00004cec    00000012     uartstdio.obj (.const:.string)
                  00004cfe    00000002     --HOLE-- [fill = 0]
                  00004d00    0000000c     uartstdio.obj (.const:g_ui32UARTBase)
                  00004d0c    0000000c     uartstdio.obj (.const:g_ui32UARTPeriph)
                  00004d18    00000008     sysctl.obj (.const:g_pui32VCOFrequencies)
                  00004d20    00000008     gpio.obj (.const)
                  00004d28    00000008     timer.obj (.const)
                  00004d30    00000008     uart.obj (.const)
                  00004d38    00000004     uartstdio.obj (.const)

.cinit     0    00004d40    0000010c     
                  00004d40    000000ca     (.cinit..data.load) [load image, compression = rle]
                  00004e0a    00000006     --HOLE-- [fill = 0]
                  00004e10    0000000b     (.cinit..vtable.load) [load image, compression = rle]
                  00004e1b    00000005     --HOLE-- [fill = 0]
                  00004e20    00000009     (.cinit..bss.load) [load image, compression = rle]
                  00004e29    00000003     --HOLE-- [fill = 0]
                  00004e2c    00000008     (__TI_handler_table)
                  00004e34    00000018     (__TI_cinit_table)

.init_array 
*          0    00000000    00000000     UNINITIALIZED

.vtable    0    20000000    0000026c     UNINITIALIZED
                  20000000    0000026c     interrupt.obj (.vtable)

.stack     0    2000026c    00000200     UNINITIALIZED
                  2000026c    00000200     --HOLE--

.data      0    20000470    000000d4     UNINITIALIZED
                  20000470    000000a8     fir.obj (.data:h)
                  20000518    0000000c     rtsv7M4_T_le_v4SPD16_eabi.lib : exit.obj (.data:$O1$$)
                  20000524    0000000c                                   : memory.obj (.data:$O1$$)
                  20000530    00000008                                   : _lock.obj (.data:$O1$$)
                  20000538    00000005     uartstdio.obj (.data)
                  2000053d    00000003     --HOLE--
                  20000540    00000004     rtsv7M4_T_le_v4SPD16_eabi.lib : stkdepth_vars.obj (.data)

.bss       0    20000544    00000070     UNINITIALIZED
                  20000544    00000068     main.obj (.bss:fir)
                  200005ac    00000004     adc.obj (.bss:g_pui8OversampleFactor)
                  200005b0    00000004     (.common:ADC_OUT)

.sysmem    0    200005b8    00000008     UNINITIALIZED
                  200005b8    00000008     rtsv7M4_T_le_v4SPD16_eabi.lib : memory.obj (.sysmem)

MODULE SUMMARY

       Module                         code    ro data   rw data
       ------                         ----    -------   -------
    ./
       tm4c123gh6pm_startup_ccs.obj   12      620       0      
       main.obj                       476     0         108    
       fir.obj                        300     0         168    
    +--+------------------------------+-------+---------+---------+
       Total:                         788     620       276    
                                                               
    ./driverlib/
       sysctl.obj                     3846    460       0      
       gpio.obj                       3004    536       0      
       adc.obj                        1916    0         4      
       interrupt.obj                  960     268       620    
       timer.obj                      1542    168       0      
       uart.obj                       1570    136       0      
       cpu.obj                        62      0         0      
    +--+------------------------------+-------+---------+---------+
       Total:                         12900   1568      624    
                                                               
    ./utils/
       uartstdio.obj                  1180    46        5      
    +--+------------------------------+-------+---------+---------+
       Total:                         1180    46        5      
                                                               
    /Volumes/Macintosh HD/Applications/cc/ccsv6/tools/compiler/arm_15.12.3.LTS/lib/rtsv7M4_T_le_v4SPD16_eabi.lib
       memory.obj                     988     0         12     
       fd_add_t2.obj                  438     0         0      
       fd_mul_t2.obj                  252     0         0      
       memcpy_t2.obj                  156     0         0      
       memset_t2.obj                  122     0         0      
       autoinit.obj                   112     0         0      
       copy_decompress_rle.obj        112     0         0      
       exit.obj                       84      0         12     
       boot.obj                       84      0         0      
       cpy_tbl.obj                    76      0         0      
       fd_toi_t2.obj                  72      0         0      
       u_divt2.obj                    64      0         0      
       u_tofd_t2.obj                  32      0         0      
       _lock.obj                      20      0         8      
       args_main.obj                  24      0         0      
       copy_decompress_none.obj       14      0         0      
       pre_init.obj                   4       0         0      
       stkdepth_vars.obj              0       0         4      
       i_div0.obj                     2       0         0      
       mpu_init.obj                   2       0         0      
       startup.obj                    2       0         0      
    +--+------------------------------+-------+---------+---------+
       Total:                         2660    0         36     
                                                               
       Heap:                          0       0         8      
       Stack:                         0       0         512    
       Linker Generated:              0       254       0      
    +--+------------------------------+-------+---------+---------+
       Grand Total:                   17528   2488      1461   


LINKER GENERATED COPY TABLES

__TI_cinit_table @ 00004e34 records: 3, size/record: 8, table size: 24
	.data: load addr=00004d40, load size=000000ca bytes, run addr=20000470, run size=000000d4 bytes, compression=rle
	.vtable: load addr=00004e10, load size=0000000b bytes, run addr=20000000, run size=0000026c bytes, compression=rle
	.bss: load addr=00004e20, load size=00000009 bytes, run addr=20000544, run size=00000070 bytes, compression=rle


LINKER GENERATED HANDLER TABLE

__TI_handler_table @ 00004e2c records: 2, size/record: 4, table size: 8
	index: 0, handler: __TI_decompress_rle24
	index: 1, handler: __TI_decompress_none


GLOBAL SYMBOLS: SORTED ALPHABETICALLY BY Name 

address   name                              
-------   ----                              
00003e1f  ADC0SS1IntHandler                 
0000241d  ADCBusy                           
00002465  ADCClockConfigGet                 
0000243b  ADCClockConfigSet                 
00002237  ADCComparatorConfigure            
00002307  ADCComparatorIntClear             
000022bd  ADCComparatorIntDisable           
000022db  ADCComparatorIntEnable            
000022f9  ADCComparatorIntStatus            
00002253  ADCComparatorRegionSet            
00002277  ADCComparatorReset                
00002205  ADCHardwareOversampleConfigure    
00003d45  ADCInit                           
00001e2d  ADCIntClear                       
0000237f  ADCIntClearEx                     
00001d93  ADCIntDisable                     
00002319  ADCIntDisableEx                   
00001daf  ADCIntEnable                      
00002331  ADCIntEnableEx                    
00001d4d  ADCIntRegister                    
00001dd5  ADCIntStatus                      
0000234d  ADCIntStatusEx                    
00001d75  ADCIntUnregister                  
000023d7  ADCPhaseDelayGet                  
000023c5  ADCPhaseDelaySet                  
0000207b  ADCProcessorTrigger               
000023b3  ADCReferenceGet                   
00002397  ADCReferenceSet                   
00001e77  ADCSequenceConfigure              
00002401  ADCSequenceDMADisable             
000023e5  ADCSequenceDMAEnable              
00002039  ADCSequenceDataGet                
00001e5d  ADCSequenceDisable                
00001e43  ADCSequenceEnable                 
00001fd7  ADCSequenceOverflow               
00001ff5  ADCSequenceOverflowClear          
00001ee9  ADCSequenceStepConfigure          
0000200b  ADCSequenceUnderflow              
00002023  ADCSequenceUnderflowClear         
0000209f  ADCSoftwareOversampleConfigure    
00002197  ADCSoftwareOversampleDataGet      
000020d7  ADCSoftwareOversampleStepConfigure
200005b0  ADC_OUT                           
0000450d  C$$EXIT                           
00004669  CPUbasepriGet                     
0000465b  CPUbasepriSet                     
00004635  CPUcpsid                          
0000464b  CPUcpsie                          
00004641  CPUprimask                        
00004657  CPUwfi                            
000044a1  FIR_destroy                       
00004199  FIR_get_sample                    
00004455  FIR_init                          
00001d03  GPIOADCTriggerDisable             
00001ce5  GPIOADCTriggerEnable              
00001cc7  GPIODMATriggerDisable             
00001ca9  GPIODMATriggerEnable              
0000122b  GPIODirModeGet                    
000011cf  GPIODirModeSet                    
0000179f  GPIOIntClear                      
00001763  GPIOIntDisable                    
00001749  GPIOIntEnable                     
000017b3  GPIOIntRegister                   
0000177d  GPIOIntStatus                     
0000131b  GPIOIntTypeGet                    
00001277  GPIOIntTypeSet                    
000017d1  GPIOIntUnregister                 
000015f7  GPIOPadConfigGet                  
000013b9  GPIOPadConfigSet                  
00001c4b  GPIOPinConfigure                  
000017eb  GPIOPinRead                       
00001823  GPIOPinTypeADC                    
00001847  GPIOPinTypeCAN                    
00001c17  GPIOPinTypeCIR                    
0000186b  GPIOPinTypeComparator             
0000188f  GPIOPinTypeEPI                    
000018b3  GPIOPinTypeEthernetLED            
000018d7  GPIOPinTypeEthernetMII            
000018fb  GPIOPinTypeFan                    
0000191f  GPIOPinTypeGPIOInput              
00001943  GPIOPinTypeGPIOOutput             
00001967  GPIOPinTypeGPIOOutputOD           
0000198b  GPIOPinTypeI2C                    
000019af  GPIOPinTypeI2CSCL                 
00001bcf  GPIOPinTypeKBColumn               
00001bab  GPIOPinTypeKBRow                  
000019d3  GPIOPinTypeLCD                    
00001bf3  GPIOPinTypeLEDSeq                 
000019f7  GPIOPinTypeLPC                    
00001a1b  GPIOPinTypePECIRx                 
00001a3f  GPIOPinTypePECITx                 
00001a63  GPIOPinTypePWM                    
00001a87  GPIOPinTypeQEI                    
00001aab  GPIOPinTypeSSI                    
00001acf  GPIOPinTypeTimer                  
00001af3  GPIOPinTypeUART                   
00001b17  GPIOPinTypeUSBAnalog              
00001b3b  GPIOPinTypeUSBDigital             
00001b5f  GPIOPinTypeWakeHigh               
00001b85  GPIOPinTypeWakeLow                
00001c3b  GPIOPinWakeStatus                 
00001803  GPIOPinWrite                      
00003d09  InitConsole                       
00003b09  IntDisable                        
00003a97  IntEnable                         
00003b7b  IntIsEnabled                      
0000395b  IntMasterDisable                  
0000394b  IntMasterEnable                   
00003c71  IntPendClear                      
00003c01  IntPendSet                        
00003a73  IntPriorityGet                    
000039eb  IntPriorityGroupingGet            
000039d1  IntPriorityGroupingSet            
00003ccb  IntPriorityMaskGet                
00003cbf  IntPriorityMaskSet                
00003a23  IntPrioritySet                    
0000396b  IntRegister                       
00003cd3  IntTrigger                        
000039bd  IntUnregister                     
000046cf  ResetISR                          
UNDEFED   SHT$$INIT_ARRAY$$Base             
UNDEFED   SHT$$INIT_ARRAY$$Limit            
0000104b  SysCtlADCSpeedGet                 
00001021  SysCtlADCSpeedSet                 
00001117  SysCtlAltClkConfig                
000008d9  SysCtlClockFreqSet                
00000dc5  SysCtlClockGet                    
000010fb  SysCtlClockOutConfig              
00000bf5  SysCtlClockSet                    
000007d9  SysCtlDeepSleep                   
00000f39  SysCtlDeepSleepClockConfigSet     
00000f19  SysCtlDeepSleepClockSet           
000007b9  SysCtlDeepSleepPowerSet           
000046db  SysCtlDelay                       
00000365  SysCtlFlashSectorSizeGet          
00000339  SysCtlFlashSizeGet                
00001075  SysCtlGPIOAHBDisable              
00001059  SysCtlGPIOAHBEnable               
0000074d  SysCtlIntClear                    
00000735  SysCtlIntDisable                  
00000721  SysCtlIntEnable                   
000006f9  SysCtlIntRegister                 
0000075d  SysCtlIntStatus                   
00000711  SysCtlIntUnregister               
0000079f  SysCtlLDODeepSleepGet             
0000078f  SysCtlLDODeepSleepSet             
00000789  SysCtlLDOSleepGet                 
00000779  SysCtlLDOSleepSet                 
0000080f  SysCtlMOSCConfigSet               
000010e7  SysCtlNMIClear                    
000010e1  SysCtlNMIStatus                   
00000825  SysCtlPIOSCCalibrate              
00001007  SysCtlPWMClockGet                 
00000fed  SysCtlPWMClockSet                 
000006a5  SysCtlPeripheralClockGating       
0000065d  SysCtlPeripheralDeepSleepDisable  
0000060d  SysCtlPeripheralDeepSleepEnable   
00000549  SysCtlPeripheralDisable           
0000050d  SysCtlPeripheralEnable            
00000449  SysCtlPeripheralPowerOff          
0000040d  SysCtlPeripheralPowerOn           
0000038d  SysCtlPeripheralPresent           
000003cd  SysCtlPeripheralReady             
00000485  SysCtlPeripheralReset             
000005d1  SysCtlPeripheralSleepDisable      
0000058d  SysCtlPeripheralSleepEnable       
000007c9  SysCtlReset                       
00000885  SysCtlResetBehaviorGet            
00000875  SysCtlResetBehaviorSet            
000007fb  SysCtlResetCauseClear             
000007f5  SysCtlResetCauseGet               
0000032f  SysCtlSRAMSizeGet                 
000007d1  SysCtlSleep                       
000007a5  SysCtlSleepPowerSet               
0000109d  SysCtlUSBPLLDisable               
00001091  SysCtlUSBPLLEnable                
000010c9  SysCtlVoltageEventClear           
000010a9  SysCtlVoltageEventConfig          
000010b9  SysCtlVoltageEventStatus          
00003e53  Timer0IntHandler                  
000030a1  TimerADCEventGet                  
0000308f  TimerADCEventSet                  
00002db9  TimerClockSourceGet               
00002d9d  TimerClockSourceSet               
00002b7b  TimerConfigure                    
00002c9b  TimerControlEvent                 
00002bf7  TimerControlLevel                 
00002cc5  TimerControlStall                 
00002c2d  TimerControlTrigger               
00002cfb  TimerControlWaitOnTrigger         
000030c1  TimerDMAEventGet                  
000030af  TimerDMAEventSet                  
00002b5d  TimerDisable                      
00002b3f  TimerEnable                       
0000306b  TimerIntClear                     
00003035  TimerIntDisable                   
0000301d  TimerIntEnable                    
00002fd7  TimerIntRegister                  
0000304d  TimerIntStatus                    
00002fff  TimerIntUnregister                
00002e83  TimerLoadGet                      
00002ebf  TimerLoadGet64                    
00002e59  TimerLoadSet                      
00002e9f  TimerLoadSet64                    
00002f69  TimerMatchGet                     
00002fa5  TimerMatchGet64                   
00002f3f  TimerMatchSet                     
00002f85  TimerMatchSet64                   
00002df3  TimerPrescaleGet                  
00002e3d  TimerPrescaleMatchGet             
00002e0f  TimerPrescaleMatchSet             
00002dc9  TimerPrescaleSet                  
00002d71  TimerRTCDisable                   
00002d5b  TimerRTCEnable                    
0000307d  TimerSynchronize                  
00002ef1  TimerValueGet                     
00002f0d  TimerValueGet64                   
00002a7f  UART9BitAddrSend                  
00002a59  UART9BitAddrSet                   
00002a43  UART9BitDisable                   
00002a2d  UART9BitEnable                    
000028d3  UARTBreakCtl                      
000028fd  UARTBusy                          
0000287b  UARTCharGet                       
0000285f  UARTCharGetNonBlocking            
000028b5  UARTCharPut                       
00002891  UARTCharPutNonBlocking            
00002823  UARTCharsAvail                    
00002a1d  UARTClockSourceGet                
00002a09  UARTClockSourceSet                
000025eb  UARTConfigGetExpClk               
00002575  UARTConfigSetExpClk               
000029cf  UARTDMADisable                    
000029b7  UARTDMAEnable                     
0000265b  UARTDisable                       
000026df  UARTDisableSIR                    
00002637  UARTEnable                        
000026b1  UARTEnableSIR                     
0000269b  UARTFIFODisable                   
00002685  UARTFIFOEnable                    
0000254d  UARTFIFOLevelGet                  
00002535  UARTFIFOLevelSet                  
000027e3  UARTFlowControlGet                
000027c7  UARTFlowControlSet                
000029a5  UARTIntClear                      
0000296f  UARTIntDisable                    
00002957  UARTIntEnable                     
0000291b  UARTIntRegister                   
00002987  UARTIntStatus                     
0000293d  UARTIntUnregister                 
0000277d  UARTModemControlClear             
000027a1  UARTModemControlGet               
0000273d  UARTModemControlSet               
000027b3  UARTModemStatusGet                
00002523  UARTParityModeGet                 
00002507  UARTParityModeSet                 
000029f9  UARTRxErrorClear                  
000029e7  UARTRxErrorGet                    
00002727  UARTSmartCardDisable              
000026f5  UARTSmartCardEnable               
00002841  UARTSpaceAvail                    
000030d1  UARTStdioConfig                   
00002811  UARTTxIntModeGet                  
000027f5  UARTTxIntModeSet                  
00003217  UARTgetc                          
0000315d  UARTgets                          
00003537  UARTprintf                        
0000323d  UARTvprintf                       
00003117  UARTwrite                         
2000046c  __STACK_END                       
00000200  __STACK_SIZE                      
2000046c  __STACK_TOP                       
00000008  __SYSMEM_SIZE                     
00004e34  __TI_CINIT_Base                   
00004e4c  __TI_CINIT_Limit                  
00004e2c  __TI_Handler_Table_Base           
00004e34  __TI_Handler_Table_Limit          
00004379  __TI_auto_init                    
20000518  __TI_cleanup_ptr                  
000046c1  __TI_decompress_none              
000046e1  __TI_decompress_rle24             
2000051c  __TI_dtors_ptr                    
20000520  __TI_enable_exit_profile_output   
ffffffff  __TI_pprof_out_hndl               
ffffffff  __TI_prof_data_size               
ffffffff  __TI_prof_data_start              
00000000  __TI_static_base__                
000045ad  __aeabi_d2iz                      
00003eef  __aeabi_dadd                      
0000409b  __aeabi_dmul                      
00003ee5  __aeabi_dsub                      
00002ac7  __aeabi_idiv0                     
000042fd  __aeabi_memclr                    
000042fd  __aeabi_memclr4                   
000042fd  __aeabi_memclr8                   
00004261  __aeabi_memcpy                    
00004261  __aeabi_memcpy4                   
00004261  __aeabi_memcpy8                   
000042ff  __aeabi_memset                    
000042ff  __aeabi_memset4                   
000042ff  __aeabi_memset8                   
00004673  __aeabi_ui2d                      
000045f5  __aeabi_uidiv                     
000045f5  __aeabi_uidivmod                  
ffffffff  __binit__                         
ffffffff  __c_args__                        
000030cf  __mpu_init                        
2000026c  __stack                           
00004695  _args_main                        
000044b9  _c_int00                          
20000530  _lock                             
000046bb  _nop                              
000046b3  _register_lock                    
000046ad  _register_unlock                  
200005b8  _sys_memory                       
00004197  _system_post_cinit                
000046e7  _system_pre_init                  
20000534  _unlock                           
00004511  abort                             
ffffffff  binit                             
00003915  calloc                            
00004561  copy_in                           
00004519  exit                              
00003663  free                              
20000000  g_pfnRAMVectors                   
00000000  g_pfnVectors                      
00003e5f  main                              
20000540  main_func_sp                      
000035fb  malloc                            
00003831  memalign                          
00004261  memcpy                            
00004305  memset                            
0000356d  minit                             
00003725  realloc                           


GLOBAL SYMBOLS: SORTED BY Symbol Address 

address   name                              
-------   ----                              
00000000  __TI_static_base__                
00000000  g_pfnVectors                      
00000008  __SYSMEM_SIZE                     
00000200  __STACK_SIZE                      
0000032f  SysCtlSRAMSizeGet                 
00000339  SysCtlFlashSizeGet                
00000365  SysCtlFlashSectorSizeGet          
0000038d  SysCtlPeripheralPresent           
000003cd  SysCtlPeripheralReady             
0000040d  SysCtlPeripheralPowerOn           
00000449  SysCtlPeripheralPowerOff          
00000485  SysCtlPeripheralReset             
0000050d  SysCtlPeripheralEnable            
00000549  SysCtlPeripheralDisable           
0000058d  SysCtlPeripheralSleepEnable       
000005d1  SysCtlPeripheralSleepDisable      
0000060d  SysCtlPeripheralDeepSleepEnable   
0000065d  SysCtlPeripheralDeepSleepDisable  
000006a5  SysCtlPeripheralClockGating       
000006f9  SysCtlIntRegister                 
00000711  SysCtlIntUnregister               
00000721  SysCtlIntEnable                   
00000735  SysCtlIntDisable                  
0000074d  SysCtlIntClear                    
0000075d  SysCtlIntStatus                   
00000779  SysCtlLDOSleepSet                 
00000789  SysCtlLDOSleepGet                 
0000078f  SysCtlLDODeepSleepSet             
0000079f  SysCtlLDODeepSleepGet             
000007a5  SysCtlSleepPowerSet               
000007b9  SysCtlDeepSleepPowerSet           
000007c9  SysCtlReset                       
000007d1  SysCtlSleep                       
000007d9  SysCtlDeepSleep                   
000007f5  SysCtlResetCauseGet               
000007fb  SysCtlResetCauseClear             
0000080f  SysCtlMOSCConfigSet               
00000825  SysCtlPIOSCCalibrate              
00000875  SysCtlResetBehaviorSet            
00000885  SysCtlResetBehaviorGet            
000008d9  SysCtlClockFreqSet                
00000bf5  SysCtlClockSet                    
00000dc5  SysCtlClockGet                    
00000f19  SysCtlDeepSleepClockSet           
00000f39  SysCtlDeepSleepClockConfigSet     
00000fed  SysCtlPWMClockSet                 
00001007  SysCtlPWMClockGet                 
00001021  SysCtlADCSpeedSet                 
0000104b  SysCtlADCSpeedGet                 
00001059  SysCtlGPIOAHBEnable               
00001075  SysCtlGPIOAHBDisable              
00001091  SysCtlUSBPLLEnable                
0000109d  SysCtlUSBPLLDisable               
000010a9  SysCtlVoltageEventConfig          
000010b9  SysCtlVoltageEventStatus          
000010c9  SysCtlVoltageEventClear           
000010e1  SysCtlNMIStatus                   
000010e7  SysCtlNMIClear                    
000010fb  SysCtlClockOutConfig              
00001117  SysCtlAltClkConfig                
000011cf  GPIODirModeSet                    
0000122b  GPIODirModeGet                    
00001277  GPIOIntTypeSet                    
0000131b  GPIOIntTypeGet                    
000013b9  GPIOPadConfigSet                  
000015f7  GPIOPadConfigGet                  
00001749  GPIOIntEnable                     
00001763  GPIOIntDisable                    
0000177d  GPIOIntStatus                     
0000179f  GPIOIntClear                      
000017b3  GPIOIntRegister                   
000017d1  GPIOIntUnregister                 
000017eb  GPIOPinRead                       
00001803  GPIOPinWrite                      
00001823  GPIOPinTypeADC                    
00001847  GPIOPinTypeCAN                    
0000186b  GPIOPinTypeComparator             
0000188f  GPIOPinTypeEPI                    
000018b3  GPIOPinTypeEthernetLED            
000018d7  GPIOPinTypeEthernetMII            
000018fb  GPIOPinTypeFan                    
0000191f  GPIOPinTypeGPIOInput              
00001943  GPIOPinTypeGPIOOutput             
00001967  GPIOPinTypeGPIOOutputOD           
0000198b  GPIOPinTypeI2C                    
000019af  GPIOPinTypeI2CSCL                 
000019d3  GPIOPinTypeLCD                    
000019f7  GPIOPinTypeLPC                    
00001a1b  GPIOPinTypePECIRx                 
00001a3f  GPIOPinTypePECITx                 
00001a63  GPIOPinTypePWM                    
00001a87  GPIOPinTypeQEI                    
00001aab  GPIOPinTypeSSI                    
00001acf  GPIOPinTypeTimer                  
00001af3  GPIOPinTypeUART                   
00001b17  GPIOPinTypeUSBAnalog              
00001b3b  GPIOPinTypeUSBDigital             
00001b5f  GPIOPinTypeWakeHigh               
00001b85  GPIOPinTypeWakeLow                
00001bab  GPIOPinTypeKBRow                  
00001bcf  GPIOPinTypeKBColumn               
00001bf3  GPIOPinTypeLEDSeq                 
00001c17  GPIOPinTypeCIR                    
00001c3b  GPIOPinWakeStatus                 
00001c4b  GPIOPinConfigure                  
00001ca9  GPIODMATriggerEnable              
00001cc7  GPIODMATriggerDisable             
00001ce5  GPIOADCTriggerEnable              
00001d03  GPIOADCTriggerDisable             
00001d4d  ADCIntRegister                    
00001d75  ADCIntUnregister                  
00001d93  ADCIntDisable                     
00001daf  ADCIntEnable                      
00001dd5  ADCIntStatus                      
00001e2d  ADCIntClear                       
00001e43  ADCSequenceEnable                 
00001e5d  ADCSequenceDisable                
00001e77  ADCSequenceConfigure              
00001ee9  ADCSequenceStepConfigure          
00001fd7  ADCSequenceOverflow               
00001ff5  ADCSequenceOverflowClear          
0000200b  ADCSequenceUnderflow              
00002023  ADCSequenceUnderflowClear         
00002039  ADCSequenceDataGet                
0000207b  ADCProcessorTrigger               
0000209f  ADCSoftwareOversampleConfigure    
000020d7  ADCSoftwareOversampleStepConfigure
00002197  ADCSoftwareOversampleDataGet      
00002205  ADCHardwareOversampleConfigure    
00002237  ADCComparatorConfigure            
00002253  ADCComparatorRegionSet            
00002277  ADCComparatorReset                
000022bd  ADCComparatorIntDisable           
000022db  ADCComparatorIntEnable            
000022f9  ADCComparatorIntStatus            
00002307  ADCComparatorIntClear             
00002319  ADCIntDisableEx                   
00002331  ADCIntEnableEx                    
0000234d  ADCIntStatusEx                    
0000237f  ADCIntClearEx                     
00002397  ADCReferenceSet                   
000023b3  ADCReferenceGet                   
000023c5  ADCPhaseDelaySet                  
000023d7  ADCPhaseDelayGet                  
000023e5  ADCSequenceDMAEnable              
00002401  ADCSequenceDMADisable             
0000241d  ADCBusy                           
0000243b  ADCClockConfigSet                 
00002465  ADCClockConfigGet                 
00002507  UARTParityModeSet                 
00002523  UARTParityModeGet                 
00002535  UARTFIFOLevelSet                  
0000254d  UARTFIFOLevelGet                  
00002575  UARTConfigSetExpClk               
000025eb  UARTConfigGetExpClk               
00002637  UARTEnable                        
0000265b  UARTDisable                       
00002685  UARTFIFOEnable                    
0000269b  UARTFIFODisable                   
000026b1  UARTEnableSIR                     
000026df  UARTDisableSIR                    
000026f5  UARTSmartCardEnable               
00002727  UARTSmartCardDisable              
0000273d  UARTModemControlSet               
0000277d  UARTModemControlClear             
000027a1  UARTModemControlGet               
000027b3  UARTModemStatusGet                
000027c7  UARTFlowControlSet                
000027e3  UARTFlowControlGet                
000027f5  UARTTxIntModeSet                  
00002811  UARTTxIntModeGet                  
00002823  UARTCharsAvail                    
00002841  UARTSpaceAvail                    
0000285f  UARTCharGetNonBlocking            
0000287b  UARTCharGet                       
00002891  UARTCharPutNonBlocking            
000028b5  UARTCharPut                       
000028d3  UARTBreakCtl                      
000028fd  UARTBusy                          
0000291b  UARTIntRegister                   
0000293d  UARTIntUnregister                 
00002957  UARTIntEnable                     
0000296f  UARTIntDisable                    
00002987  UARTIntStatus                     
000029a5  UARTIntClear                      
000029b7  UARTDMAEnable                     
000029cf  UARTDMADisable                    
000029e7  UARTRxErrorGet                    
000029f9  UARTRxErrorClear                  
00002a09  UARTClockSourceSet                
00002a1d  UARTClockSourceGet                
00002a2d  UART9BitEnable                    
00002a43  UART9BitDisable                   
00002a59  UART9BitAddrSet                   
00002a7f  UART9BitAddrSend                  
00002ac7  __aeabi_idiv0                     
00002b3f  TimerEnable                       
00002b5d  TimerDisable                      
00002b7b  TimerConfigure                    
00002bf7  TimerControlLevel                 
00002c2d  TimerControlTrigger               
00002c9b  TimerControlEvent                 
00002cc5  TimerControlStall                 
00002cfb  TimerControlWaitOnTrigger         
00002d5b  TimerRTCEnable                    
00002d71  TimerRTCDisable                   
00002d9d  TimerClockSourceSet               
00002db9  TimerClockSourceGet               
00002dc9  TimerPrescaleSet                  
00002df3  TimerPrescaleGet                  
00002e0f  TimerPrescaleMatchSet             
00002e3d  TimerPrescaleMatchGet             
00002e59  TimerLoadSet                      
00002e83  TimerLoadGet                      
00002e9f  TimerLoadSet64                    
00002ebf  TimerLoadGet64                    
00002ef1  TimerValueGet                     
00002f0d  TimerValueGet64                   
00002f3f  TimerMatchSet                     
00002f69  TimerMatchGet                     
00002f85  TimerMatchSet64                   
00002fa5  TimerMatchGet64                   
00002fd7  TimerIntRegister                  
00002fff  TimerIntUnregister                
0000301d  TimerIntEnable                    
00003035  TimerIntDisable                   
0000304d  TimerIntStatus                    
0000306b  TimerIntClear                     
0000307d  TimerSynchronize                  
0000308f  TimerADCEventSet                  
000030a1  TimerADCEventGet                  
000030af  TimerDMAEventSet                  
000030c1  TimerDMAEventGet                  
000030cf  __mpu_init                        
000030d1  UARTStdioConfig                   
00003117  UARTwrite                         
0000315d  UARTgets                          
00003217  UARTgetc                          
0000323d  UARTvprintf                       
00003537  UARTprintf                        
0000356d  minit                             
000035fb  malloc                            
00003663  free                              
00003725  realloc                           
00003831  memalign                          
00003915  calloc                            
0000394b  IntMasterEnable                   
0000395b  IntMasterDisable                  
0000396b  IntRegister                       
000039bd  IntUnregister                     
000039d1  IntPriorityGroupingSet            
000039eb  IntPriorityGroupingGet            
00003a23  IntPrioritySet                    
00003a73  IntPriorityGet                    
00003a97  IntEnable                         
00003b09  IntDisable                        
00003b7b  IntIsEnabled                      
00003c01  IntPendSet                        
00003c71  IntPendClear                      
00003cbf  IntPriorityMaskSet                
00003ccb  IntPriorityMaskGet                
00003cd3  IntTrigger                        
00003d09  InitConsole                       
00003d45  ADCInit                           
00003e1f  ADC0SS1IntHandler                 
00003e53  Timer0IntHandler                  
00003e5f  main                              
00003ee5  __aeabi_dsub                      
00003eef  __aeabi_dadd                      
0000409b  __aeabi_dmul                      
00004197  _system_post_cinit                
00004199  FIR_get_sample                    
00004261  __aeabi_memcpy                    
00004261  __aeabi_memcpy4                   
00004261  __aeabi_memcpy8                   
00004261  memcpy                            
000042fd  __aeabi_memclr                    
000042fd  __aeabi_memclr4                   
000042fd  __aeabi_memclr8                   
000042ff  __aeabi_memset                    
000042ff  __aeabi_memset4                   
000042ff  __aeabi_memset8                   
00004305  memset                            
00004379  __TI_auto_init                    
00004455  FIR_init                          
000044a1  FIR_destroy                       
000044b9  _c_int00                          
0000450d  C$$EXIT                           
00004511  abort                             
00004519  exit                              
00004561  copy_in                           
000045ad  __aeabi_d2iz                      
000045f5  __aeabi_uidiv                     
000045f5  __aeabi_uidivmod                  
00004635  CPUcpsid                          
00004641  CPUprimask                        
0000464b  CPUcpsie                          
00004657  CPUwfi                            
0000465b  CPUbasepriSet                     
00004669  CPUbasepriGet                     
00004673  __aeabi_ui2d                      
00004695  _args_main                        
000046ad  _register_unlock                  
000046b3  _register_lock                    
000046bb  _nop                              
000046c1  __TI_decompress_none              
000046cf  ResetISR                          
000046db  SysCtlDelay                       
000046e1  __TI_decompress_rle24             
000046e7  _system_pre_init                  
00004e2c  __TI_Handler_Table_Base           
00004e34  __TI_CINIT_Base                   
00004e34  __TI_Handler_Table_Limit          
00004e4c  __TI_CINIT_Limit                  
20000000  g_pfnRAMVectors                   
2000026c  __stack                           
2000046c  __STACK_END                       
2000046c  __STACK_TOP                       
20000518  __TI_cleanup_ptr                  
2000051c  __TI_dtors_ptr                    
20000520  __TI_enable_exit_profile_output   
20000530  _lock                             
20000534  _unlock                           
20000540  main_func_sp                      
200005b0  ADC_OUT                           
200005b8  _sys_memory                       
ffffffff  __TI_pprof_out_hndl               
ffffffff  __TI_prof_data_size               
ffffffff  __TI_prof_data_start              
ffffffff  __binit__                         
ffffffff  __c_args__                        
ffffffff  binit                             
UNDEFED   SHT$$INIT_ARRAY$$Base             
UNDEFED   SHT$$INIT_ARRAY$$Limit            

[334 symbols]
