******************************************************************************
                  TI ARM Linker Unix v15.12.3                  
******************************************************************************
>> Linked Thu Dec 22 11:29:21 2016

OUTPUT FILE NAME:   <Embedded.out>
ENTRY POINT SYMBOL: "_c_int00"  address: 00011ef5


MEMORY CONFIGURATION

         name            origin    length      used     unused   attr    fill
----------------------  --------  ---------  --------  --------  ----  --------
  FLASH                 00000000   00040000  00012b62  0002d49e  R  X
  SRAM                  20000000   00008000  00001824  000067dc  RW X


SEGMENT ALLOCATION MAP

run origin  load origin   length   init length attrs members
----------  ----------- ---------- ----------- ----- -------
00000000    00000000    00012b64   00012b64    r-x
  00000000    00000000    0000026c   0000026c    r-- .intvecs
  0000026c    0000026c    00011f6e   00011f6e    r-x .text
  000121dc    000121dc    00000914   00000914    r-- .const
  00012af0    00012af0    00000074   00000074    r-- .cinit
20000000    20000000    00000310   00000000    rw-
  20000000    20000000    0000026c   00000000    rw- .vtable
  2000026c    2000026c    00000098   00000000    rw- .data
  20000308    20000308    00000008   00000000    rw- .sysmem
20000400    20000400    00001518   00000000    rw-
  20000400    20000400    00001318   00000000    rw- .bss
  20001718    20001718    00000200   00000000    rw- .stack


SECTION ALLOCATION MAP

 output                                  attributes/
section   page    origin      length       input sections
--------  ----  ----------  ----------   ----------------
.intvecs   0    00000000    0000026c     
                  00000000    0000026c     tm4c123gh6pm_startup_ccs.obj (.intvecs)

.text      0    0000026c    00011f6e     
                  0000026c    00002b04     usbhostenum.obj (.text)
                  00002d70    00002a20     ff.obj (.text)
                  00005790    000015b4     usb.obj (.text)
                  00006d44    00001188     usbdenum.obj (.text)
                  00007ecc    00001110     rtsv7M4_T_le_v4SPD16_eabi.lib : _printfi.obj (.text)
                  00008fdc    00000f00     sysctl.obj (.text)
                  00009edc    00000e44     usbdma.obj (.text)
                  0000ad20    00000c84     ustdlib.obj (.text)
                  0000b9a4    00000bbc     gpio.obj (.text)
                  0000c560    00000904     usbhhub.obj (.text)
                  0000ce64    0000077c     adc.obj (.text)
                  0000d5e0    000006a8     i2c.obj (.text)
                  0000dc88    00000622     uart.obj (.text)
                  0000e2aa    00000002     rtsv7M4_T_le_v4SPD16_eabi.lib : i_div0.obj (.text)
                  0000e2ac    000005d0     main.obj (.text)
                  0000e87c    000004e0     udma.obj (.text)
                  0000ed5c    0000049c     uartstdio.obj (.text)
                  0000f1f8    00000488     usbmode.obj (.text)
                  0000f680    000003c8     usbhmsc.obj (.text)
                  0000fa48    000003c4     usbstick.obj (.text)
                  0000fe0c    000003c0     interrupt.obj (.text)
                  000101cc    000003bc     usbhscsi.obj (.text)
                  00010588    00000388     usbdconfig.obj (.text)
                  00010910    00000352     ssi.obj (.text)
                  00010c62    000002de     usbdcdesc.obj (.text)
                  00010f40    000001f4     rtsv7M4_T_le_v4SPD16_eabi.lib : ull_div_t2.obj (.text)
                  00011134    000001d2     usbdesc.obj (.text)
                  00011306    000001b6     rtsv7M4_T_le_v4SPD16_eabi.lib : fd_add_t2.obj (.text)
                  000114bc    00000136                                   : fd_div_t2.obj (.text)
                  000115f2    000000fc                                   : fd_mul_t2.obj (.text)
                  000116ee    00000002                                   : mpu_init.obj (.text)
                  000116f0    000000fc                                   : s_scalbn.obj (.text)
                  000117ec    000000ec     usbtick.obj (.text)
                  000118d8    000000de     diskio.obj (.text)
                  000119b6    000000c8     usbulpi.obj (.text)
                  00011a7e    0000009c     rtsv7M4_T_le_v4SPD16_eabi.lib : memcpy_t2.obj (.text)
                  00011b1a    00000086                                   : fd_cmp_t2.obj (.text:__aeabi_cdcmple)
                  00011ba0    00000086                                   : fd_cmp_t2.obj (.text:__aeabi_cdrcmple)
                  00011c26    0000007a                                   : memset_t2.obj (.text)
                  00011ca0    00000070                                   : autoinit.obj (.text)
                  00011d10    0000006a                                   : copy_decompress_rle.obj (.text)
                  00011d7a    00000002                                   : startup.obj (.text)
                  00011d7c    00000064                                   : s_frexp.obj (.text)
                  00011de0    00000060                                   : sprintf.obj (.text)
                  00011e40    0000005c     usbdisk.obj (.text)
                  00011e9c    00000056     rtsv7M4_T_le_v4SPD16_eabi.lib : ltoa.obj (.text)
                  00011ef2    00000002     --HOLE-- [fill = 0]
                  00011ef4    00000054                                   : boot.obj (.text)
                  00011f48    00000054                                   : exit.obj (.text)
                  00011f9c    0000004c                                   : atoi.obj (.text)
                  00011fe8    0000004c                                   : cpy_tbl.obj (.text)
                  00012034    00000048                                   : fd_toi_t2.obj (.text)
                  0001207c    00000040                                   : u_divt2.obj (.text)
                  000120bc    0000003e     cpu.obj (.text)
                  000120fa    0000002e     rtsv7M4_T_le_v4SPD16_eabi.lib : i_tofd_t2.obj (.text)
                  00012128    0000001c                                   : memccpy.obj (.text)
                  00012144    00000018                                   : args_main.obj (.text)
                  0001215c    00000016                                   : strchr.obj (.text)
                  00012172    00000002     --HOLE-- [fill = 0]
                  00012174    00000014                                   : _lock.obj (.text)
                  00012188    00000014                                   : s_copysign.obj (.text)
                  0001219c    00000014                                   : strlen.obj (.text)
                  000121b0    0000000e                                   : copy_decompress_none.obj (.text:decompress:none)
                  000121be    0000000c     tm4c123gh6pm_startup_ccs.obj (.text)
                  000121ca    00000006     sysctl.obj (.text:SysCtlDelay)
                  000121d0    00000006     rtsv7M4_T_le_v4SPD16_eabi.lib : copy_decompress_rle.obj (.text:decompress:rle24)
                  000121d6    00000004                                   : pre_init.obj (.text)

.const     0    000121dc    00000914     
                  000121dc    00000120     sysctl.obj (.const:g_pppui32XTALtoVCO)
                  000122fc    00000101     rtsv7M4_T_le_v4SPD16_eabi.lib : ctype.obj (.const:.string:_ctypes_)
                  000123fd    000000da     usbstick.obj (.const:.string:g_pcCSVHeaderLine)
                  000124d7    00000001     --HOLE-- [fill = 0]
                  000124d8    000000c0     gpio.obj (.const:g_ppui32GPIOIntMapBlizzard)
                  00012598    000000c0     gpio.obj (.const:g_ppui32GPIOIntMapSnowflake)
                  00012658    0000009c     interrupt.obj (.const:g_pui32Regs)
                  000126f4    00000090     gpio.obj (.const:g_pui32GPIOBaseAddrs)
                  00012784    0000006c     sysctl.obj (.const:g_pui32Xtals)
                  000127f0    00000050     i2c.obj (.const:g_ppui32I2CIntMapSnowflake)
                  00012840    00000040     uart.obj (.const:g_ppui32UARTIntMap)
                  00012880    00000040     uart.obj (.const:g_ppui32UARTIntMapSnowflake)
                  000128c0    00000038     sysctl.obj (.const:g_sXTALtoMEMTIM)
                  000128f8    00000034     usbdenum.obj (.const:g_psUSBDStdRequests)
                  0001292c    00000030     i2c.obj (.const:g_ppui32I2CIntMap)
                  0001295c    00000030     ustdlib.obj (.const:g_psDaysToMonth)
                  0001298c    00000020     ssi.obj (.const:g_ppui32SSIIntMap)
                  000129ac    00000020     ssi.obj (.const:g_ppui32SSIIntMapSnowflake)
                  000129cc    00000020     interrupt.obj (.const:g_pui32Priority)
                  000129ec    00000018     ustdlib.obj (.const:g_pfExponents)
                  00012a04    00000014     interrupt.obj (.const:g_pui32Dii16Regs)
                  00012a18    00000014     interrupt.obj (.const:g_pui32EnRegs)
                  00012a2c    00000014     interrupt.obj (.const:g_pui32PendRegs)
                  00012a40    00000014     interrupt.obj (.const:g_pui32UnpendRegs)
                  00012a54    00000012     uartstdio.obj (.const:.string)
                  00012a66    00000002     --HOLE-- [fill = 0]
                  00012a68    00000012     ustdlib.obj (.const:.string)
                  00012a7a    00000002     --HOLE-- [fill = 0]
                  00012a7c    00000010     usbstick.obj (.const:g_sUSBEventDriver)
                  00012a8c    00000010     usbhmsc.obj (.const:g_sUSBHostMSCClassDriver)
                  00012a9c    0000000c     uartstdio.obj (.const:g_ui32UARTBase)
                  00012aa8    0000000c     uartstdio.obj (.const:g_ui32UARTPeriph)
                  00012ab4    00000008     usbstick.obj (.const:g_ppHostClassDrivers)
                  00012abc    00000008     sysctl.obj (.const:g_pui32VCOFrequencies)
                  00012ac4    00000008     gpio.obj (.const)
                  00012acc    00000008     i2c.obj (.const)
                  00012ad4    00000008     ssi.obj (.const)
                  00012adc    00000008     uart.obj (.const)
                  00012ae4    00000004     uartstdio.obj (.const)
                  00012ae8    00000004     usbstick.obj (.const)
                  00012aec    00000004     ustdlib.obj (.const)

.cinit     0    00012af0    00000074     
                  00012af0    00000036     (.cinit..data.load) [load image, compression = rle]
                  00012b26    00000002     --HOLE-- [fill = 0]
                  00012b28    0000000b     (.cinit..bss.load) [load image, compression = rle]
                  00012b33    00000005     --HOLE-- [fill = 0]
                  00012b38    0000000b     (.cinit..vtable.load) [load image, compression = rle]
                  00012b43    00000001     --HOLE-- [fill = 0]
                  00012b44    00000008     (__TI_handler_table)
                  00012b4c    00000018     (__TI_cinit_table)

.init_array 
*          0    00000000    00000000     UNINITIALIZED

.vtable    0    20000000    0000026c     UNINITIALIZED
                  20000000    0000026c     interrupt.obj (.vtable)

.data      0    2000026c    00000098     UNINITIALIZED
                  2000026c    0000001c     usbhmsc.obj (.data:g_sUSBHMSCDevice)
                  20000288    00000018     usbhostenum.obj (.data:g_sUSBHEP0State)
                  200002a0    00000014     usbhostenum.obj (.data)
                  200002b4    0000000c     rtsv7M4_T_le_v4SPD16_eabi.lib : exit.obj (.data:$O1$$)
                  200002c0    0000000c     usbtick.obj (.data)
                  200002cc    00000009     usbmode.obj (.data)
                  200002d5    00000001     main.obj (.data)
                  200002d6    00000002     --HOLE--
                  200002d8    00000008     rtsv7M4_T_le_v4SPD16_eabi.lib : _lock.obj (.data:$O1$$)
                  200002e0    00000008     usbdenum.obj (.data)
                  200002e8    00000008     usbstick.obj (.data)
                  200002f0    00000005     uartstdio.obj (.data)
                  200002f5    00000003     --HOLE--
                  200002f8    00000004     rtsv7M4_T_le_v4SPD16_eabi.lib : errno.obj (.data)
                  200002fc    00000004                                   : stkdepth_vars.obj (.data)
                  20000300    00000004     ustdlib.obj (.data)

.sysmem    0    20000308    00000008     UNINITIALIZED
                  20000308    00000008     rtsv7M4_T_le_v4SPD16_eabi.lib : memory.obj (.sysmem)

.bss       0    20000400    00001318     UNINITIALIZED
                  20000400    000006cc     usbhostenum.obj (.bss:g_sUSBHCD)
                  20000acc    00000110     usbdma.obj (.bss:g_psUSBDMAInst)
                  20000bdc    00000018     usbhostenum.obj (.bss:g_pi32USBHActiveDriver)
                  20000bf4    00000008     usbhostenum.obj (.bss:g_pui32Alloc)
                  20000bfc    00000004     ff.obj (.bss:FatFs)
                  20000c00    00000400     (.common:udmaCtrlTable)
                  20001000    00000234     usbstick.obj (.bss:g_sFatFs)
                  20001234    00000224     usbstick.obj (.bss:g_sFileObject)
                  20001458    00000100     usbstick.obj (.bss:pcBuf$2)
                  20001558    0000009c     usbhhub.obj (.bss:g_sRootHub)
                  200015f4    00000050     (.common:g_psDCDInst)
                  20001644    00000040     usbdenum.obj (.bss:g_pui8DataBufferIn)
                  20001684    00000018     usbhostenum.obj (.bss:g_ppvDriverInstance)
                  2000169c    00000018     (.common:g_pfnTickHandlers)
                  200016b4    00000018     (.common:g_pvTickInstance)
                  200016cc    00000010     usbstick.obj (.bss:pcFilename$1)
                  200016dc    00000010     (.common:ADC_OUT)
                  200016ec    00000008     usbhhub.obj (.bss)
                  200016f4    00000004     main.obj (.bss:TxBuf)
                  200016f8    00000004     adc.obj (.bss:g_pui8OversampleFactor)
                  200016fc    00000004     usbdenum.obj (.bss)
                  20001700    00000004     usbhostenum.obj (.bss)
                  20001704    00000004     usbmode.obj (.bss)
                  20001708    00000004     (.common:currentFile)
                  2000170c    00000004     (.common:g_ppsDevInfo)
                  20001710    00000004     (.common:g_ui32PollRate)
                  20001714    00000002     ff.obj (.bss)
                  20001716    00000001     (.common:g_eOTGModeState)
                  20001717    00000001     (.common:g_iState)

.stack     0    20001718    00000200     UNINITIALIZED
                  20001718    00000200     --HOLE--

MODULE SUMMARY

       Module                         code    ro data   rw data
       ------                         ----    -------   -------
    ./
       usbstick.obj                   964     246       1393   
       main.obj                       1488    0         1049   
       tm4c123gh6pm_startup_ccs.obj   12      620       0      
    +--+------------------------------+-------+---------+---------+
       Total:                         2464    866       2442   
                                                               
    ./driverlib/
       usb.obj                        5556    0         0      
       sysctl.obj                     3846    460       0      
       gpio.obj                       3004    536       0      
       adc.obj                        1916    0         4      
       interrupt.obj                  960     268       620    
       i2c.obj                        1704    136       0      
       uart.obj                       1570    136       0      
       udma.obj                       1248    0         0      
       ssi.obj                        850     72        0      
       cpu.obj                        62      0         0      
    +--+------------------------------+-------+---------+---------+
       Total:                         20716   1608      624    
                                                               
    ./fatfs/src/
       ff.obj                         10784   0         6      
       diskio.obj                     222     0         0      
       usbdisk.obj                    92      0         0      
    +--+------------------------------+-------+---------+---------+
       Total:                         11098   0         6      
                                                               
    ./usblib/
       usbdma.obj                     3652    0         272    
       usbmode.obj                    1160    0         18     
       usbdesc.obj                    466     0         0      
       usbtick.obj                    236     0         60     
       usbulpi.obj                    200     0         0      
    +--+------------------------------+-------+---------+---------+
       Total:                         5714    0         350    
                                                               
    ./usblib/device/
       usbdenum.obj                   4488    52        160    
       usbdconfig.obj                 904     0         0      
       usbdcdesc.obj                  734     0         0      
    +--+------------------------------+-------+---------+---------+
       Total:                         6126    52        160    
                                                               
    ./usblib/host/
       usbhostenum.obj                11012   0         1844   
       usbhhub.obj                    2308    0         164    
       usbhmsc.obj                    968     16        28     
       usbhscsi.obj                   956     0         0      
    +--+------------------------------+-------+---------+---------+
       Total:                         15244   16        2036   
                                                               
    ./utils/
       ustdlib.obj                    3204    94        4      
       uartstdio.obj                  1180    46        5      
    +--+------------------------------+-------+---------+---------+
       Total:                         4384    140       9      
                                                               
    /Volumes/Macintosh HD/Applications/cc/ccsv6/tools/compiler/arm_15.12.3.LTS/lib/rtsv7M4_T_le_v4SPD16_eabi.lib
       _printfi.obj                   4368    0         0      
       ull_div_t2.obj                 500     0         0      
       fd_add_t2.obj                  438     0         0      
       fd_div_t2.obj                  310     0         0      
       fd_cmp_t2.obj                  268     0         0      
       ctype.obj                      0       257       0      
       fd_mul_t2.obj                  252     0         0      
       s_scalbn.obj                   252     0         0      
       memcpy_t2.obj                  156     0         0      
       memset_t2.obj                  122     0         0      
       autoinit.obj                   112     0         0      
       copy_decompress_rle.obj        112     0         0      
       s_frexp.obj                    100     0         0      
       exit.obj                       84      0         12     
       sprintf.obj                    96      0         0      
       ltoa.obj                       86      0         0      
       boot.obj                       84      0         0      
       atoi.obj                       76      0         0      
       cpy_tbl.obj                    76      0         0      
       fd_toi_t2.obj                  72      0         0      
       u_divt2.obj                    64      0         0      
       i_tofd_t2.obj                  46      0         0      
       _lock.obj                      20      0         8      
       memccpy.obj                    28      0         0      
       args_main.obj                  24      0         0      
       strchr.obj                     22      0         0      
       s_copysign.obj                 20      0         0      
       strlen.obj                     20      0         0      
       copy_decompress_none.obj       14      0         0      
       errno.obj                      0       0         4      
       pre_init.obj                   4       0         0      
       stkdepth_vars.obj              0       0         4      
       i_div0.obj                     2       0         0      
       mpu_init.obj                   2       0         0      
       startup.obj                    2       0         0      
    +--+------------------------------+-------+---------+---------+
       Total:                         7832    257       28     
                                                               
       Heap:                          0       0         8      
       Stack:                         0       0         512    
       Linker Generated:              0       108       0      
    +--+------------------------------+-------+---------+---------+
       Grand Total:                   73578   3047      6175   


LINKER GENERATED COPY TABLES

__TI_cinit_table @ 00012b4c records: 3, size/record: 8, table size: 24
	.data: load addr=00012af0, load size=00000036 bytes, run addr=2000026c, run size=00000098 bytes, compression=rle
	.bss: load addr=00012b28, load size=0000000b bytes, run addr=20000400, run size=00001318 bytes, compression=rle
	.vtable: load addr=00012b38, load size=0000000b bytes, run addr=20000000, run size=0000026c bytes, compression=rle


LINKER GENERATED HANDLER TABLE

__TI_handler_table @ 00012b44 records: 2, size/record: 4, table size: 8
	index: 0, handler: __TI_decompress_rle24
	index: 1, handler: __TI_decompress_none


GLOBAL SYMBOLS: SORTED ALPHABETICALLY BY Name 

address   name                                 
-------   ----                                 
0000e345  ADC0IntHandler                       
0000d559  ADCBusy                              
0000d5a1  ADCClockConfigGet                    
0000d577  ADCClockConfigSet                    
0000d373  ADCComparatorConfigure               
0000d443  ADCComparatorIntClear                
0000d3f9  ADCComparatorIntDisable              
0000d417  ADCComparatorIntEnable               
0000d435  ADCComparatorIntStatus               
0000d38f  ADCComparatorRegionSet               
0000d3b3  ADCComparatorReset                   
0000d341  ADCHardwareOversampleConfigure       
0000cf69  ADCIntClear                          
0000d4bb  ADCIntClearEx                        
0000cecf  ADCIntDisable                        
0000d455  ADCIntDisableEx                      
0000ceeb  ADCIntEnable                         
0000d46d  ADCIntEnableEx                       
0000ce89  ADCIntRegister                       
0000cf11  ADCIntStatus                         
0000d489  ADCIntStatusEx                       
0000ceb1  ADCIntUnregister                     
0000d513  ADCPhaseDelayGet                     
0000d501  ADCPhaseDelaySet                     
0000d1b7  ADCProcessorTrigger                  
0000d4ef  ADCReferenceGet                      
0000d4d3  ADCReferenceSet                      
0000cfb3  ADCSequenceConfigure                 
0000d53d  ADCSequenceDMADisable                
0000d521  ADCSequenceDMAEnable                 
0000d175  ADCSequenceDataGet                   
0000cf99  ADCSequenceDisable                   
0000cf7f  ADCSequenceEnable                    
0000d113  ADCSequenceOverflow                  
0000d131  ADCSequenceOverflowClear             
0000d025  ADCSequenceStepConfigure             
0000d147  ADCSequenceUnderflow                 
0000d15f  ADCSequenceUnderflowClear            
0000d1db  ADCSoftwareOversampleConfigure       
0000d2d3  ADCSoftwareOversampleDataGet         
0000d213  ADCSoftwareOversampleStepConfigure   
200016dc  ADC_OUT                              
0000e31b  ADCprocess                           
00011f49  C$$EXIT                              
000120f1  CPUbasepriGet                        
000120e3  CPUbasepriSet                        
000120bd  CPUcpsid                             
000120d3  CPUcpsie                             
000120c9  CPUprimask                           
000120df  CPUwfi                               
0000026d  ConfigDescAlloc                      
00000303  ConfigDescFree                       
0000c53b  GPIOADCTriggerDisable                
0000c51d  GPIOADCTriggerEnable                 
0000c4ff  GPIODMATriggerDisable                
0000c4e1  GPIODMATriggerEnable                 
0000ba63  GPIODirModeGet                       
0000ba07  GPIODirModeSet                       
0000bfd7  GPIOIntClear                         
0000bf9b  GPIOIntDisable                       
0000bf81  GPIOIntEnable                        
0000bfeb  GPIOIntRegister                      
0000bfb5  GPIOIntStatus                        
0000bb53  GPIOIntTypeGet                       
0000baaf  GPIOIntTypeSet                       
0000c009  GPIOIntUnregister                    
0000be2f  GPIOPadConfigGet                     
0000bbf1  GPIOPadConfigSet                     
0000c483  GPIOPinConfigure                     
0000c023  GPIOPinRead                          
0000c05b  GPIOPinTypeADC                       
0000c07f  GPIOPinTypeCAN                       
0000c44f  GPIOPinTypeCIR                       
0000c0a3  GPIOPinTypeComparator                
0000c0c7  GPIOPinTypeEPI                       
0000c0eb  GPIOPinTypeEthernetLED               
0000c10f  GPIOPinTypeEthernetMII               
0000c133  GPIOPinTypeFan                       
0000c157  GPIOPinTypeGPIOInput                 
0000c17b  GPIOPinTypeGPIOOutput                
0000c19f  GPIOPinTypeGPIOOutputOD              
0000c1c3  GPIOPinTypeI2C                       
0000c1e7  GPIOPinTypeI2CSCL                    
0000c407  GPIOPinTypeKBColumn                  
0000c3e3  GPIOPinTypeKBRow                     
0000c20b  GPIOPinTypeLCD                       
0000c42b  GPIOPinTypeLEDSeq                    
0000c22f  GPIOPinTypeLPC                       
0000c253  GPIOPinTypePECIRx                    
0000c277  GPIOPinTypePECITx                    
0000c29b  GPIOPinTypePWM                       
0000c2bf  GPIOPinTypeQEI                       
0000c2e3  GPIOPinTypeSSI                       
0000c307  GPIOPinTypeTimer                     
0000c32b  GPIOPinTypeUART                      
0000c34f  GPIOPinTypeUSBAnalog                 
0000c373  GPIOPinTypeUSBDigital                
0000c397  GPIOPinTypeWakeHigh                  
0000c3bd  GPIOPinTypeWakeLow                   
0000c473  GPIOPinWakeStatus                    
0000c03b  GPIOPinWrite                         
0000e635  I2C0SlaveIntHandler                  
0000dbe3  I2CFIFODataGet                       
0000dbfd  I2CFIFODataGetNonBlocking            
0000db99  I2CFIFODataPut                       
0000dbbb  I2CFIFODataPutNonBlocking            
0000db89  I2CFIFOStatus                        
0000d775  I2CIntRegister                       
0000d793  I2CIntUnregister                     
0000dc39  I2CMasterBurstCountGet               
0000dc23  I2CMasterBurstLengthSet              
0000d9e1  I2CMasterBusBusy                     
0000d9c9  I2CMasterBusy                        
0000d9f9  I2CMasterControl                     
0000da4d  I2CMasterDataGet                     
0000da37  I2CMasterDataPut                     
0000d741  I2CMasterDisable                     
0000d70d  I2CMasterEnable                      
0000da0b  I2CMasterErr                         
0000dc47  I2CMasterGlitchFilterConfigSet       
0000d643  I2CMasterInitExpClk                  
0000d943  I2CMasterIntClear                    
0000d961  I2CMasterIntClearEx                  
0000d807  I2CMasterIntDisable                  
0000d817  I2CMasterIntDisableEx                
0000d7ad  I2CMasterIntEnable                   
0000d7bd  I2CMasterIntEnableEx                 
0000d861  I2CMasterIntStatus                   
0000d8b5  I2CMasterIntStatusEx                 
0000d9bb  I2CMasterLineStateGet                
0000d999  I2CMasterSlaveAddrSet                
0000da5b  I2CMasterTimeoutSet                  
0000db49  I2CRxFIFOConfigSet                   
0000db71  I2CRxFIFOFlush                       
0000da6d  I2CSlaveACKOverride                  
0000da9f  I2CSlaveACKValueSet                  
0000d6cf  I2CSlaveAddressSet                   
0000daf9  I2CSlaveDataGet                      
0000dae1  I2CSlaveDataPut                      
0000d757  I2CSlaveDisable                      
0000d723  I2CSlaveEnable                       
0000dc77  I2CSlaveFIFODisable                  
0000dc5f  I2CSlaveFIFOEnable                   
0000d6b5  I2CSlaveInit                         
0000d973  I2CSlaveIntClear                     
0000d985  I2CSlaveIntClearEx                   
0000d82f  I2CSlaveIntDisable                   
0000d847  I2CSlaveIntDisableEx                 
0000d7d5  I2CSlaveIntEnable                    
0000d7ed  I2CSlaveIntEnableEx                  
0000d8d9  I2CSlaveIntStatus                    
0000d921  I2CSlaveIntStatusEx                  
0000dad1  I2CSlaveStatus                       
0000db09  I2CTxFIFOConfigSet                   
0000db31  I2CTxFIFOFlush                       
0000e3c9  InitADC                              
0000e2ad  InitConsole                          
0000e5cd  InitI2C0                             
0000e52d  InitSPI                              
0000e4df  InitSW1                              
0000ffcd  IntDisable                           
0000ff5b  IntEnable                            
0001003f  IntIsEnabled                         
0000fe1f  IntMasterDisable                     
0000fe0f  IntMasterEnable                      
00010135  IntPendClear                         
000100c5  IntPendSet                           
0000ff37  IntPriorityGet                       
0000feaf  IntPriorityGroupingGet               
0000fe95  IntPriorityGroupingSet               
0001018f  IntPriorityMaskGet                   
00010183  IntPriorityMaskSet                   
0000fee7  IntPrioritySet                       
0000fe2f  IntRegister                          
00010197  IntTrigger                           
0000fe81  IntUnregister                        
000021dd  InternalUSBHCDSendEvent              
00011833  InternalUSBRegisterTickHandler       
00011883  InternalUSBStartOfFrameTick          
000117ed  InternalUSBTickInit                  
0001182b  InternalUSBTickReset                 
0000f571  OTGDeviceDisconnect                  
000121bf  ResetISR                             
UNDEFED   SHT$$INIT_ARRAY$$Base                
UNDEFED   SHT$$INIT_ARRAY$$Limit               
0000e2e9  SSI0IntHandler                       
00010be5  SSIAdvDataPutFrameEnd                
00010c0b  SSIAdvDataPutFrameEndNonBlocking     
00010c4d  SSIAdvFrameHoldDisable               
00010c37  SSIAdvFrameHoldEnable                
00010bc9  SSIAdvModeSet                        
00010b6b  SSIBusy                              
00010b9d  SSIClockSourceGet                    
00010b89  SSIClockSourceSet                    
00010973  SSIConfigSetExpClk                   
00010b53  SSIDMADisable                        
00010b3b  SSIDMAEnable                         
00010afd  SSIDataGet                           
00010b19  SSIDataGetNonBlocking                
00010ac3  SSIDataPut                           
00010add  SSIDataPutNonBlocking                
00010a15  SSIDisable                           
000109ff  SSIEnable                            
00010ab1  SSIIntClear                          
00010a7b  SSIIntDisable                        
00010a63  SSIIntEnable                         
00010a2b  SSIIntRegister                       
00010a93  SSIIntStatus                         
00010a49  SSIIntUnregister                     
0000e365  SW1_IntHandler                       
00009dbb  SysCtlADCSpeedGet                    
00009d91  SysCtlADCSpeedSet                    
00009e87  SysCtlAltClkConfig                   
00009649  SysCtlClockFreqSet                   
00009b35  SysCtlClockGet                       
00009e6b  SysCtlClockOutConfig                 
00009965  SysCtlClockSet                       
00009549  SysCtlDeepSleep                      
00009ca9  SysCtlDeepSleepClockConfigSet        
00009c89  SysCtlDeepSleepClockSet              
00009529  SysCtlDeepSleepPowerSet              
000121cb  SysCtlDelay                          
000090d5  SysCtlFlashSectorSizeGet             
000090a9  SysCtlFlashSizeGet                   
00009de5  SysCtlGPIOAHBDisable                 
00009dc9  SysCtlGPIOAHBEnable                  
000094bd  SysCtlIntClear                       
000094a5  SysCtlIntDisable                     
00009491  SysCtlIntEnable                      
00009469  SysCtlIntRegister                    
000094cd  SysCtlIntStatus                      
00009481  SysCtlIntUnregister                  
0000950f  SysCtlLDODeepSleepGet                
000094ff  SysCtlLDODeepSleepSet                
000094f9  SysCtlLDOSleepGet                    
000094e9  SysCtlLDOSleepSet                    
0000957f  SysCtlMOSCConfigSet                  
00009e57  SysCtlNMIClear                       
00009e51  SysCtlNMIStatus                      
00009595  SysCtlPIOSCCalibrate                 
00009d77  SysCtlPWMClockGet                    
00009d5d  SysCtlPWMClockSet                    
00009415  SysCtlPeripheralClockGating          
000093cd  SysCtlPeripheralDeepSleepDisable     
0000937d  SysCtlPeripheralDeepSleepEnable      
000092b9  SysCtlPeripheralDisable              
0000927d  SysCtlPeripheralEnable               
000091b9  SysCtlPeripheralPowerOff             
0000917d  SysCtlPeripheralPowerOn              
000090fd  SysCtlPeripheralPresent              
0000913d  SysCtlPeripheralReady                
000091f5  SysCtlPeripheralReset                
00009341  SysCtlPeripheralSleepDisable         
000092fd  SysCtlPeripheralSleepEnable          
00009539  SysCtlReset                          
000095f5  SysCtlResetBehaviorGet               
000095e5  SysCtlResetBehaviorSet               
0000956b  SysCtlResetCauseClear                
00009565  SysCtlResetCauseGet                  
0000909f  SysCtlSRAMSizeGet                    
00009541  SysCtlSleep                          
00009515  SysCtlSleepPowerSet                  
00009e0d  SysCtlUSBPLLDisable                  
00009e01  SysCtlUSBPLLEnable                   
00009e39  SysCtlVoltageEventClear              
00009e19  SysCtlVoltageEventConfig             
00009e29  SysCtlVoltageEventStatus             
0000e263  UART9BitAddrSend                     
0000e23d  UART9BitAddrSet                      
0000e227  UART9BitDisable                      
0000e211  UART9BitEnable                       
0000e0b7  UARTBreakCtl                         
0000e0e1  UARTBusy                             
0000e05f  UARTCharGet                          
0000e043  UARTCharGetNonBlocking               
0000e099  UARTCharPut                          
0000e075  UARTCharPutNonBlocking               
0000e007  UARTCharsAvail                       
0000e201  UARTClockSourceGet                   
0000e1ed  UARTClockSourceSet                   
0000ddcf  UARTConfigGetExpClk                  
0000dd59  UARTConfigSetExpClk                  
0000e1b3  UARTDMADisable                       
0000e19b  UARTDMAEnable                        
0000de3f  UARTDisable                          
0000dec3  UARTDisableSIR                       
0000de1b  UARTEnable                           
0000de95  UARTEnableSIR                        
0000de7f  UARTFIFODisable                      
0000de69  UARTFIFOEnable                       
0000dd31  UARTFIFOLevelGet                     
0000dd19  UARTFIFOLevelSet                     
0000dfc7  UARTFlowControlGet                   
0000dfab  UARTFlowControlSet                   
0000e189  UARTIntClear                         
0000e153  UARTIntDisable                       
0000e13b  UARTIntEnable                        
0000e0ff  UARTIntRegister                      
0000e16b  UARTIntStatus                        
0000e121  UARTIntUnregister                    
0000df61  UARTModemControlClear                
0000df85  UARTModemControlGet                  
0000df21  UARTModemControlSet                  
0000df97  UARTModemStatusGet                   
0000dd07  UARTParityModeGet                    
0000dceb  UARTParityModeSet                    
0000e1dd  UARTRxErrorClear                     
0000e1cb  UARTRxErrorGet                       
0000df0b  UARTSmartCardDisable                 
0000ded9  UARTSmartCardEnable                  
0000e025  UARTSpaceAvail                       
0000ed5d  UARTStdioConfig                      
0000dff5  UARTTxIntModeGet                     
0000dfd9  UARTTxIntModeSet                     
0000eea3  UARTgetc                             
0000ede9  UARTgets                             
0000f1c3  UARTprintf                           
0000eec9  UARTvprintf                          
0000eda3  UARTwrite                            
000119b7  ULPIConfigSet                        
00011a59  ULPIPowerTransceiver                 
0000f2b5  USB0DualModeIntHandler               
000020f3  USB0HostIntHandler                   
0000f489  USB0OTGModeIntHandler                
00006987  USBClockDisable                      
0000696b  USBClockEnable                       
00006957  USBControllerVersion                 
00010dbb  USBDCDConfigDescGet                  
00010d6d  USBDCDConfigDescGetNum               
00010d35  USBDCDConfigDescGetSize              
00010e9d  USBDCDConfigGetInterface             
00010ed3  USBDCDConfigGetInterfaceEndpoint     
00010e49  USBDCDConfigGetNumAlternateInterfaces
00006d45  USBDCDDeviceInfoInit                 
00006ff9  USBDCDFeatureSet                     
00006d81  USBDCDInit                           
00006fa1  USBDCDPowerStatusSet                 
000070c9  USBDCDRemoteWakeLPM                  
000070e3  USBDCDRemoteWakeupRequest            
00006f31  USBDCDRequestDataEP0                 
00006f57  USBDCDSendDataEP0                    
00006f79  USBDCDSetDefaultConfiguration        
00006f8b  USBDCDStallEP0                       
00006ee9  USBDCDTerm                           
00006abf  USBDMAChannelAddressGet              
00006aa3  USBDMAChannelAddressSet              
00006a29  USBDMAChannelConfigSet               
00006af3  USBDMAChannelCountGet                
00006ad7  USBDMAChannelCountSet                
00006a09  USBDMAChannelDisable                 
000069e9  USBDMAChannelEnable                  
000069b9  USBDMAChannelIntDisable              
00006999  USBDMAChannelIntEnable               
000069d9  USBDMAChannelIntStatus               
00006a59  USBDMAChannelStatus                  
00006a79  USBDMAChannelStatusClear             
00006b0b  USBDMANumChannels                    
00011191  USBDescGet                           
000112b5  USBDescGetInterface                  
000112e3  USBDescGetInterfaceEndpoint          
00011135  USBDescGetNum                        
000111fb  USBDescGetNumAlternateInterfaces     
00005dc5  USBDevAddrGet                        
00005db1  USBDevAddrSet                        
00005d85  USBDevConnect                        
00005d9b  USBDevDisconnect                     
000060fb  USBDevEndpointConfigGet              
00006009  USBDevEndpointConfigSet              
00006485  USBDevEndpointDataAck                
00005caf  USBDevEndpointStall                  
00005d11  USBDevEndpointStallClear             
00005b2b  USBDevEndpointStatusClear            
00006c77  USBDevLPMConfig                      
00006ca5  USBDevLPMDisable                     
00006c8d  USBDevLPMEnable                      
00006c5f  USBDevLPMRemoteWake                  
000068bf  USBDevMode                           
000058f1  USBDevSpeedGet                       
0001064f  USBDeviceConfig                      
00010845  USBDeviceConfigAlternate             
000071f5  USBDeviceEnumHandler                 
00007319  USBDeviceEnumResetHandler            
00007ce9  USBDeviceIntHandlerInternal          
00007119  USBDeviceResumeTickHandler           
0000f301  USBDualModeInit                      
0000f35f  USBDualModeTerm                      
00006871  USBEndpointDMAChannel                
000062b7  USBEndpointDMAConfigSet              
00006389  USBEndpointDMADisable                
0000634f  USBEndpointDMAEnable                 
000063c3  USBEndpointDataAvail                 
000063fb  USBEndpointDataGet                   
000064f5  USBEndpointDataPut                   
00006559  USBEndpointDataSend                  
00005c49  USBEndpointDataToggleClear           
00006923  USBEndpointPacketCountSet            
00005ab7  USBEndpointStatus                    
00006847  USBFIFOAddrGet                       
00006251  USBFIFOConfigGet                     
000061eb  USBFIFOConfigSet                     
000065b1  USBFIFOFlush                         
0000680b  USBFrameNumberGet                    
000026f9  USBHCDControlTransfer                
00002acb  USBHCDDevAddress                     
00002af5  USBHCDDevClass                       
00002aa7  USBHCDDevHubPort                     
00002b99  USBHCDDevProtocol                    
00002b4d  USBHCDDevSubClass                    
0000041b  USBHCDEventDisable                   
000003eb  USBHCDEventEnable                    
0000fa89  USBHCDEvents                         
00002be9  USBHCDFeatureSet                     
00002835  USBHCDHubDeviceConnected             
000028cd  USBHCDHubDeviceDisconnected          
000013a5  USBHCDInit                           
00002d31  USBHCDLPMResume                      
00002cd5  USBHCDLPMSleep                       
00002ca1  USBHCDLPMStatus                      
00002315  USBHCDMain                           
0000084d  USBHCDPipeAlloc                      
000005f1  USBHCDPipeAllocSize                  
00000895  USBHCDPipeConfig                     
00000d65  USBHCDPipeDataAck                    
00000f81  USBHCDPipeFree                       
00000d95  USBHCDPipeRead                       
00000d1d  USBHCDPipeReadNonBlocking            
00000c0d  USBHCDPipeSchedule                   
00000a0f  USBHCDPipeStatus                     
000005cb  USBHCDPipeTransferSizeGet            
00000a49  USBHCDPipeWrite                      
00001371  USBHCDPowerAutomatic                 
000012e7  USBHCDPowerConfigGet                 
000012d5  USBHCDPowerConfigInit                
00001305  USBHCDPowerConfigSet                 
00001485  USBHCDRegisterDrivers                
0000157d  USBHCDReset                          
000015bb  USBHCDResume                         
00001779  USBHCDSetAddress                     
000018a5  USBHCDSetConfig                      
000018ed  USBHCDSetInterface                   
00001721  USBHCDStringDescriptorGet            
000015af  USBHCDSuspend                        
000014d5  USBHCDTerm                           
0000cdf1  USBHHubClose                         
0000cd95  USBHHubEnumerationComplete           
0000cdb7  USBHHubEnumerationError              
0000ce05  USBHHubInit                          
0000ce1f  USBHHubLPMSleep                      
0000ce2d  USBHHubLPMStatus                     
0000cb69  USBHHubMain                          
0000cdd9  USBHHubOpen                          
0000f989  USBHMSCBlockRead                     
0000f9dd  USBHMSCBlockWrite                    
0000f96b  USBHMSCDriveClose                    
0000f949  USBHMSCDriveOpen                     
0000f7f3  USBHMSCDriveReady                    
0000fa27  USBHMSCLPMSleep                      
0000fa35  USBHMSCLPMStatus                     
0001026d  USBHSCSIInquiry                      
0001036f  USBHSCSIModeSense6                   
00010475  USBHSCSIRead10                       
0001031d  USBHSCSIReadCapacities               
000102c5  USBHSCSIReadCapacity                 
00010419  USBHSCSIRequestSense                 
000103c7  USBHSCSITestUnitReady                
00010501  USBHSCSIWrite10                      
0000585f  USBHighSpeed                         
000066c1  USBHostAddrGet                       
00006689  USBHostAddrSet                       
00001939  USBHostCheckPipes                    
00005dd9  USBHostEndpointConfig                
000064c3  USBHostEndpointDataAck               
00005bad  USBHostEndpointDataToggle            
00005c83  USBHostEndpointPing                  
00005f73  USBHostEndpointSpeed                 
00005ae3  USBHostEndpointStatusClear           
00006753  USBHostHubAddrGet                    
000066ef  USBHostHubAddrSet                    
000019f9  USBHostIntHandlerInternal            
00006c23  USBHostLPMConfig                     
00006c47  USBHostLPMResume                     
00006bdb  USBHostLPMSend                       
000068ad  USBHostMode                          
00006781  USBHostPwrConfig                     
000067f3  USBHostPwrDisable                    
000067db  USBHostPwrEnable                     
000067c3  USBHostPwrFaultDisable               
000067ab  USBHostPwrFaultEnable                
00006621  USBHostRequestIN                     
00006649  USBHostRequestINClear                
00006677  USBHostRequestStatus                 
00005831  USBHostReset                         
0000588d  USBHostResume                        
000058bb  USBHostSpeedGet                      
0000581b  USBHostSuspend                       
00005909  USBIntDisableControl                 
000059cd  USBIntDisableEndpoint                
00005947  USBIntEnableControl                  
000059fb  USBIntEnableEndpoint                 
00005a7f  USBIntRegister                       
00005981  USBIntStatusControl                  
00005a29  USBIntStatusEndpoint                 
00005a9d  USBIntUnregister                     
00006cd1  USBLPMEndpointGet                    
00006d2b  USBLPMIntDisable                     
00006d11  USBLPMIntEnable                      
00006d01  USBLPMIntStatus                      
00006cbd  USBLPMLinkStateGet                   
00006ce7  USBLPMRemoteWakeEnabled              
0000ab3f  USBLibDMAAddrGet                     
0000ab6f  USBLibDMAInit                        
0000ab57  USBLibDMASizeGet                     
000068e3  USBModeConfig                        
0000685d  USBModeGet                           
00006943  USBNumEndpointsGet                   
0000f62d  USBOTGFeatureSet                     
0000f591  USBOTGMain                           
000068d1  USBOTGMode                           
0000f3a9  USBOTGModeInit                       
0000f381  USBOTGModeTerm                       
0000f467  USBOTGPollRate                       
00006819  USBOTGSessionRequest                 
000068f7  USBPHYPowerOff                       
0000690d  USBPHYPowerOn                        
0000f279  USBStackModeSet                      
0000fb71  USBStickCloseFile                    
0000fac3  USBStickInit                         
0000fbcd  USBStickOpenLogFile                  
0000faf5  USBStickRun                          
0000fcbd  USBStickWriteRecord                  
00006b1d  USBULPIConfig                        
00006b4b  USBULPIDisable                       
00006b33  USBULPIEnable                        
00006b63  USBULPIRegRead                       
00006b9b  USBULPIRegWrite                      
00011e41  USB_disk_initialize                  
00011e89  USB_disk_ioctl                       
00011e5d  USB_disk_read                        
00011e4f  USB_disk_status                      
00011e73  USB_disk_write                       
20001918  __STACK_END                          
00000200  __STACK_SIZE                         
20001918  __STACK_TOP                          
00000008  __SYSMEM_SIZE                        
00012b4c  __TI_CINIT_Base                      
00012b64  __TI_CINIT_Limit                     
00012b44  __TI_Handler_Table_Base              
00012b4c  __TI_Handler_Table_Limit             
00011ca1  __TI_auto_init                       
200002b4  __TI_cleanup_ptr                     
000121b1  __TI_decompress_none                 
000121d1  __TI_decompress_rle24                
200002b8  __TI_dtors_ptr                       
200002bc  __TI_enable_exit_profile_output      
ffffffff  __TI_pprof_out_hndl                  
00008cd7  __TI_printfi                         
ffffffff  __TI_prof_data_size                  
ffffffff  __TI_prof_data_start                 
00000000  __TI_static_base__                   
00011b1b  __aeabi_cdcmpeq                      
00011b1b  __aeabi_cdcmple                      
00011ba1  __aeabi_cdrcmple                     
00012035  __aeabi_d2iz                         
00011311  __aeabi_dadd                         
000114bd  __aeabi_ddiv                         
000115f3  __aeabi_dmul                         
00011307  __aeabi_dsub                         
000120fb  __aeabi_i2d                          
0000e2ab  __aeabi_idiv0                        
00011c27  __aeabi_memclr                       
00011c27  __aeabi_memclr4                      
00011c27  __aeabi_memclr8                      
00011a7f  __aeabi_memcpy                       
00011a7f  __aeabi_memcpy4                      
00011a7f  __aeabi_memcpy8                      
00011c29  __aeabi_memset                       
00011c29  __aeabi_memset4                      
00011c29  __aeabi_memset8                      
0001207d  __aeabi_uidiv                        
0001207d  __aeabi_uidivmod                     
00010f41  __aeabi_uldivmod                     
ffffffff  __binit__                            
ffffffff  __c_args__                           
000116ef  __mpu_init                           
20001718  __stack                              
00012145  _args_main                           
00011ef5  _c_int00                             
000122fc  _ctypes_                             
200002d8  _lock                                
00012183  _nop                                 
0001217b  _register_lock                       
00012175  _register_unlock                     
20000308  _sys_memory                          
00011d7b  _system_post_cinit                   
000121d7  _system_pre_init                     
200002dc  _unlock                              
00011f4d  abort                                
00011f9d  atoi                                 
ffffffff  binit                                
00003011  clust2sect                           
00011fe9  copy_in                              
00012189  copysign                             
00012189  copysignl                            
20001708  currentFile                          
0000e675  data_transfer                        
000118d9  disk_initialize                      
00011985  disk_ioctl                           
00011919  disk_read                            
000118f9  disk_status                          
0001194f  disk_write                           
200002f8  errno                                
00011f55  exit                                 
00005525  f_chmod                              
00004bed  f_close                              
00004fe7  f_getfree                            
00004c0d  f_lseek                              
0000533f  f_mkdir                              
0000438f  f_mount                              
000043e5  f_open                               
00004e5b  f_opendir                            
000045f9  f_read                               
00004f0b  f_readdir                            
00005639  f_rename                             
00004f97  f_stat                               
00004af1  f_sync                               
00005149  f_truncate                           
0000523d  f_unlink                             
000055b5  f_utime                              
0000484d  f_write                              
00011d7d  frexp                                
00011d7d  frexpl                               
200002c0  g_bUSBTimerInitialized               
20001716  g_eOTGModeState                      
20001717  g_iState                             
200002cc  g_iUSBMode                           
20000000  g_pfnRAMVectors                      
2000169c  g_pfnTickHandlers                    
00000000  g_pfnVectors                         
2000170c  g_ppsDevInfo                         
200015f4  g_psDCDInst                          
200002ec  g_psMSCInstance                      
200016b4  g_pvTickInstance                     
00012a7c  g_sUSBEventDriver                    
00012a8c  g_sUSBHostMSCClassDriver             
200002c4  g_ui32CurrentUSBTick                 
20001710  g_ui32PollRate                       
200002c8  g_ui32USBSOFCount                    
200002d0  g_ui32WaitTicks                      
00003041  get_fat                              
000116f1  ldexp                                
000116f1  ldexpl                               
00011e9d  ltoa                                 
0000e6cd  main                                 
200002fc  main_func_sp                         
00012129  memccpy                              
00011a7f  memcpy                               
00011c2f  memset                               
00003165  put_fat                              
000116f1  scalbn                               
000116f1  scalbnl                              
00011de1  sprintf                              
0001215d  strchr                               
0001219d  strlen                               
0000ecfd  uDMAChannelAssign                    
0000e97b  uDMAChannelAttributeDisable          
0000e927  uDMAChannelAttributeEnable           
0000e9cf  uDMAChannelAttributeGet              
0000ea3f  uDMAChannelControlSet                
0000e8b3  uDMAChannelDisable                   
0000e89b  uDMAChannelEnable                    
0000e8cb  uDMAChannelIsEnabled                 
0000ec4d  uDMAChannelModeGet                   
0000e90f  uDMAChannelRequest                   
0000eb79  uDMAChannelScatterGatherSet          
0000eca7  uDMAChannelSelectDefault             
0000ec93  uDMAChannelSelectSecondary           
0000ec05  uDMAChannelSizeGet                   
0000ea81  uDMAChannelTransferSet               
0000e909  uDMAControlAlternateBaseGet          
0000e903  uDMAControlBaseGet                   
0000e8f3  uDMAControlBaseSet                   
0000e885  uDMADisable                          
0000e87d  uDMAEnable                           
0000e305  uDMAErrorHandler                     
0000e893  uDMAErrorStatusClear                 
0000e88d  uDMAErrorStatusGet                   
0000ece9  uDMAIntClear                         
0000ecbb  uDMAIntRegister                      
0000ece3  uDMAIntStatus                        
0000ecd1  uDMAIntUnregister                    
20000c00  udmaCtrlTable                        
0000b205  ulocaltime                           
0000b403  umktime                              
0000b97d  urand                                
0000b1d5  usnprintf                            
0000b1a3  usprintf                             
0000b96d  usrand                               
0000b8e5  ustrcasecmp                          
0000b959  ustrcmp                              
0000b7e9  ustrlen                              
0000b841  ustrncasecmp                         
0000b8f9  ustrncmp                             
0000ad21  ustrncpy                             
0000b80b  ustrstr                              
0000b5b1  ustrtof                              
0000b479  ustrtoul                             
0000ad79  uvsnprintf                           


GLOBAL SYMBOLS: SORTED BY Symbol Address 

address   name                                 
-------   ----                                 
00000000  __TI_static_base__                   
00000000  g_pfnVectors                         
00000008  __SYSMEM_SIZE                        
00000200  __STACK_SIZE                         
0000026d  ConfigDescAlloc                      
00000303  ConfigDescFree                       
000003eb  USBHCDEventEnable                    
0000041b  USBHCDEventDisable                   
000005cb  USBHCDPipeTransferSizeGet            
000005f1  USBHCDPipeAllocSize                  
0000084d  USBHCDPipeAlloc                      
00000895  USBHCDPipeConfig                     
00000a0f  USBHCDPipeStatus                     
00000a49  USBHCDPipeWrite                      
00000c0d  USBHCDPipeSchedule                   
00000d1d  USBHCDPipeReadNonBlocking            
00000d65  USBHCDPipeDataAck                    
00000d95  USBHCDPipeRead                       
00000f81  USBHCDPipeFree                       
000012d5  USBHCDPowerConfigInit                
000012e7  USBHCDPowerConfigGet                 
00001305  USBHCDPowerConfigSet                 
00001371  USBHCDPowerAutomatic                 
000013a5  USBHCDInit                           
00001485  USBHCDRegisterDrivers                
000014d5  USBHCDTerm                           
0000157d  USBHCDReset                          
000015af  USBHCDSuspend                        
000015bb  USBHCDResume                         
00001721  USBHCDStringDescriptorGet            
00001779  USBHCDSetAddress                     
000018a5  USBHCDSetConfig                      
000018ed  USBHCDSetInterface                   
00001939  USBHostCheckPipes                    
000019f9  USBHostIntHandlerInternal            
000020f3  USB0HostIntHandler                   
000021dd  InternalUSBHCDSendEvent              
00002315  USBHCDMain                           
000026f9  USBHCDControlTransfer                
00002835  USBHCDHubDeviceConnected             
000028cd  USBHCDHubDeviceDisconnected          
00002aa7  USBHCDDevHubPort                     
00002acb  USBHCDDevAddress                     
00002af5  USBHCDDevClass                       
00002b4d  USBHCDDevSubClass                    
00002b99  USBHCDDevProtocol                    
00002be9  USBHCDFeatureSet                     
00002ca1  USBHCDLPMStatus                      
00002cd5  USBHCDLPMSleep                       
00002d31  USBHCDLPMResume                      
00003011  clust2sect                           
00003041  get_fat                              
00003165  put_fat                              
0000438f  f_mount                              
000043e5  f_open                               
000045f9  f_read                               
0000484d  f_write                              
00004af1  f_sync                               
00004bed  f_close                              
00004c0d  f_lseek                              
00004e5b  f_opendir                            
00004f0b  f_readdir                            
00004f97  f_stat                               
00004fe7  f_getfree                            
00005149  f_truncate                           
0000523d  f_unlink                             
0000533f  f_mkdir                              
00005525  f_chmod                              
000055b5  f_utime                              
00005639  f_rename                             
0000581b  USBHostSuspend                       
00005831  USBHostReset                         
0000585f  USBHighSpeed                         
0000588d  USBHostResume                        
000058bb  USBHostSpeedGet                      
000058f1  USBDevSpeedGet                       
00005909  USBIntDisableControl                 
00005947  USBIntEnableControl                  
00005981  USBIntStatusControl                  
000059cd  USBIntDisableEndpoint                
000059fb  USBIntEnableEndpoint                 
00005a29  USBIntStatusEndpoint                 
00005a7f  USBIntRegister                       
00005a9d  USBIntUnregister                     
00005ab7  USBEndpointStatus                    
00005ae3  USBHostEndpointStatusClear           
00005b2b  USBDevEndpointStatusClear            
00005bad  USBHostEndpointDataToggle            
00005c49  USBEndpointDataToggleClear           
00005c83  USBHostEndpointPing                  
00005caf  USBDevEndpointStall                  
00005d11  USBDevEndpointStallClear             
00005d85  USBDevConnect                        
00005d9b  USBDevDisconnect                     
00005db1  USBDevAddrSet                        
00005dc5  USBDevAddrGet                        
00005dd9  USBHostEndpointConfig                
00005f73  USBHostEndpointSpeed                 
00006009  USBDevEndpointConfigSet              
000060fb  USBDevEndpointConfigGet              
000061eb  USBFIFOConfigSet                     
00006251  USBFIFOConfigGet                     
000062b7  USBEndpointDMAConfigSet              
0000634f  USBEndpointDMAEnable                 
00006389  USBEndpointDMADisable                
000063c3  USBEndpointDataAvail                 
000063fb  USBEndpointDataGet                   
00006485  USBDevEndpointDataAck                
000064c3  USBHostEndpointDataAck               
000064f5  USBEndpointDataPut                   
00006559  USBEndpointDataSend                  
000065b1  USBFIFOFlush                         
00006621  USBHostRequestIN                     
00006649  USBHostRequestINClear                
00006677  USBHostRequestStatus                 
00006689  USBHostAddrSet                       
000066c1  USBHostAddrGet                       
000066ef  USBHostHubAddrSet                    
00006753  USBHostHubAddrGet                    
00006781  USBHostPwrConfig                     
000067ab  USBHostPwrFaultEnable                
000067c3  USBHostPwrFaultDisable               
000067db  USBHostPwrEnable                     
000067f3  USBHostPwrDisable                    
0000680b  USBFrameNumberGet                    
00006819  USBOTGSessionRequest                 
00006847  USBFIFOAddrGet                       
0000685d  USBModeGet                           
00006871  USBEndpointDMAChannel                
000068ad  USBHostMode                          
000068bf  USBDevMode                           
000068d1  USBOTGMode                           
000068e3  USBModeConfig                        
000068f7  USBPHYPowerOff                       
0000690d  USBPHYPowerOn                        
00006923  USBEndpointPacketCountSet            
00006943  USBNumEndpointsGet                   
00006957  USBControllerVersion                 
0000696b  USBClockEnable                       
00006987  USBClockDisable                      
00006999  USBDMAChannelIntEnable               
000069b9  USBDMAChannelIntDisable              
000069d9  USBDMAChannelIntStatus               
000069e9  USBDMAChannelEnable                  
00006a09  USBDMAChannelDisable                 
00006a29  USBDMAChannelConfigSet               
00006a59  USBDMAChannelStatus                  
00006a79  USBDMAChannelStatusClear             
00006aa3  USBDMAChannelAddressSet              
00006abf  USBDMAChannelAddressGet              
00006ad7  USBDMAChannelCountSet                
00006af3  USBDMAChannelCountGet                
00006b0b  USBDMANumChannels                    
00006b1d  USBULPIConfig                        
00006b33  USBULPIEnable                        
00006b4b  USBULPIDisable                       
00006b63  USBULPIRegRead                       
00006b9b  USBULPIRegWrite                      
00006bdb  USBHostLPMSend                       
00006c23  USBHostLPMConfig                     
00006c47  USBHostLPMResume                     
00006c5f  USBDevLPMRemoteWake                  
00006c77  USBDevLPMConfig                      
00006c8d  USBDevLPMEnable                      
00006ca5  USBDevLPMDisable                     
00006cbd  USBLPMLinkStateGet                   
00006cd1  USBLPMEndpointGet                    
00006ce7  USBLPMRemoteWakeEnabled              
00006d01  USBLPMIntStatus                      
00006d11  USBLPMIntEnable                      
00006d2b  USBLPMIntDisable                     
00006d45  USBDCDDeviceInfoInit                 
00006d81  USBDCDInit                           
00006ee9  USBDCDTerm                           
00006f31  USBDCDRequestDataEP0                 
00006f57  USBDCDSendDataEP0                    
00006f79  USBDCDSetDefaultConfiguration        
00006f8b  USBDCDStallEP0                       
00006fa1  USBDCDPowerStatusSet                 
00006ff9  USBDCDFeatureSet                     
000070c9  USBDCDRemoteWakeLPM                  
000070e3  USBDCDRemoteWakeupRequest            
00007119  USBDeviceResumeTickHandler           
000071f5  USBDeviceEnumHandler                 
00007319  USBDeviceEnumResetHandler            
00007ce9  USBDeviceIntHandlerInternal          
00008cd7  __TI_printfi                         
0000909f  SysCtlSRAMSizeGet                    
000090a9  SysCtlFlashSizeGet                   
000090d5  SysCtlFlashSectorSizeGet             
000090fd  SysCtlPeripheralPresent              
0000913d  SysCtlPeripheralReady                
0000917d  SysCtlPeripheralPowerOn              
000091b9  SysCtlPeripheralPowerOff             
000091f5  SysCtlPeripheralReset                
0000927d  SysCtlPeripheralEnable               
000092b9  SysCtlPeripheralDisable              
000092fd  SysCtlPeripheralSleepEnable          
00009341  SysCtlPeripheralSleepDisable         
0000937d  SysCtlPeripheralDeepSleepEnable      
000093cd  SysCtlPeripheralDeepSleepDisable     
00009415  SysCtlPeripheralClockGating          
00009469  SysCtlIntRegister                    
00009481  SysCtlIntUnregister                  
00009491  SysCtlIntEnable                      
000094a5  SysCtlIntDisable                     
000094bd  SysCtlIntClear                       
000094cd  SysCtlIntStatus                      
000094e9  SysCtlLDOSleepSet                    
000094f9  SysCtlLDOSleepGet                    
000094ff  SysCtlLDODeepSleepSet                
0000950f  SysCtlLDODeepSleepGet                
00009515  SysCtlSleepPowerSet                  
00009529  SysCtlDeepSleepPowerSet              
00009539  SysCtlReset                          
00009541  SysCtlSleep                          
00009549  SysCtlDeepSleep                      
00009565  SysCtlResetCauseGet                  
0000956b  SysCtlResetCauseClear                
0000957f  SysCtlMOSCConfigSet                  
00009595  SysCtlPIOSCCalibrate                 
000095e5  SysCtlResetBehaviorSet               
000095f5  SysCtlResetBehaviorGet               
00009649  SysCtlClockFreqSet                   
00009965  SysCtlClockSet                       
00009b35  SysCtlClockGet                       
00009c89  SysCtlDeepSleepClockSet              
00009ca9  SysCtlDeepSleepClockConfigSet        
00009d5d  SysCtlPWMClockSet                    
00009d77  SysCtlPWMClockGet                    
00009d91  SysCtlADCSpeedSet                    
00009dbb  SysCtlADCSpeedGet                    
00009dc9  SysCtlGPIOAHBEnable                  
00009de5  SysCtlGPIOAHBDisable                 
00009e01  SysCtlUSBPLLEnable                   
00009e0d  SysCtlUSBPLLDisable                  
00009e19  SysCtlVoltageEventConfig             
00009e29  SysCtlVoltageEventStatus             
00009e39  SysCtlVoltageEventClear              
00009e51  SysCtlNMIStatus                      
00009e57  SysCtlNMIClear                       
00009e6b  SysCtlClockOutConfig                 
00009e87  SysCtlAltClkConfig                   
0000ab3f  USBLibDMAAddrGet                     
0000ab57  USBLibDMASizeGet                     
0000ab6f  USBLibDMAInit                        
0000ad21  ustrncpy                             
0000ad79  uvsnprintf                           
0000b1a3  usprintf                             
0000b1d5  usnprintf                            
0000b205  ulocaltime                           
0000b403  umktime                              
0000b479  ustrtoul                             
0000b5b1  ustrtof                              
0000b7e9  ustrlen                              
0000b80b  ustrstr                              
0000b841  ustrncasecmp                         
0000b8e5  ustrcasecmp                          
0000b8f9  ustrncmp                             
0000b959  ustrcmp                              
0000b96d  usrand                               
0000b97d  urand                                
0000ba07  GPIODirModeSet                       
0000ba63  GPIODirModeGet                       
0000baaf  GPIOIntTypeSet                       
0000bb53  GPIOIntTypeGet                       
0000bbf1  GPIOPadConfigSet                     
0000be2f  GPIOPadConfigGet                     
0000bf81  GPIOIntEnable                        
0000bf9b  GPIOIntDisable                       
0000bfb5  GPIOIntStatus                        
0000bfd7  GPIOIntClear                         
0000bfeb  GPIOIntRegister                      
0000c009  GPIOIntUnregister                    
0000c023  GPIOPinRead                          
0000c03b  GPIOPinWrite                         
0000c05b  GPIOPinTypeADC                       
0000c07f  GPIOPinTypeCAN                       
0000c0a3  GPIOPinTypeComparator                
0000c0c7  GPIOPinTypeEPI                       
0000c0eb  GPIOPinTypeEthernetLED               
0000c10f  GPIOPinTypeEthernetMII               
0000c133  GPIOPinTypeFan                       
0000c157  GPIOPinTypeGPIOInput                 
0000c17b  GPIOPinTypeGPIOOutput                
0000c19f  GPIOPinTypeGPIOOutputOD              
0000c1c3  GPIOPinTypeI2C                       
0000c1e7  GPIOPinTypeI2CSCL                    
0000c20b  GPIOPinTypeLCD                       
0000c22f  GPIOPinTypeLPC                       
0000c253  GPIOPinTypePECIRx                    
0000c277  GPIOPinTypePECITx                    
0000c29b  GPIOPinTypePWM                       
0000c2bf  GPIOPinTypeQEI                       
0000c2e3  GPIOPinTypeSSI                       
0000c307  GPIOPinTypeTimer                     
0000c32b  GPIOPinTypeUART                      
0000c34f  GPIOPinTypeUSBAnalog                 
0000c373  GPIOPinTypeUSBDigital                
0000c397  GPIOPinTypeWakeHigh                  
0000c3bd  GPIOPinTypeWakeLow                   
0000c3e3  GPIOPinTypeKBRow                     
0000c407  GPIOPinTypeKBColumn                  
0000c42b  GPIOPinTypeLEDSeq                    
0000c44f  GPIOPinTypeCIR                       
0000c473  GPIOPinWakeStatus                    
0000c483  GPIOPinConfigure                     
0000c4e1  GPIODMATriggerEnable                 
0000c4ff  GPIODMATriggerDisable                
0000c51d  GPIOADCTriggerEnable                 
0000c53b  GPIOADCTriggerDisable                
0000cb69  USBHHubMain                          
0000cd95  USBHHubEnumerationComplete           
0000cdb7  USBHHubEnumerationError              
0000cdd9  USBHHubOpen                          
0000cdf1  USBHHubClose                         
0000ce05  USBHHubInit                          
0000ce1f  USBHHubLPMSleep                      
0000ce2d  USBHHubLPMStatus                     
0000ce89  ADCIntRegister                       
0000ceb1  ADCIntUnregister                     
0000cecf  ADCIntDisable                        
0000ceeb  ADCIntEnable                         
0000cf11  ADCIntStatus                         
0000cf69  ADCIntClear                          
0000cf7f  ADCSequenceEnable                    
0000cf99  ADCSequenceDisable                   
0000cfb3  ADCSequenceConfigure                 
0000d025  ADCSequenceStepConfigure             
0000d113  ADCSequenceOverflow                  
0000d131  ADCSequenceOverflowClear             
0000d147  ADCSequenceUnderflow                 
0000d15f  ADCSequenceUnderflowClear            
0000d175  ADCSequenceDataGet                   
0000d1b7  ADCProcessorTrigger                  
0000d1db  ADCSoftwareOversampleConfigure       
0000d213  ADCSoftwareOversampleStepConfigure   
0000d2d3  ADCSoftwareOversampleDataGet         
0000d341  ADCHardwareOversampleConfigure       
0000d373  ADCComparatorConfigure               
0000d38f  ADCComparatorRegionSet               
0000d3b3  ADCComparatorReset                   
0000d3f9  ADCComparatorIntDisable              
0000d417  ADCComparatorIntEnable               
0000d435  ADCComparatorIntStatus               
0000d443  ADCComparatorIntClear                
0000d455  ADCIntDisableEx                      
0000d46d  ADCIntEnableEx                       
0000d489  ADCIntStatusEx                       
0000d4bb  ADCIntClearEx                        
0000d4d3  ADCReferenceSet                      
0000d4ef  ADCReferenceGet                      
0000d501  ADCPhaseDelaySet                     
0000d513  ADCPhaseDelayGet                     
0000d521  ADCSequenceDMAEnable                 
0000d53d  ADCSequenceDMADisable                
0000d559  ADCBusy                              
0000d577  ADCClockConfigSet                    
0000d5a1  ADCClockConfigGet                    
0000d643  I2CMasterInitExpClk                  
0000d6b5  I2CSlaveInit                         
0000d6cf  I2CSlaveAddressSet                   
0000d70d  I2CMasterEnable                      
0000d723  I2CSlaveEnable                       
0000d741  I2CMasterDisable                     
0000d757  I2CSlaveDisable                      
0000d775  I2CIntRegister                       
0000d793  I2CIntUnregister                     
0000d7ad  I2CMasterIntEnable                   
0000d7bd  I2CMasterIntEnableEx                 
0000d7d5  I2CSlaveIntEnable                    
0000d7ed  I2CSlaveIntEnableEx                  
0000d807  I2CMasterIntDisable                  
0000d817  I2CMasterIntDisableEx                
0000d82f  I2CSlaveIntDisable                   
0000d847  I2CSlaveIntDisableEx                 
0000d861  I2CMasterIntStatus                   
0000d8b5  I2CMasterIntStatusEx                 
0000d8d9  I2CSlaveIntStatus                    
0000d921  I2CSlaveIntStatusEx                  
0000d943  I2CMasterIntClear                    
0000d961  I2CMasterIntClearEx                  
0000d973  I2CSlaveIntClear                     
0000d985  I2CSlaveIntClearEx                   
0000d999  I2CMasterSlaveAddrSet                
0000d9bb  I2CMasterLineStateGet                
0000d9c9  I2CMasterBusy                        
0000d9e1  I2CMasterBusBusy                     
0000d9f9  I2CMasterControl                     
0000da0b  I2CMasterErr                         
0000da37  I2CMasterDataPut                     
0000da4d  I2CMasterDataGet                     
0000da5b  I2CMasterTimeoutSet                  
0000da6d  I2CSlaveACKOverride                  
0000da9f  I2CSlaveACKValueSet                  
0000dad1  I2CSlaveStatus                       
0000dae1  I2CSlaveDataPut                      
0000daf9  I2CSlaveDataGet                      
0000db09  I2CTxFIFOConfigSet                   
0000db31  I2CTxFIFOFlush                       
0000db49  I2CRxFIFOConfigSet                   
0000db71  I2CRxFIFOFlush                       
0000db89  I2CFIFOStatus                        
0000db99  I2CFIFODataPut                       
0000dbbb  I2CFIFODataPutNonBlocking            
0000dbe3  I2CFIFODataGet                       
0000dbfd  I2CFIFODataGetNonBlocking            
0000dc23  I2CMasterBurstLengthSet              
0000dc39  I2CMasterBurstCountGet               
0000dc47  I2CMasterGlitchFilterConfigSet       
0000dc5f  I2CSlaveFIFOEnable                   
0000dc77  I2CSlaveFIFODisable                  
0000dceb  UARTParityModeSet                    
0000dd07  UARTParityModeGet                    
0000dd19  UARTFIFOLevelSet                     
0000dd31  UARTFIFOLevelGet                     
0000dd59  UARTConfigSetExpClk                  
0000ddcf  UARTConfigGetExpClk                  
0000de1b  UARTEnable                           
0000de3f  UARTDisable                          
0000de69  UARTFIFOEnable                       
0000de7f  UARTFIFODisable                      
0000de95  UARTEnableSIR                        
0000dec3  UARTDisableSIR                       
0000ded9  UARTSmartCardEnable                  
0000df0b  UARTSmartCardDisable                 
0000df21  UARTModemControlSet                  
0000df61  UARTModemControlClear                
0000df85  UARTModemControlGet                  
0000df97  UARTModemStatusGet                   
0000dfab  UARTFlowControlSet                   
0000dfc7  UARTFlowControlGet                   
0000dfd9  UARTTxIntModeSet                     
0000dff5  UARTTxIntModeGet                     
0000e007  UARTCharsAvail                       
0000e025  UARTSpaceAvail                       
0000e043  UARTCharGetNonBlocking               
0000e05f  UARTCharGet                          
0000e075  UARTCharPutNonBlocking               
0000e099  UARTCharPut                          
0000e0b7  UARTBreakCtl                         
0000e0e1  UARTBusy                             
0000e0ff  UARTIntRegister                      
0000e121  UARTIntUnregister                    
0000e13b  UARTIntEnable                        
0000e153  UARTIntDisable                       
0000e16b  UARTIntStatus                        
0000e189  UARTIntClear                         
0000e19b  UARTDMAEnable                        
0000e1b3  UARTDMADisable                       
0000e1cb  UARTRxErrorGet                       
0000e1dd  UARTRxErrorClear                     
0000e1ed  UARTClockSourceSet                   
0000e201  UARTClockSourceGet                   
0000e211  UART9BitEnable                       
0000e227  UART9BitDisable                      
0000e23d  UART9BitAddrSet                      
0000e263  UART9BitAddrSend                     
0000e2ab  __aeabi_idiv0                        
0000e2ad  InitConsole                          
0000e2e9  SSI0IntHandler                       
0000e305  uDMAErrorHandler                     
0000e31b  ADCprocess                           
0000e345  ADC0IntHandler                       
0000e365  SW1_IntHandler                       
0000e3c9  InitADC                              
0000e4df  InitSW1                              
0000e52d  InitSPI                              
0000e5cd  InitI2C0                             
0000e635  I2C0SlaveIntHandler                  
0000e675  data_transfer                        
0000e6cd  main                                 
0000e87d  uDMAEnable                           
0000e885  uDMADisable                          
0000e88d  uDMAErrorStatusGet                   
0000e893  uDMAErrorStatusClear                 
0000e89b  uDMAChannelEnable                    
0000e8b3  uDMAChannelDisable                   
0000e8cb  uDMAChannelIsEnabled                 
0000e8f3  uDMAControlBaseSet                   
0000e903  uDMAControlBaseGet                   
0000e909  uDMAControlAlternateBaseGet          
0000e90f  uDMAChannelRequest                   
0000e927  uDMAChannelAttributeEnable           
0000e97b  uDMAChannelAttributeDisable          
0000e9cf  uDMAChannelAttributeGet              
0000ea3f  uDMAChannelControlSet                
0000ea81  uDMAChannelTransferSet               
0000eb79  uDMAChannelScatterGatherSet          
0000ec05  uDMAChannelSizeGet                   
0000ec4d  uDMAChannelModeGet                   
0000ec93  uDMAChannelSelectSecondary           
0000eca7  uDMAChannelSelectDefault             
0000ecbb  uDMAIntRegister                      
0000ecd1  uDMAIntUnregister                    
0000ece3  uDMAIntStatus                        
0000ece9  uDMAIntClear                         
0000ecfd  uDMAChannelAssign                    
0000ed5d  UARTStdioConfig                      
0000eda3  UARTwrite                            
0000ede9  UARTgets                             
0000eea3  UARTgetc                             
0000eec9  UARTvprintf                          
0000f1c3  UARTprintf                           
0000f279  USBStackModeSet                      
0000f2b5  USB0DualModeIntHandler               
0000f301  USBDualModeInit                      
0000f35f  USBDualModeTerm                      
0000f381  USBOTGModeTerm                       
0000f3a9  USBOTGModeInit                       
0000f467  USBOTGPollRate                       
0000f489  USB0OTGModeIntHandler                
0000f571  OTGDeviceDisconnect                  
0000f591  USBOTGMain                           
0000f62d  USBOTGFeatureSet                     
0000f7f3  USBHMSCDriveReady                    
0000f949  USBHMSCDriveOpen                     
0000f96b  USBHMSCDriveClose                    
0000f989  USBHMSCBlockRead                     
0000f9dd  USBHMSCBlockWrite                    
0000fa27  USBHMSCLPMSleep                      
0000fa35  USBHMSCLPMStatus                     
0000fa89  USBHCDEvents                         
0000fac3  USBStickInit                         
0000faf5  USBStickRun                          
0000fb71  USBStickCloseFile                    
0000fbcd  USBStickOpenLogFile                  
0000fcbd  USBStickWriteRecord                  
0000fe0f  IntMasterEnable                      
0000fe1f  IntMasterDisable                     
0000fe2f  IntRegister                          
0000fe81  IntUnregister                        
0000fe95  IntPriorityGroupingSet               
0000feaf  IntPriorityGroupingGet               
0000fee7  IntPrioritySet                       
0000ff37  IntPriorityGet                       
0000ff5b  IntEnable                            
0000ffcd  IntDisable                           
0001003f  IntIsEnabled                         
000100c5  IntPendSet                           
00010135  IntPendClear                         
00010183  IntPriorityMaskSet                   
0001018f  IntPriorityMaskGet                   
00010197  IntTrigger                           
0001026d  USBHSCSIInquiry                      
000102c5  USBHSCSIReadCapacity                 
0001031d  USBHSCSIReadCapacities               
0001036f  USBHSCSIModeSense6                   
000103c7  USBHSCSITestUnitReady                
00010419  USBHSCSIRequestSense                 
00010475  USBHSCSIRead10                       
00010501  USBHSCSIWrite10                      
0001064f  USBDeviceConfig                      
00010845  USBDeviceConfigAlternate             
00010973  SSIConfigSetExpClk                   
000109ff  SSIEnable                            
00010a15  SSIDisable                           
00010a2b  SSIIntRegister                       
00010a49  SSIIntUnregister                     
00010a63  SSIIntEnable                         
00010a7b  SSIIntDisable                        
00010a93  SSIIntStatus                         
00010ab1  SSIIntClear                          
00010ac3  SSIDataPut                           
00010add  SSIDataPutNonBlocking                
00010afd  SSIDataGet                           
00010b19  SSIDataGetNonBlocking                
00010b3b  SSIDMAEnable                         
00010b53  SSIDMADisable                        
00010b6b  SSIBusy                              
00010b89  SSIClockSourceSet                    
00010b9d  SSIClockSourceGet                    
00010bc9  SSIAdvModeSet                        
00010be5  SSIAdvDataPutFrameEnd                
00010c0b  SSIAdvDataPutFrameEndNonBlocking     
00010c37  SSIAdvFrameHoldEnable                
00010c4d  SSIAdvFrameHoldDisable               
00010d35  USBDCDConfigDescGetSize              
00010d6d  USBDCDConfigDescGetNum               
00010dbb  USBDCDConfigDescGet                  
00010e49  USBDCDConfigGetNumAlternateInterfaces
00010e9d  USBDCDConfigGetInterface             
00010ed3  USBDCDConfigGetInterfaceEndpoint     
00010f41  __aeabi_uldivmod                     
00011135  USBDescGetNum                        
00011191  USBDescGet                           
000111fb  USBDescGetNumAlternateInterfaces     
000112b5  USBDescGetInterface                  
000112e3  USBDescGetInterfaceEndpoint          
00011307  __aeabi_dsub                         
00011311  __aeabi_dadd                         
000114bd  __aeabi_ddiv                         
000115f3  __aeabi_dmul                         
000116ef  __mpu_init                           
000116f1  ldexp                                
000116f1  ldexpl                               
000116f1  scalbn                               
000116f1  scalbnl                              
000117ed  InternalUSBTickInit                  
0001182b  InternalUSBTickReset                 
00011833  InternalUSBRegisterTickHandler       
00011883  InternalUSBStartOfFrameTick          
000118d9  disk_initialize                      
000118f9  disk_status                          
00011919  disk_read                            
0001194f  disk_write                           
00011985  disk_ioctl                           
000119b7  ULPIConfigSet                        
00011a59  ULPIPowerTransceiver                 
00011a7f  __aeabi_memcpy                       
00011a7f  __aeabi_memcpy4                      
00011a7f  __aeabi_memcpy8                      
00011a7f  memcpy                               
00011b1b  __aeabi_cdcmpeq                      
00011b1b  __aeabi_cdcmple                      
00011ba1  __aeabi_cdrcmple                     
00011c27  __aeabi_memclr                       
00011c27  __aeabi_memclr4                      
00011c27  __aeabi_memclr8                      
00011c29  __aeabi_memset                       
00011c29  __aeabi_memset4                      
00011c29  __aeabi_memset8                      
00011c2f  memset                               
00011ca1  __TI_auto_init                       
00011d7b  _system_post_cinit                   
00011d7d  frexp                                
00011d7d  frexpl                               
00011de1  sprintf                              
00011e41  USB_disk_initialize                  
00011e4f  USB_disk_status                      
00011e5d  USB_disk_read                        
00011e73  USB_disk_write                       
00011e89  USB_disk_ioctl                       
00011e9d  ltoa                                 
00011ef5  _c_int00                             
00011f49  C$$EXIT                              
00011f4d  abort                                
00011f55  exit                                 
00011f9d  atoi                                 
00011fe9  copy_in                              
00012035  __aeabi_d2iz                         
0001207d  __aeabi_uidiv                        
0001207d  __aeabi_uidivmod                     
000120bd  CPUcpsid                             
000120c9  CPUprimask                           
000120d3  CPUcpsie                             
000120df  CPUwfi                               
000120e3  CPUbasepriSet                        
000120f1  CPUbasepriGet                        
000120fb  __aeabi_i2d                          
00012129  memccpy                              
00012145  _args_main                           
0001215d  strchr                               
00012175  _register_unlock                     
0001217b  _register_lock                       
00012183  _nop                                 
00012189  copysign                             
00012189  copysignl                            
0001219d  strlen                               
000121b1  __TI_decompress_none                 
000121bf  ResetISR                             
000121cb  SysCtlDelay                          
000121d1  __TI_decompress_rle24                
000121d7  _system_pre_init                     
000122fc  _ctypes_                             
00012a7c  g_sUSBEventDriver                    
00012a8c  g_sUSBHostMSCClassDriver             
00012b44  __TI_Handler_Table_Base              
00012b4c  __TI_CINIT_Base                      
00012b4c  __TI_Handler_Table_Limit             
00012b64  __TI_CINIT_Limit                     
20000000  g_pfnRAMVectors                      
200002b4  __TI_cleanup_ptr                     
200002b8  __TI_dtors_ptr                       
200002bc  __TI_enable_exit_profile_output      
200002c0  g_bUSBTimerInitialized               
200002c4  g_ui32CurrentUSBTick                 
200002c8  g_ui32USBSOFCount                    
200002cc  g_iUSBMode                           
200002d0  g_ui32WaitTicks                      
200002d8  _lock                                
200002dc  _unlock                              
200002ec  g_psMSCInstance                      
200002f8  errno                                
200002fc  main_func_sp                         
20000308  _sys_memory                          
20000c00  udmaCtrlTable                        
200015f4  g_psDCDInst                          
2000169c  g_pfnTickHandlers                    
200016b4  g_pvTickInstance                     
200016dc  ADC_OUT                              
20001708  currentFile                          
2000170c  g_ppsDevInfo                         
20001710  g_ui32PollRate                       
20001716  g_eOTGModeState                      
20001717  g_iState                             
20001718  __stack                              
20001918  __STACK_END                          
20001918  __STACK_TOP                          
ffffffff  __TI_pprof_out_hndl                  
ffffffff  __TI_prof_data_size                  
ffffffff  __TI_prof_data_start                 
ffffffff  __binit__                            
ffffffff  __c_args__                           
ffffffff  binit                                
UNDEFED   SHT$$INIT_ARRAY$$Base                
UNDEFED   SHT$$INIT_ARRAY$$Limit               

[707 symbols]
