<?xml version="1.0"?>
<link_info>
   <banner>TI ARM Linker Unix v15.12.3.LTS</banner>
   <copyright>Copyright (c) 1996-2015 Texas Instruments Incorporated</copyright>
   <link_time>0x5887791a</link_time>
   <link_errors>0x0</link_errors>
   <output_file>EmbeddedUSB.out</output_file>
   <entry_point>
      <name>_c_int00</name>
      <address>0x107f1</address>
   </entry_point>
   <input_file_list>
      <input_file id="fl-2">
         <path>./</path>
         <kind>object</kind>
         <file>fft.obj</file>
         <name>fft.obj</name>
      </input_file>
      <input_file id="fl-3">
         <path>./</path>
         <kind>object</kind>
         <file>fir.obj</file>
         <name>fir.obj</name>
      </input_file>
      <input_file id="fl-4">
         <path>./</path>
         <kind>object</kind>
         <file>fix_fft.obj</file>
         <name>fix_fft.obj</name>
      </input_file>
      <input_file id="fl-5">
         <path>./</path>
         <kind>object</kind>
         <file>main.obj</file>
         <name>main.obj</name>
      </input_file>
      <input_file id="fl-6">
         <path>./</path>
         <kind>object</kind>
         <file>spi_dac.obj</file>
         <name>spi_dac.obj</name>
      </input_file>
      <input_file id="fl-7">
         <path>./</path>
         <kind>object</kind>
         <file>tm4c123gh6pm_startup_ccs.obj</file>
         <name>tm4c123gh6pm_startup_ccs.obj</name>
      </input_file>
      <input_file id="fl-8">
         <path>./</path>
         <kind>object</kind>
         <file>usbDiskController.obj</file>
         <name>usbDiskController.obj</name>
      </input_file>
      <input_file id="fl-9">
         <path>./driverlib/</path>
         <kind>object</kind>
         <file>adc.obj</file>
         <name>adc.obj</name>
      </input_file>
      <input_file id="fl-a">
         <path>./driverlib/</path>
         <kind>object</kind>
         <file>aes.obj</file>
         <name>aes.obj</name>
      </input_file>
      <input_file id="fl-b">
         <path>./driverlib/</path>
         <kind>object</kind>
         <file>can.obj</file>
         <name>can.obj</name>
      </input_file>
      <input_file id="fl-c">
         <path>./driverlib/</path>
         <kind>object</kind>
         <file>comp.obj</file>
         <name>comp.obj</name>
      </input_file>
      <input_file id="fl-d">
         <path>./driverlib/</path>
         <kind>object</kind>
         <file>cpu.obj</file>
         <name>cpu.obj</name>
      </input_file>
      <input_file id="fl-e">
         <path>./driverlib/</path>
         <kind>object</kind>
         <file>crc.obj</file>
         <name>crc.obj</name>
      </input_file>
      <input_file id="fl-f">
         <path>./driverlib/</path>
         <kind>object</kind>
         <file>des.obj</file>
         <name>des.obj</name>
      </input_file>
      <input_file id="fl-10">
         <path>./driverlib/</path>
         <kind>object</kind>
         <file>eeprom.obj</file>
         <name>eeprom.obj</name>
      </input_file>
      <input_file id="fl-11">
         <path>./driverlib/</path>
         <kind>object</kind>
         <file>emac.obj</file>
         <name>emac.obj</name>
      </input_file>
      <input_file id="fl-12">
         <path>./driverlib/</path>
         <kind>object</kind>
         <file>epi.obj</file>
         <name>epi.obj</name>
      </input_file>
      <input_file id="fl-13">
         <path>./driverlib/</path>
         <kind>object</kind>
         <file>epi_workaround_ccs.obj</file>
         <name>epi_workaround_ccs.obj</name>
      </input_file>
      <input_file id="fl-14">
         <path>./driverlib/</path>
         <kind>object</kind>
         <file>flash.obj</file>
         <name>flash.obj</name>
      </input_file>
      <input_file id="fl-15">
         <path>./driverlib/</path>
         <kind>object</kind>
         <file>fpu.obj</file>
         <name>fpu.obj</name>
      </input_file>
      <input_file id="fl-16">
         <path>./driverlib/</path>
         <kind>object</kind>
         <file>gpio.obj</file>
         <name>gpio.obj</name>
      </input_file>
      <input_file id="fl-17">
         <path>./driverlib/</path>
         <kind>object</kind>
         <file>hibernate.obj</file>
         <name>hibernate.obj</name>
      </input_file>
      <input_file id="fl-18">
         <path>./driverlib/</path>
         <kind>object</kind>
         <file>i2c.obj</file>
         <name>i2c.obj</name>
      </input_file>
      <input_file id="fl-19">
         <path>./driverlib/</path>
         <kind>object</kind>
         <file>interrupt.obj</file>
         <name>interrupt.obj</name>
      </input_file>
      <input_file id="fl-1a">
         <path>./driverlib/</path>
         <kind>object</kind>
         <file>lcd.obj</file>
         <name>lcd.obj</name>
      </input_file>
      <input_file id="fl-1b">
         <path>./driverlib/</path>
         <kind>object</kind>
         <file>mpu.obj</file>
         <name>mpu.obj</name>
      </input_file>
      <input_file id="fl-1c">
         <path>./driverlib/</path>
         <kind>object</kind>
         <file>pwm.obj</file>
         <name>pwm.obj</name>
      </input_file>
      <input_file id="fl-1d">
         <path>./driverlib/</path>
         <kind>object</kind>
         <file>qei.obj</file>
         <name>qei.obj</name>
      </input_file>
      <input_file id="fl-1e">
         <path>./driverlib/</path>
         <kind>object</kind>
         <file>shamd5.obj</file>
         <name>shamd5.obj</name>
      </input_file>
      <input_file id="fl-1f">
         <path>./driverlib/</path>
         <kind>object</kind>
         <file>ssi.obj</file>
         <name>ssi.obj</name>
      </input_file>
      <input_file id="fl-20">
         <path>./driverlib/</path>
         <kind>object</kind>
         <file>sw_crc.obj</file>
         <name>sw_crc.obj</name>
      </input_file>
      <input_file id="fl-21">
         <path>./driverlib/</path>
         <kind>object</kind>
         <file>sysctl.obj</file>
         <name>sysctl.obj</name>
      </input_file>
      <input_file id="fl-22">
         <path>./driverlib/</path>
         <kind>object</kind>
         <file>sysexc.obj</file>
         <name>sysexc.obj</name>
      </input_file>
      <input_file id="fl-23">
         <path>./driverlib/</path>
         <kind>object</kind>
         <file>systick.obj</file>
         <name>systick.obj</name>
      </input_file>
      <input_file id="fl-24">
         <path>./driverlib/</path>
         <kind>object</kind>
         <file>timer.obj</file>
         <name>timer.obj</name>
      </input_file>
      <input_file id="fl-25">
         <path>./driverlib/</path>
         <kind>object</kind>
         <file>uart.obj</file>
         <name>uart.obj</name>
      </input_file>
      <input_file id="fl-26">
         <path>./driverlib/</path>
         <kind>object</kind>
         <file>udma.obj</file>
         <name>udma.obj</name>
      </input_file>
      <input_file id="fl-27">
         <path>./driverlib/</path>
         <kind>object</kind>
         <file>usb.obj</file>
         <name>usb.obj</name>
      </input_file>
      <input_file id="fl-28">
         <path>./driverlib/</path>
         <kind>object</kind>
         <file>watchdog.obj</file>
         <name>watchdog.obj</name>
      </input_file>
      <input_file id="fl-29">
         <path>./fatfs/src/</path>
         <kind>object</kind>
         <file>diskio.obj</file>
         <name>diskio.obj</name>
      </input_file>
      <input_file id="fl-2a">
         <path>./fatfs/src/</path>
         <kind>object</kind>
         <file>ff.obj</file>
         <name>ff.obj</name>
      </input_file>
      <input_file id="fl-2b">
         <path>./fatfs/src/</path>
         <kind>object</kind>
         <file>usbdisk.obj</file>
         <name>usbdisk.obj</name>
      </input_file>
      <input_file id="fl-2c">
         <path>./usblib/device/</path>
         <kind>object</kind>
         <file>usbdaudio.obj</file>
         <name>usbdaudio.obj</name>
      </input_file>
      <input_file id="fl-2d">
         <path>./usblib/device/</path>
         <kind>object</kind>
         <file>usbdbulk.obj</file>
         <name>usbdbulk.obj</name>
      </input_file>
      <input_file id="fl-2e">
         <path>./usblib/device/</path>
         <kind>object</kind>
         <file>usbdcdc.obj</file>
         <name>usbdcdc.obj</name>
      </input_file>
      <input_file id="fl-2f">
         <path>./usblib/device/</path>
         <kind>object</kind>
         <file>usbdcdesc.obj</file>
         <name>usbdcdesc.obj</name>
      </input_file>
      <input_file id="fl-30">
         <path>./usblib/device/</path>
         <kind>object</kind>
         <file>usbdcomp.obj</file>
         <name>usbdcomp.obj</name>
      </input_file>
      <input_file id="fl-31">
         <path>./usblib/device/</path>
         <kind>object</kind>
         <file>usbdconfig.obj</file>
         <name>usbdconfig.obj</name>
      </input_file>
      <input_file id="fl-32">
         <path>./usblib/device/</path>
         <kind>object</kind>
         <file>usbddfu-rt.obj</file>
         <name>usbddfu-rt.obj</name>
      </input_file>
      <input_file id="fl-33">
         <path>./usblib/device/</path>
         <kind>object</kind>
         <file>usbdenum.obj</file>
         <name>usbdenum.obj</name>
      </input_file>
      <input_file id="fl-34">
         <path>./usblib/device/</path>
         <kind>object</kind>
         <file>usbdhandler.obj</file>
         <name>usbdhandler.obj</name>
      </input_file>
      <input_file id="fl-35">
         <path>./usblib/device/</path>
         <kind>object</kind>
         <file>usbdhid.obj</file>
         <name>usbdhid.obj</name>
      </input_file>
      <input_file id="fl-36">
         <path>./usblib/device/</path>
         <kind>object</kind>
         <file>usbdhidgamepad.obj</file>
         <name>usbdhidgamepad.obj</name>
      </input_file>
      <input_file id="fl-37">
         <path>./usblib/device/</path>
         <kind>object</kind>
         <file>usbdhidkeyb.obj</file>
         <name>usbdhidkeyb.obj</name>
      </input_file>
      <input_file id="fl-38">
         <path>./usblib/device/</path>
         <kind>object</kind>
         <file>usbdhidmouse.obj</file>
         <name>usbdhidmouse.obj</name>
      </input_file>
      <input_file id="fl-39">
         <path>./usblib/device/</path>
         <kind>object</kind>
         <file>usbdmsc.obj</file>
         <name>usbdmsc.obj</name>
      </input_file>
      <input_file id="fl-3a">
         <path>./usblib/host/</path>
         <kind>object</kind>
         <file>usbhaudio.obj</file>
         <name>usbhaudio.obj</name>
      </input_file>
      <input_file id="fl-3b">
         <path>./usblib/host/</path>
         <kind>object</kind>
         <file>usbhhid.obj</file>
         <name>usbhhid.obj</name>
      </input_file>
      <input_file id="fl-3c">
         <path>./usblib/host/</path>
         <kind>object</kind>
         <file>usbhhidkeyboard.obj</file>
         <name>usbhhidkeyboard.obj</name>
      </input_file>
      <input_file id="fl-3d">
         <path>./usblib/host/</path>
         <kind>object</kind>
         <file>usbhhidmouse.obj</file>
         <name>usbhhidmouse.obj</name>
      </input_file>
      <input_file id="fl-3e">
         <path>./usblib/host/</path>
         <kind>object</kind>
         <file>usbhhub.obj</file>
         <name>usbhhub.obj</name>
      </input_file>
      <input_file id="fl-3f">
         <path>./usblib/host/</path>
         <kind>object</kind>
         <file>usbhmsc.obj</file>
         <name>usbhmsc.obj</name>
      </input_file>
      <input_file id="fl-40">
         <path>./usblib/host/</path>
         <kind>object</kind>
         <file>usbhostenum.obj</file>
         <name>usbhostenum.obj</name>
      </input_file>
      <input_file id="fl-41">
         <path>./usblib/host/</path>
         <kind>object</kind>
         <file>usbhscsi.obj</file>
         <name>usbhscsi.obj</name>
      </input_file>
      <input_file id="fl-42">
         <path>./usblib/</path>
         <kind>object</kind>
         <file>usbbuffer.obj</file>
         <name>usbbuffer.obj</name>
      </input_file>
      <input_file id="fl-43">
         <path>./usblib/</path>
         <kind>object</kind>
         <file>usbdesc.obj</file>
         <name>usbdesc.obj</name>
      </input_file>
      <input_file id="fl-44">
         <path>./usblib/</path>
         <kind>object</kind>
         <file>usbdma.obj</file>
         <name>usbdma.obj</name>
      </input_file>
      <input_file id="fl-45">
         <path>./usblib/</path>
         <kind>object</kind>
         <file>usbkeyboardmap.obj</file>
         <name>usbkeyboardmap.obj</name>
      </input_file>
      <input_file id="fl-46">
         <path>./usblib/</path>
         <kind>object</kind>
         <file>usbmode.obj</file>
         <name>usbmode.obj</name>
      </input_file>
      <input_file id="fl-47">
         <path>./usblib/</path>
         <kind>object</kind>
         <file>usbringbuf.obj</file>
         <name>usbringbuf.obj</name>
      </input_file>
      <input_file id="fl-48">
         <path>./usblib/</path>
         <kind>object</kind>
         <file>usbtick.obj</file>
         <name>usbtick.obj</name>
      </input_file>
      <input_file id="fl-49">
         <path>./usblib/</path>
         <kind>object</kind>
         <file>usbulpi.obj</file>
         <name>usbulpi.obj</name>
      </input_file>
      <input_file id="fl-4a">
         <path>./utils/</path>
         <kind>object</kind>
         <file>cmdline.obj</file>
         <name>cmdline.obj</name>
      </input_file>
      <input_file id="fl-4b">
         <path>./utils/</path>
         <kind>object</kind>
         <file>cpu_usage.obj</file>
         <name>cpu_usage.obj</name>
      </input_file>
      <input_file id="fl-4c">
         <path>./utils/</path>
         <kind>object</kind>
         <file>flash_pb.obj</file>
         <name>flash_pb.obj</name>
      </input_file>
      <input_file id="fl-4d">
         <path>./utils/</path>
         <kind>object</kind>
         <file>isqrt.obj</file>
         <name>isqrt.obj</name>
      </input_file>
      <input_file id="fl-4e">
         <path>./utils/</path>
         <kind>object</kind>
         <file>random.obj</file>
         <name>random.obj</name>
      </input_file>
      <input_file id="fl-4f">
         <path>./utils/</path>
         <kind>object</kind>
         <file>ringbuf.obj</file>
         <name>ringbuf.obj</name>
      </input_file>
      <input_file id="fl-50">
         <path>./utils/</path>
         <kind>object</kind>
         <file>scheduler.obj</file>
         <name>scheduler.obj</name>
      </input_file>
      <input_file id="fl-51">
         <path>./utils/</path>
         <kind>object</kind>
         <file>sine.obj</file>
         <name>sine.obj</name>
      </input_file>
      <input_file id="fl-52">
         <path>./utils/</path>
         <kind>object</kind>
         <file>softi2c.obj</file>
         <name>softi2c.obj</name>
      </input_file>
      <input_file id="fl-53">
         <path>./utils/</path>
         <kind>object</kind>
         <file>softssi.obj</file>
         <name>softssi.obj</name>
      </input_file>
      <input_file id="fl-54">
         <path>./utils/</path>
         <kind>object</kind>
         <file>softuart.obj</file>
         <name>softuart.obj</name>
      </input_file>
      <input_file id="fl-55">
         <path>./utils/</path>
         <kind>object</kind>
         <file>spi_flash.obj</file>
         <name>spi_flash.obj</name>
      </input_file>
      <input_file id="fl-56">
         <path>./utils/</path>
         <kind>object</kind>
         <file>uartstdio.obj</file>
         <name>uartstdio.obj</name>
      </input_file>
      <input_file id="fl-57">
         <path>./utils/</path>
         <kind>object</kind>
         <file>ustdlib.obj</file>
         <name>ustdlib.obj</name>
      </input_file>
      <input_file id="fl-58">
         <path>./utils/</path>
         <kind>object</kind>
         <file>wavfile.obj</file>
         <name>wavfile.obj</name>
      </input_file>
      <input_file id="fl-118">
         <path>/Volumes/Macintosh HD/Applications/cc/ccsv6/tools/compiler/arm_15.12.3.LTS/lib/</path>
         <kind>archive</kind>
         <file>rtsv7M4_T_le_v4SPD16_eabi.lib</file>
         <name>boot.obj</name>
      </input_file>
      <input_file id="fl-119">
         <path>/Volumes/Macintosh HD/Applications/cc/ccsv6/tools/compiler/arm_15.12.3.LTS/lib/</path>
         <kind>archive</kind>
         <file>rtsv7M4_T_le_v4SPD16_eabi.lib</file>
         <name>copy_decompress_none.obj</name>
      </input_file>
      <input_file id="fl-11a">
         <path>/Volumes/Macintosh HD/Applications/cc/ccsv6/tools/compiler/arm_15.12.3.LTS/lib/</path>
         <kind>archive</kind>
         <file>rtsv7M4_T_le_v4SPD16_eabi.lib</file>
         <name>copy_decompress_rle.obj</name>
      </input_file>
      <input_file id="fl-11b">
         <path>/Volumes/Macintosh HD/Applications/cc/ccsv6/tools/compiler/arm_15.12.3.LTS/lib/</path>
         <kind>archive</kind>
         <file>rtsv7M4_T_le_v4SPD16_eabi.lib</file>
         <name>copy_zero_init.obj</name>
      </input_file>
      <input_file id="fl-11c">
         <path>/Volumes/Macintosh HD/Applications/cc/ccsv6/tools/compiler/arm_15.12.3.LTS/lib/</path>
         <kind>archive</kind>
         <file>rtsv7M4_T_le_v4SPD16_eabi.lib</file>
         <name>e_log10.obj</name>
      </input_file>
      <input_file id="fl-11d">
         <path>/Volumes/Macintosh HD/Applications/cc/ccsv6/tools/compiler/arm_15.12.3.LTS/lib/</path>
         <kind>archive</kind>
         <file>rtsv7M4_T_le_v4SPD16_eabi.lib</file>
         <name>e_sqrt.obj</name>
      </input_file>
      <input_file id="fl-11e">
         <path>/Volumes/Macintosh HD/Applications/cc/ccsv6/tools/compiler/arm_15.12.3.LTS/lib/</path>
         <kind>archive</kind>
         <file>rtsv7M4_T_le_v4SPD16_eabi.lib</file>
         <name>e_sqrtf.obj</name>
      </input_file>
      <input_file id="fl-11f">
         <path>/Volumes/Macintosh HD/Applications/cc/ccsv6/tools/compiler/arm_15.12.3.LTS/lib/</path>
         <kind>archive</kind>
         <file>rtsv7M4_T_le_v4SPD16_eabi.lib</file>
         <name>errno.obj</name>
      </input_file>
      <input_file id="fl-120">
         <path>/Volumes/Macintosh HD/Applications/cc/ccsv6/tools/compiler/arm_15.12.3.LTS/lib/</path>
         <kind>archive</kind>
         <file>rtsv7M4_T_le_v4SPD16_eabi.lib</file>
         <name>exit.obj</name>
      </input_file>
      <input_file id="fl-121">
         <path>/Volumes/Macintosh HD/Applications/cc/ccsv6/tools/compiler/arm_15.12.3.LTS/lib/</path>
         <kind>archive</kind>
         <file>rtsv7M4_T_le_v4SPD16_eabi.lib</file>
         <name>fd_add_t2.obj</name>
      </input_file>
      <input_file id="fl-122">
         <path>/Volumes/Macintosh HD/Applications/cc/ccsv6/tools/compiler/arm_15.12.3.LTS/lib/</path>
         <kind>archive</kind>
         <file>rtsv7M4_T_le_v4SPD16_eabi.lib</file>
         <name>fd_cmp_t2.obj</name>
      </input_file>
      <input_file id="fl-123">
         <path>/Volumes/Macintosh HD/Applications/cc/ccsv6/tools/compiler/arm_15.12.3.LTS/lib/</path>
         <kind>archive</kind>
         <file>rtsv7M4_T_le_v4SPD16_eabi.lib</file>
         <name>fd_div_t2.obj</name>
      </input_file>
      <input_file id="fl-124">
         <path>/Volumes/Macintosh HD/Applications/cc/ccsv6/tools/compiler/arm_15.12.3.LTS/lib/</path>
         <kind>archive</kind>
         <file>rtsv7M4_T_le_v4SPD16_eabi.lib</file>
         <name>fd_mul_t2.obj</name>
      </input_file>
      <input_file id="fl-125">
         <path>/Volumes/Macintosh HD/Applications/cc/ccsv6/tools/compiler/arm_15.12.3.LTS/lib/</path>
         <kind>archive</kind>
         <file>rtsv7M4_T_le_v4SPD16_eabi.lib</file>
         <name>fd_toi_t2.obj</name>
      </input_file>
      <input_file id="fl-126">
         <path>/Volumes/Macintosh HD/Applications/cc/ccsv6/tools/compiler/arm_15.12.3.LTS/lib/</path>
         <kind>archive</kind>
         <file>rtsv7M4_T_le_v4SPD16_eabi.lib</file>
         <name>fd_tos_t2.obj</name>
      </input_file>
      <input_file id="fl-127">
         <path>/Volumes/Macintosh HD/Applications/cc/ccsv6/tools/compiler/arm_15.12.3.LTS/lib/</path>
         <kind>archive</kind>
         <file>rtsv7M4_T_le_v4SPD16_eabi.lib</file>
         <name>fd_tou_t2.obj</name>
      </input_file>
      <input_file id="fl-128">
         <path>/Volumes/Macintosh HD/Applications/cc/ccsv6/tools/compiler/arm_15.12.3.LTS/lib/</path>
         <kind>archive</kind>
         <file>rtsv7M4_T_le_v4SPD16_eabi.lib</file>
         <name>fs_tod_t2.obj</name>
      </input_file>
      <input_file id="fl-129">
         <path>/Volumes/Macintosh HD/Applications/cc/ccsv6/tools/compiler/arm_15.12.3.LTS/lib/</path>
         <kind>archive</kind>
         <file>rtsv7M4_T_le_v4SPD16_eabi.lib</file>
         <name>i_tofd_t2.obj</name>
      </input_file>
      <input_file id="fl-12a">
         <path>/Volumes/Macintosh HD/Applications/cc/ccsv6/tools/compiler/arm_15.12.3.LTS/lib/</path>
         <kind>archive</kind>
         <file>rtsv7M4_T_le_v4SPD16_eabi.lib</file>
         <name>memcpy_t2.obj</name>
      </input_file>
      <input_file id="fl-12b">
         <path>/Volumes/Macintosh HD/Applications/cc/ccsv6/tools/compiler/arm_15.12.3.LTS/lib/</path>
         <kind>archive</kind>
         <file>rtsv7M4_T_le_v4SPD16_eabi.lib</file>
         <name>memory.obj</name>
      </input_file>
      <input_file id="fl-12c">
         <path>/Volumes/Macintosh HD/Applications/cc/ccsv6/tools/compiler/arm_15.12.3.LTS/lib/</path>
         <kind>archive</kind>
         <file>rtsv7M4_T_le_v4SPD16_eabi.lib</file>
         <name>memset_t2.obj</name>
      </input_file>
      <input_file id="fl-12d">
         <path>/Volumes/Macintosh HD/Applications/cc/ccsv6/tools/compiler/arm_15.12.3.LTS/lib/</path>
         <kind>archive</kind>
         <file>rtsv7M4_T_le_v4SPD16_eabi.lib</file>
         <name>mpu_init.obj</name>
      </input_file>
      <input_file id="fl-12e">
         <path>/Volumes/Macintosh HD/Applications/cc/ccsv6/tools/compiler/arm_15.12.3.LTS/lib/</path>
         <kind>archive</kind>
         <file>rtsv7M4_T_le_v4SPD16_eabi.lib</file>
         <name>pre_init.obj</name>
      </input_file>
      <input_file id="fl-12f">
         <path>/Volumes/Macintosh HD/Applications/cc/ccsv6/tools/compiler/arm_15.12.3.LTS/lib/</path>
         <kind>archive</kind>
         <file>rtsv7M4_T_le_v4SPD16_eabi.lib</file>
         <name>s_sin.obj</name>
      </input_file>
      <input_file id="fl-130">
         <path>/Volumes/Macintosh HD/Applications/cc/ccsv6/tools/compiler/arm_15.12.3.LTS/lib/</path>
         <kind>archive</kind>
         <file>rtsv7M4_T_le_v4SPD16_eabi.lib</file>
         <name>stkdepth_vars.obj</name>
      </input_file>
      <input_file id="fl-131">
         <path>/Volumes/Macintosh HD/Applications/cc/ccsv6/tools/compiler/arm_15.12.3.LTS/lib/</path>
         <kind>archive</kind>
         <file>rtsv7M4_T_le_v4SPD16_eabi.lib</file>
         <name>strcmp.obj</name>
      </input_file>
      <input_file id="fl-132">
         <path>/Volumes/Macintosh HD/Applications/cc/ccsv6/tools/compiler/arm_15.12.3.LTS/lib/</path>
         <kind>archive</kind>
         <file>rtsv7M4_T_le_v4SPD16_eabi.lib</file>
         <name>u_divt2.obj</name>
      </input_file>
      <input_file id="fl-133">
         <path>/Volumes/Macintosh HD/Applications/cc/ccsv6/tools/compiler/arm_15.12.3.LTS/lib/</path>
         <kind>archive</kind>
         <file>rtsv7M4_T_le_v4SPD16_eabi.lib</file>
         <name>u_tofd_t2.obj</name>
      </input_file>
      <input_file id="fl-134">
         <path>/Volumes/Macintosh HD/Applications/cc/ccsv6/tools/compiler/arm_15.12.3.LTS/lib/</path>
         <kind>archive</kind>
         <file>rtsv7M4_T_le_v4SPD16_eabi.lib</file>
         <name>_lock.obj</name>
      </input_file>
      <input_file id="fl-135">
         <path>/Volumes/Macintosh HD/Applications/cc/ccsv6/tools/compiler/arm_15.12.3.LTS/lib/</path>
         <kind>archive</kind>
         <file>rtsv7M4_T_le_v4SPD16_eabi.lib</file>
         <name>args_main.obj</name>
      </input_file>
      <input_file id="fl-136">
         <path>/Volumes/Macintosh HD/Applications/cc/ccsv6/tools/compiler/arm_15.12.3.LTS/lib/</path>
         <kind>archive</kind>
         <file>rtsv7M4_T_le_v4SPD16_eabi.lib</file>
         <name>autoinit.obj</name>
      </input_file>
      <input_file id="fl-137">
         <path>/Volumes/Macintosh HD/Applications/cc/ccsv6/tools/compiler/arm_15.12.3.LTS/lib/</path>
         <kind>archive</kind>
         <file>rtsv7M4_T_le_v4SPD16_eabi.lib</file>
         <name>cpy_tbl.obj</name>
      </input_file>
      <input_file id="fl-138">
         <path>/Volumes/Macintosh HD/Applications/cc/ccsv6/tools/compiler/arm_15.12.3.LTS/lib/</path>
         <kind>archive</kind>
         <file>rtsv7M4_T_le_v4SPD16_eabi.lib</file>
         <name>i_div0.obj</name>
      </input_file>
      <input_file id="fl-139">
         <path>/Volumes/Macintosh HD/Applications/cc/ccsv6/tools/compiler/arm_15.12.3.LTS/lib/</path>
         <kind>archive</kind>
         <file>rtsv7M4_T_le_v4SPD16_eabi.lib</file>
         <name>k_cos.obj</name>
      </input_file>
      <input_file id="fl-13a">
         <path>/Volumes/Macintosh HD/Applications/cc/ccsv6/tools/compiler/arm_15.12.3.LTS/lib/</path>
         <kind>archive</kind>
         <file>rtsv7M4_T_le_v4SPD16_eabi.lib</file>
         <name>k_rem_pio2.obj</name>
      </input_file>
      <input_file id="fl-13b">
         <path>/Volumes/Macintosh HD/Applications/cc/ccsv6/tools/compiler/arm_15.12.3.LTS/lib/</path>
         <kind>archive</kind>
         <file>rtsv7M4_T_le_v4SPD16_eabi.lib</file>
         <name>k_sin.obj</name>
      </input_file>
      <input_file id="fl-13c">
         <path>/Volumes/Macintosh HD/Applications/cc/ccsv6/tools/compiler/arm_15.12.3.LTS/lib/</path>
         <kind>archive</kind>
         <file>rtsv7M4_T_le_v4SPD16_eabi.lib</file>
         <name>s_floor.obj</name>
      </input_file>
      <input_file id="fl-13d">
         <path>/Volumes/Macintosh HD/Applications/cc/ccsv6/tools/compiler/arm_15.12.3.LTS/lib/</path>
         <kind>archive</kind>
         <file>rtsv7M4_T_le_v4SPD16_eabi.lib</file>
         <name>s_scalbn.obj</name>
      </input_file>
      <input_file id="fl-13e">
         <path>/Volumes/Macintosh HD/Applications/cc/ccsv6/tools/compiler/arm_15.12.3.LTS/lib/</path>
         <kind>archive</kind>
         <file>rtsv7M4_T_le_v4SPD16_eabi.lib</file>
         <name>startup.obj</name>
      </input_file>
      <input_file id="fl-13f">
         <path>/Volumes/Macintosh HD/Applications/cc/ccsv6/tools/compiler/arm_15.12.3.LTS/lib/</path>
         <kind>archive</kind>
         <file>rtsv7M4_T_le_v4SPD16_eabi.lib</file>
         <name>s_copysign.obj</name>
      </input_file>
   </input_file_list>
   <object_component_list>
      <object_component id="oc-f">
         <name>.intvecs</name>
         <load_address>0x0</load_address>
         <run_address>0x0</run_address>
         <size>0x26c</size>
         <input_file_ref idref="fl-7"/>
      </object_component>
      <object_component id="oc-b3">
         <name>.text</name>
         <load_address>0x26c</load_address>
         <run_address>0x26c</run_address>
         <size>0x2b0c</size>
         <input_file_ref idref="fl-40"/>
      </object_component>
      <object_component id="oc-9b">
         <name>.text</name>
         <load_address>0x2d78</load_address>
         <run_address>0x2d78</run_address>
         <size>0x29a4</size>
         <input_file_ref idref="fl-2a"/>
      </object_component>
      <object_component id="oc-140">
         <name>.text</name>
         <load_address>0x571c</load_address>
         <run_address>0x571c</run_address>
         <size>0x15b4</size>
         <input_file_ref idref="fl-27"/>
      </object_component>
      <object_component id="oc-146">
         <name>.text</name>
         <load_address>0x6cd0</load_address>
         <run_address>0x6cd0</run_address>
         <size>0x11d4</size>
         <input_file_ref idref="fl-33"/>
      </object_component>
      <object_component id="oc-a7">
         <name>.text</name>
         <load_address>0x7ea4</load_address>
         <run_address>0x7ea4</run_address>
         <size>0xf00</size>
         <input_file_ref idref="fl-21"/>
      </object_component>
      <object_component id="oc-209">
         <name>.text</name>
         <load_address>0x8da4</load_address>
         <run_address>0x8da4</run_address>
         <size>0xe44</size>
         <input_file_ref idref="fl-44"/>
      </object_component>
      <object_component id="oc-a1">
         <name>.text</name>
         <load_address>0x9be8</load_address>
         <run_address>0x9be8</run_address>
         <size>0xc84</size>
         <input_file_ref idref="fl-57"/>
      </object_component>
      <object_component id="oc-ad">
         <name>.text</name>
         <load_address>0xa86c</load_address>
         <run_address>0xa86c</run_address>
         <size>0xbbc</size>
         <input_file_ref idref="fl-16"/>
      </object_component>
      <object_component id="oc-203">
         <name>.text</name>
         <load_address>0xb428</load_address>
         <run_address>0xb428</run_address>
         <size>0x904</size>
         <input_file_ref idref="fl-3e"/>
      </object_component>
      <object_component id="oc-123">
         <name>.text</name>
         <load_address>0xbd2c</load_address>
         <run_address>0xbd2c</run_address>
         <size>0x77c</size>
         <input_file_ref idref="fl-9"/>
      </object_component>
      <object_component id="oc-117">
         <name>.text</name>
         <load_address>0xc4a8</load_address>
         <run_address>0xc4a8</run_address>
         <size>0x622</size>
         <input_file_ref idref="fl-25"/>
      </object_component>
      <object_component id="oc-35e">
         <name>.text</name>
         <load_address>0xcaca</load_address>
         <run_address>0xcaca</run_address>
         <size>0x2</size>
         <input_file_ref idref="fl-138"/>
      </object_component>
      <object_component id="oc-129">
         <name>.text</name>
         <load_address>0xcacc</load_address>
         <run_address>0xcacc</run_address>
         <size>0x606</size>
         <input_file_ref idref="fl-24"/>
      </object_component>
      <object_component id="oc-74">
         <name>.text</name>
         <load_address>0xd0d2</load_address>
         <run_address>0xd0d2</run_address>
         <size>0x2</size>
         <input_file_ref idref="fl-12d"/>
      </object_component>
      <object_component id="oc-bf">
         <name>.text</name>
         <load_address>0xd0d4</load_address>
         <run_address>0xd0d4</run_address>
         <size>0x4e0</size>
         <input_file_ref idref="fl-26"/>
      </object_component>
      <object_component id="oc-12f">
         <name>.text</name>
         <load_address>0xd5b4</load_address>
         <run_address>0xd5b4</run_address>
         <size>0x4cc</size>
         <input_file_ref idref="fl-4"/>
      </object_component>
      <object_component id="oc-11d">
         <name>.text</name>
         <load_address>0xda80</load_address>
         <run_address>0xda80</run_address>
         <size>0x49c</size>
         <input_file_ref idref="fl-56"/>
      </object_component>
      <object_component id="oc-46">
         <name>.text</name>
         <load_address>0xdf1c</load_address>
         <run_address>0xdf1c</run_address>
         <size>0x488</size>
         <input_file_ref idref="fl-46"/>
      </object_component>
      <object_component id="oc-c6">
         <name>.text</name>
         <load_address>0xe3a4</load_address>
         <run_address>0xe3a4</run_address>
         <size>0x3c8</size>
         <input_file_ref idref="fl-3f"/>
      </object_component>
      <object_component id="oc-10c">
         <name>.text</name>
         <load_address>0xe76c</load_address>
         <run_address>0xe76c</run_address>
         <size>0x3c0</size>
         <input_file_ref idref="fl-19"/>
      </object_component>
      <object_component id="oc-34">
         <name>.text</name>
         <load_address>0xeb2c</load_address>
         <run_address>0xeb2c</run_address>
         <size>0x3c0</size>
         <input_file_ref idref="fl-8"/>
      </object_component>
      <object_component id="oc-23a">
         <name>.text</name>
         <load_address>0xeeec</load_address>
         <run_address>0xeeec</run_address>
         <size>0x3bc</size>
         <input_file_ref idref="fl-41"/>
      </object_component>
      <object_component id="oc-30b">
         <name>.text</name>
         <load_address>0xf2a8</load_address>
         <run_address>0xf2a8</run_address>
         <size>0x388</size>
         <input_file_ref idref="fl-31"/>
      </object_component>
      <object_component id="oc-106">
         <name>.text</name>
         <load_address>0xf630</load_address>
         <run_address>0xf630</run_address>
         <size>0x352</size>
         <input_file_ref idref="fl-1f"/>
      </object_component>
      <object_component id="oc-187">
         <name>.text</name>
         <load_address>0xf982</load_address>
         <run_address>0xf982</run_address>
         <size>0x2</size>
         <input_file_ref idref="fl-13e"/>
      </object_component>
      <object_component id="oc-40">
         <name>.text</name>
         <load_address>0xf984</load_address>
         <run_address>0xf984</run_address>
         <size>0x304</size>
         <input_file_ref idref="fl-5"/>
      </object_component>
      <object_component id="oc-305">
         <name>.text</name>
         <load_address>0xfc88</load_address>
         <run_address>0xfc88</run_address>
         <size>0x2de</size>
         <input_file_ref idref="fl-2f"/>
      </object_component>
      <object_component id="oc-21e">
         <name>.text</name>
         <load_address>0xff66</load_address>
         <run_address>0xff66</run_address>
         <size>0x1d2</size>
         <input_file_ref idref="fl-43"/>
      </object_component>
      <object_component id="oc-3a">
         <name>.text</name>
         <load_address>0x10138</load_address>
         <run_address>0x10138</run_address>
         <size>0x178</size>
         <input_file_ref idref="fl-6"/>
      </object_component>
      <object_component id="oc-1a8">
         <name>.text</name>
         <load_address>0x102b0</load_address>
         <run_address>0x102b0</run_address>
         <size>0x110</size>
         <input_file_ref idref="fl-29"/>
      </object_component>
      <object_component id="oc-14c">
         <name>.text</name>
         <load_address>0x103c0</load_address>
         <run_address>0x103c0</run_address>
         <size>0xec</size>
         <input_file_ref idref="fl-48"/>
      </object_component>
      <object_component id="oc-20f">
         <name>.text</name>
         <load_address>0x104ac</load_address>
         <run_address>0x104ac</run_address>
         <size>0xc8</size>
         <input_file_ref idref="fl-49"/>
      </object_component>
      <object_component id="oc-4f">
         <name>.text</name>
         <load_address>0x10574</load_address>
         <run_address>0x10574</run_address>
         <size>0x9c</size>
         <input_file_ref idref="fl-12a"/>
      </object_component>
      <object_component id="oc-b9">
         <name>.text</name>
         <load_address>0x10610</load_address>
         <run_address>0x10610</run_address>
         <size>0x88</size>
         <input_file_ref idref="fl-23"/>
      </object_component>
      <object_component id="oc-68">
         <name>.text</name>
         <load_address>0x10698</load_address>
         <run_address>0x10698</run_address>
         <size>0x7a</size>
         <input_file_ref idref="fl-12c"/>
      </object_component>
      <object_component id="oc-80">
         <name>.text</name>
         <load_address>0x10714</load_address>
         <run_address>0x10714</run_address>
         <size>0x70</size>
         <input_file_ref idref="fl-136"/>
      </object_component>
      <object_component id="oc-5b">
         <name>.text</name>
         <load_address>0x10784</load_address>
         <run_address>0x10784</run_address>
         <size>0x6a</size>
         <input_file_ref idref="fl-11a"/>
      </object_component>
      <object_component id="oc-24">
         <name>.text</name>
         <load_address>0x107f0</load_address>
         <run_address>0x107f0</run_address>
         <size>0x54</size>
         <input_file_ref idref="fl-118"/>
      </object_component>
      <object_component id="oc-8c">
         <name>.text</name>
         <load_address>0x10844</load_address>
         <run_address>0x10844</run_address>
         <size>0x54</size>
         <input_file_ref idref="fl-120"/>
      </object_component>
      <object_component id="oc-181">
         <name>.text</name>
         <load_address>0x10898</load_address>
         <run_address>0x10898</run_address>
         <size>0x4c</size>
         <input_file_ref idref="fl-137"/>
      </object_component>
      <object_component id="oc-1bb">
         <name>.text</name>
         <load_address>0x108e4</load_address>
         <run_address>0x108e4</run_address>
         <size>0x40</size>
         <input_file_ref idref="fl-132"/>
      </object_component>
      <object_component id="oc-1db">
         <name>.text</name>
         <load_address>0x10924</load_address>
         <run_address>0x10924</run_address>
         <size>0x3e</size>
         <input_file_ref idref="fl-d"/>
      </object_component>
      <object_component id="oc-2d1">
         <name>.text:FIX_MPY</name>
         <load_address>0x10962</load_address>
         <run_address>0x10962</run_address>
         <size>0x2a</size>
         <input_file_ref idref="fl-4"/>
      </object_component>
      <object_component id="oc-2db">
         <name>.text</name>
         <load_address>0x1098c</load_address>
         <run_address>0x1098c</run_address>
         <size>0x28</size>
         <input_file_ref idref="fl-11e"/>
      </object_component>
      <object_component id="oc-86">
         <name>.text</name>
         <load_address>0x109b4</load_address>
         <run_address>0x109b4</run_address>
         <size>0x18</size>
         <input_file_ref idref="fl-135"/>
      </object_component>
      <object_component id="oc-347">
         <name>.text</name>
         <load_address>0x109cc</load_address>
         <run_address>0x109cc</run_address>
         <size>0x14</size>
         <input_file_ref idref="fl-134"/>
      </object_component>
      <object_component id="oc-12">
         <name>.text:decompress:none</name>
         <load_address>0x109e0</load_address>
         <run_address>0x109e0</run_address>
         <size>0xe</size>
         <input_file_ref idref="fl-119"/>
      </object_component>
      <object_component id="oc-2e">
         <name>.text</name>
         <load_address>0x109ee</load_address>
         <run_address>0x109ee</run_address>
         <size>0xc</size>
         <input_file_ref idref="fl-7"/>
      </object_component>
      <object_component id="oc-c5">
         <name>.text:SysCtlDelay</name>
         <load_address>0x109fa</load_address>
         <run_address>0x109fa</run_address>
         <size>0x6</size>
         <input_file_ref idref="fl-21"/>
      </object_component>
      <object_component id="oc-18">
         <name>.text:decompress:rle24</name>
         <load_address>0x10a00</load_address>
         <run_address>0x10a00</run_address>
         <size>0x6</size>
         <input_file_ref idref="fl-11a"/>
      </object_component>
      <object_component id="oc-7a">
         <name>.text</name>
         <load_address>0x10a06</load_address>
         <run_address>0x10a06</run_address>
         <size>0x4</size>
         <input_file_ref idref="fl-12e"/>
      </object_component>
      <object_component id="oc-2d8">
         <name>.const:Sinewave</name>
         <load_address>0x10a0c</load_address>
         <run_address>0x10a0c</run_address>
         <size>0xc00</size>
         <input_file_ref idref="fl-4"/>
      </object_component>
      <object_component id="oc-1e4">
         <name>.const:g_pppui32XTALtoVCO</name>
         <load_address>0x1160c</load_address>
         <run_address>0x1160c</run_address>
         <size>0x120</size>
         <input_file_ref idref="fl-21"/>
      </object_component>
      <object_component id="oc-1ec">
         <name>.const:g_ppui32GPIOIntMapBlizzard</name>
         <load_address>0x1172c</load_address>
         <run_address>0x1172c</run_address>
         <size>0xc0</size>
         <input_file_ref idref="fl-16"/>
      </object_component>
      <object_component id="oc-1f2">
         <name>.const:g_ppui32GPIOIntMapSnowflake</name>
         <load_address>0x117ec</load_address>
         <run_address>0x117ec</run_address>
         <size>0xc0</size>
         <input_file_ref idref="fl-16"/>
      </object_component>
      <object_component id="oc-28e">
         <name>.const:g_pui32Regs</name>
         <load_address>0x118ac</load_address>
         <run_address>0x118ac</run_address>
         <size>0x9c</size>
         <input_file_ref idref="fl-19"/>
      </object_component>
      <object_component id="oc-1f5">
         <name>.const:g_pui32GPIOBaseAddrs</name>
         <load_address>0x11948</load_address>
         <run_address>0x11948</run_address>
         <size>0x90</size>
         <input_file_ref idref="fl-16"/>
      </object_component>
      <object_component id="oc-1e1">
         <name>.const:g_pui32Xtals</name>
         <load_address>0x119d8</load_address>
         <run_address>0x119d8</run_address>
         <size>0x6c</size>
         <input_file_ref idref="fl-21"/>
      </object_component>
      <object_component id="oc-2c6">
         <name>.const:g_ppui32TimerIntMap</name>
         <load_address>0x11a44</load_address>
         <run_address>0x11a44</run_address>
         <size>0x60</size>
         <input_file_ref idref="fl-24"/>
      </object_component>
      <object_component id="oc-2cc">
         <name>.const:g_ppui32TimerIntMapSnowflake</name>
         <load_address>0x11aa4</load_address>
         <run_address>0x11aa4</run_address>
         <size>0x40</size>
         <input_file_ref idref="fl-24"/>
      </object_component>
      <object_component id="oc-2a8">
         <name>.const:g_ppui32UARTIntMap</name>
         <load_address>0x11ae4</load_address>
         <run_address>0x11ae4</run_address>
         <size>0x40</size>
         <input_file_ref idref="fl-25"/>
      </object_component>
      <object_component id="oc-2ae">
         <name>.const:g_ppui32UARTIntMapSnowflake</name>
         <load_address>0x11b24</load_address>
         <run_address>0x11b24</run_address>
         <size>0x40</size>
         <input_file_ref idref="fl-25"/>
      </object_component>
      <object_component id="oc-1d8">
         <name>.const:g_sXTALtoMEMTIM</name>
         <load_address>0x11b64</load_address>
         <run_address>0x11b64</run_address>
         <size>0x38</size>
         <input_file_ref idref="fl-21"/>
      </object_component>
      <object_component id="oc-302">
         <name>.const:g_psUSBDStdRequests</name>
         <load_address>0x11b9c</load_address>
         <run_address>0x11b9c</run_address>
         <size>0x34</size>
         <input_file_ref idref="fl-33"/>
      </object_component>
      <object_component id="oc-1c3">
         <name>.const:g_psDaysToMonth</name>
         <load_address>0x11bd0</load_address>
         <run_address>0x11bd0</run_address>
         <size>0x30</size>
         <input_file_ref idref="fl-57"/>
      </object_component>
      <object_component id="oc-27d">
         <name>.const:g_ppui32SSIIntMap</name>
         <load_address>0x11c00</load_address>
         <run_address>0x11c00</run_address>
         <size>0x20</size>
         <input_file_ref idref="fl-1f"/>
      </object_component>
      <object_component id="oc-283">
         <name>.const:g_ppui32SSIIntMapSnowflake</name>
         <load_address>0x11c20</load_address>
         <run_address>0x11c20</run_address>
         <size>0x20</size>
         <input_file_ref idref="fl-1f"/>
      </object_component>
      <object_component id="oc-28b">
         <name>.const:g_pui32Priority</name>
         <load_address>0x11c40</load_address>
         <run_address>0x11c40</run_address>
         <size>0x20</size>
         <input_file_ref idref="fl-19"/>
      </object_component>
      <object_component id="oc-1c6">
         <name>.const:g_pfExponents</name>
         <load_address>0x11c60</load_address>
         <run_address>0x11c60</run_address>
         <size>0x18</size>
         <input_file_ref idref="fl-57"/>
      </object_component>
      <object_component id="oc-294">
         <name>.const:g_pui32Dii16Regs</name>
         <load_address>0x11c78</load_address>
         <run_address>0x11c78</run_address>
         <size>0x14</size>
         <input_file_ref idref="fl-19"/>
      </object_component>
      <object_component id="oc-291">
         <name>.const:g_pui32EnRegs</name>
         <load_address>0x11c8c</load_address>
         <run_address>0x11c8c</run_address>
         <size>0x14</size>
         <input_file_ref idref="fl-19"/>
      </object_component>
      <object_component id="oc-297">
         <name>.const:g_pui32PendRegs</name>
         <load_address>0x11ca0</load_address>
         <run_address>0x11ca0</run_address>
         <size>0x14</size>
         <input_file_ref idref="fl-19"/>
      </object_component>
      <object_component id="oc-29a">
         <name>.const:g_pui32UnpendRegs</name>
         <load_address>0x11cb4</load_address>
         <run_address>0x11cb4</run_address>
         <size>0x14</size>
         <input_file_ref idref="fl-19"/>
      </object_component>
      <object_component id="oc-3fe">
         <name>.const:.string</name>
         <load_address>0x11cc8</load_address>
         <run_address>0x11cc8</run_address>
         <size>0x12</size>
         <input_file_ref idref="fl-56"/>
      </object_component>
      <object_component id="oc-365">
         <name>.const:.string</name>
         <load_address>0x11cdc</load_address>
         <run_address>0x11cdc</run_address>
         <size>0x12</size>
         <input_file_ref idref="fl-57"/>
      </object_component>
      <object_component id="oc-278">
         <name>.const:g_sUSBEventDriver</name>
         <load_address>0x11cf0</load_address>
         <run_address>0x11cf0</run_address>
         <size>0x10</size>
         <input_file_ref idref="fl-8"/>
      </object_component>
      <object_component id="oc-275">
         <name>.const:g_sUSBHostMSCClassDriver</name>
         <load_address>0x11d00</load_address>
         <run_address>0x11d00</run_address>
         <size>0x10</size>
         <input_file_ref idref="fl-3f"/>
      </object_component>
      <object_component id="oc-2b9">
         <name>.const:g_ui32UARTBase</name>
         <load_address>0x11d10</load_address>
         <run_address>0x11d10</run_address>
         <size>0xc</size>
         <input_file_ref idref="fl-56"/>
      </object_component>
      <object_component id="oc-2b3">
         <name>.const:g_ui32UARTPeriph</name>
         <load_address>0x11d1c</load_address>
         <run_address>0x11d1c</run_address>
         <size>0xc</size>
         <input_file_ref idref="fl-56"/>
      </object_component>
      <object_component id="oc-eb">
         <name>.const:g_ppHostClassDrivers</name>
         <load_address>0x11d28</load_address>
         <run_address>0x11d28</run_address>
         <size>0x8</size>
         <input_file_ref idref="fl-8"/>
      </object_component>
      <object_component id="oc-1e7">
         <name>.const:g_pui32VCOFrequencies</name>
         <load_address>0x11d30</load_address>
         <run_address>0x11d30</run_address>
         <size>0x8</size>
         <input_file_ref idref="fl-21"/>
      </object_component>
      <object_component id="oc-1ef">
         <name>.const</name>
         <load_address>0x11d38</load_address>
         <run_address>0x11d38</run_address>
         <size>0x8</size>
         <input_file_ref idref="fl-16"/>
      </object_component>
      <object_component id="oc-280">
         <name>.const</name>
         <load_address>0x11d40</load_address>
         <run_address>0x11d40</run_address>
         <size>0x8</size>
         <input_file_ref idref="fl-1f"/>
      </object_component>
      <object_component id="oc-2c9">
         <name>.const</name>
         <load_address>0x11d48</load_address>
         <run_address>0x11d48</run_address>
         <size>0x8</size>
         <input_file_ref idref="fl-24"/>
      </object_component>
      <object_component id="oc-2ab">
         <name>.const</name>
         <load_address>0x11d50</load_address>
         <run_address>0x11d50</run_address>
         <size>0x8</size>
         <input_file_ref idref="fl-25"/>
      </object_component>
      <object_component id="oc-e3">
         <name>.const:.string:$P$T0$2</name>
         <load_address>0x11d58</load_address>
         <run_address>0x11d58</run_address>
         <size>0x7</size>
         <input_file_ref idref="fl-8"/>
      </object_component>
      <object_component id="oc-2e1">
         <name>.const</name>
         <load_address>0x11d60</load_address>
         <run_address>0x11d60</run_address>
         <size>0x4</size>
         <input_file_ref idref="fl-4"/>
      </object_component>
      <object_component id="oc-2bc">
         <name>.const</name>
         <load_address>0x11d64</load_address>
         <run_address>0x11d64</run_address>
         <size>0x4</size>
         <input_file_ref idref="fl-56"/>
      </object_component>
      <object_component id="oc-e8">
         <name>.const</name>
         <load_address>0x11d68</load_address>
         <run_address>0x11d68</run_address>
         <size>0x4</size>
         <input_file_ref idref="fl-8"/>
      </object_component>
      <object_component id="oc-1c0">
         <name>.const</name>
         <load_address>0x11d6c</load_address>
         <run_address>0x11d6c</run_address>
         <size>0x4</size>
         <input_file_ref idref="fl-57"/>
      </object_component>
      <object_component id="oc-493">
         <name>.cinit..data.load</name>
         <load_address>0x11d70</load_address>
         <run_address>0x11d70</run_address>
         <size>0x47</size>
      </object_component>
      <object_component id="oc-494">
         <name>.cinit..bss.load</name>
         <load_address>0x11db8</load_address>
         <run_address>0x11db8</run_address>
         <size>0xb</size>
      </object_component>
      <object_component id="oc-492">
         <name>.cinit..vtable.load</name>
         <load_address>0x11dc8</load_address>
         <run_address>0x11dc8</run_address>
         <size>0xb</size>
      </object_component>
      <object_component id="oc-490">
         <name>__TI_handler_table</name>
         <load_address>0x11dd4</load_address>
         <run_address>0x11dd4</run_address>
         <size>0x8</size>
      </object_component>
      <object_component id="oc-491">
         <name>__TI_cinit_table</name>
         <load_address>0x11ddc</load_address>
         <run_address>0x11ddc</run_address>
         <size>0x18</size>
      </object_component>
      <object_component id="oc-288">
         <name>.vtable</name>
         <uninitialized>true</uninitialized>
         <run_address>0x20000000</run_address>
         <size>0x26c</size>
         <input_file_ref idref="fl-19"/>
      </object_component>
      <object_component id="oc-13c">
         <name>.data</name>
         <load_address>0x20000358</load_address>
         <run_address>0x20000358</run_address>
         <size>0x4</size>
         <input_file_ref idref="fl-5"/>
      </object_component>
      <object_component id="oc-13b">
         <name>.data:text$1</name>
         <load_address>0x20000348</load_address>
         <run_address>0x20000348</run_address>
         <size>0x6</size>
         <input_file_ref idref="fl-5"/>
      </object_component>
      <object_component id="oc-d8">
         <name>.data:g_cCwdBuf</name>
         <load_address>0x2000026c</load_address>
         <run_address>0x2000026c</run_address>
         <size>0x50</size>
         <input_file_ref idref="fl-8"/>
      </object_component>
      <object_component id="oc-df">
         <name>.data</name>
         <load_address>0x20000304</load_address>
         <run_address>0x20000304</run_address>
         <size>0x10</size>
         <input_file_ref idref="fl-8"/>
      </object_component>
      <object_component id="oc-353">
         <name>.data</name>
         <load_address>0x20000335</load_address>
         <run_address>0x20000335</run_address>
         <size>0x1</size>
         <input_file_ref idref="fl-29"/>
      </object_component>
      <object_component id="oc-2f9">
         <name>.data</name>
         <load_address>0x20000340</load_address>
         <run_address>0x20000340</run_address>
         <size>0x8</size>
         <input_file_ref idref="fl-33"/>
      </object_component>
      <object_component id="oc-240">
         <name>.data:g_sUSBHMSCDevice</name>
         <load_address>0x200002bc</load_address>
         <run_address>0x200002bc</run_address>
         <size>0x1c</size>
         <input_file_ref idref="fl-3f"/>
      </object_component>
      <object_component id="oc-200">
         <name>.data</name>
         <load_address>0x200002f0</load_address>
         <run_address>0x200002f0</run_address>
         <size>0x14</size>
         <input_file_ref idref="fl-40"/>
      </object_component>
      <object_component id="oc-227">
         <name>.data:g_sUSBHEP0State</name>
         <load_address>0x200002d8</load_address>
         <run_address>0x200002d8</run_address>
         <size>0x18</size>
         <input_file_ref idref="fl-40"/>
      </object_component>
      <object_component id="oc-152">
         <name>.data</name>
         <load_address>0x2000032c</load_address>
         <run_address>0x2000032c</run_address>
         <size>0x9</size>
         <input_file_ref idref="fl-46"/>
      </object_component>
      <object_component id="oc-21b">
         <name>.data</name>
         <load_address>0x20000320</load_address>
         <run_address>0x20000320</run_address>
         <size>0xc</size>
         <input_file_ref idref="fl-48"/>
      </object_component>
      <object_component id="oc-2b6">
         <name>.data</name>
         <load_address>0x20000350</load_address>
         <run_address>0x20000350</run_address>
         <size>0x5</size>
         <input_file_ref idref="fl-56"/>
      </object_component>
      <object_component id="oc-1c9">
         <name>.data</name>
         <load_address>0x20000364</load_address>
         <run_address>0x20000364</run_address>
         <size>0x4</size>
         <input_file_ref idref="fl-57"/>
      </object_component>
      <object_component id="oc-411">
         <name>.data</name>
         <load_address>0x2000035c</load_address>
         <run_address>0x2000035c</run_address>
         <size>0x4</size>
         <input_file_ref idref="fl-11f"/>
      </object_component>
      <object_component id="oc-191">
         <name>.data:$O1$$</name>
         <load_address>0x20000314</load_address>
         <run_address>0x20000314</run_address>
         <size>0xc</size>
         <input_file_ref idref="fl-120"/>
      </object_component>
      <object_component id="oc-92">
         <name>.data</name>
         <load_address>0x20000360</load_address>
         <run_address>0x20000360</run_address>
         <size>0x4</size>
         <input_file_ref idref="fl-130"/>
      </object_component>
      <object_component id="oc-194">
         <name>.data:$O1$$</name>
         <load_address>0x20000338</load_address>
         <run_address>0x20000338</run_address>
         <size>0x8</size>
         <input_file_ref idref="fl-134"/>
      </object_component>
      <object_component id="oc-138">
         <name>.bss:fft</name>
         <uninitialized>true</uninitialized>
         <run_address>0x20000400</run_address>
         <size>0x1204</size>
         <input_file_ref idref="fl-5"/>
      </object_component>
      <object_component id="oc-112">
         <name>.bss:SpiDACTxBuf</name>
         <uninitialized>true</uninitialized>
         <run_address>0x200027c8</run_address>
         <size>0x4</size>
         <input_file_ref idref="fl-6"/>
      </object_component>
      <object_component id="oc-cc">
         <name>.bss:g_sFatFs</name>
         <uninitialized>true</uninitialized>
         <run_address>0x20002000</run_address>
         <size>0x234</size>
         <input_file_ref idref="fl-8"/>
      </object_component>
      <object_component id="oc-d5">
         <name>.bss:g_sDirObject</name>
         <uninitialized>true</uninitialized>
         <run_address>0x20002714</run_address>
         <size>0x1c</size>
         <input_file_ref idref="fl-8"/>
      </object_component>
      <object_component id="oc-db">
         <name>.bss:g_sFileInfo</name>
         <uninitialized>true</uninitialized>
         <run_address>0x20002760</run_address>
         <size>0x18</size>
         <input_file_ref idref="fl-8"/>
      </object_component>
      <object_component id="oc-cf">
         <name>.bss</name>
         <uninitialized>true</uninitialized>
         <run_address>0x200027a8</run_address>
         <size>0xc</size>
         <input_file_ref idref="fl-8"/>
      </object_component>
      <object_component id="oc-e6">
         <name>.bss:file$1</name>
         <uninitialized>true</uninitialized>
         <run_address>0x20002234</run_address>
         <size>0x224</size>
         <input_file_ref idref="fl-8"/>
      </object_component>
      <object_component id="oc-2c1">
         <name>.bss:g_pui8OversampleFactor</name>
         <uninitialized>true</uninitialized>
         <run_address>0x200027cc</run_address>
         <size>0x4</size>
         <input_file_ref idref="fl-9"/>
      </object_component>
      <object_component id="oc-1ae">
         <name>.bss:FatFs</name>
         <uninitialized>true</uninitialized>
         <run_address>0x200027c4</run_address>
         <size>0x4</size>
         <input_file_ref idref="fl-2a"/>
      </object_component>
      <object_component id="oc-1b1">
         <name>.bss</name>
         <uninitialized>true</uninitialized>
         <run_address>0x200027f4</run_address>
         <size>0x2</size>
         <input_file_ref idref="fl-2a"/>
      </object_component>
      <object_component id="oc-2ff">
         <name>.bss:g_pui8DataBufferIn</name>
         <uninitialized>true</uninitialized>
         <run_address>0x200026d4</run_address>
         <size>0x40</size>
         <input_file_ref idref="fl-33"/>
      </object_component>
      <object_component id="oc-2fc">
         <name>.bss</name>
         <uninitialized>true</uninitialized>
         <run_address>0x200027d0</run_address>
         <size>0x4</size>
         <input_file_ref idref="fl-33"/>
      </object_component>
      <object_component id="oc-38f">
         <name>.bss:g_sRootHub</name>
         <uninitialized>true</uninitialized>
         <run_address>0x20002568</run_address>
         <size>0x9c</size>
         <input_file_ref idref="fl-3e"/>
      </object_component>
      <object_component id="oc-392">
         <name>.bss</name>
         <uninitialized>true</uninitialized>
         <run_address>0x200027bc</run_address>
         <size>0x8</size>
         <input_file_ref idref="fl-3e"/>
      </object_component>
      <object_component id="oc-218">
         <name>.bss</name>
         <uninitialized>true</uninitialized>
         <run_address>0x200027d4</run_address>
         <size>0x4</size>
         <input_file_ref idref="fl-40"/>
      </object_component>
      <object_component id="oc-215">
         <name>.bss:g_pi32USBHActiveDriver</name>
         <uninitialized>true</uninitialized>
         <run_address>0x20002730</run_address>
         <size>0x18</size>
         <input_file_ref idref="fl-40"/>
      </object_component>
      <object_component id="oc-224">
         <name>.bss:g_ppvDriverInstance</name>
         <uninitialized>true</uninitialized>
         <run_address>0x20002748</run_address>
         <size>0x18</size>
         <input_file_ref idref="fl-40"/>
      </object_component>
      <object_component id="oc-1fa">
         <name>.bss:g_sUSBHCD</name>
         <uninitialized>true</uninitialized>
         <run_address>0x20001604</run_address>
         <size>0x6cc</size>
         <input_file_ref idref="fl-40"/>
      </object_component>
      <object_component id="oc-1fd">
         <name>.bss:g_pui32Alloc</name>
         <uninitialized>true</uninitialized>
         <run_address>0x200027b4</run_address>
         <size>0x8</size>
         <input_file_ref idref="fl-40"/>
      </object_component>
      <object_component id="oc-3a1">
         <name>.bss:g_psUSBDMAInst</name>
         <uninitialized>true</uninitialized>
         <run_address>0x20002458</run_address>
         <size>0x110</size>
         <input_file_ref idref="fl-44"/>
      </object_component>
      <object_component id="oc-158">
         <name>.bss</name>
         <uninitialized>true</uninitialized>
         <run_address>0x200027d8</run_address>
         <size>0x4</size>
         <input_file_ref idref="fl-46"/>
      </object_component>
      <object_component id="oc-135">
         <name>.common:ADC_OUT</name>
         <uninitialized>true</uninitialized>
         <run_address>0x200027dc</run_address>
         <size>0x4</size>
      </object_component>
      <object_component id="oc-ef">
         <name>.common:ui32DriveTimeout</name>
         <uninitialized>true</uninitialized>
         <run_address>0x200027e8</run_address>
         <size>0x4</size>
      </object_component>
      <object_component id="oc-e7">
         <name>.common:ui32SysClock</name>
         <uninitialized>true</uninitialized>
         <run_address>0x200027ec</run_address>
         <size>0x4</size>
      </object_component>
      <object_component id="oc-de">
         <name>.common:g_pcFilenames</name>
         <uninitialized>true</uninitialized>
         <run_address>0x20001cd0</run_address>
         <size>0x330</size>
      </object_component>
      <object_component id="oc-d2">
         <name>.common:g_eState</name>
         <uninitialized>true</uninitialized>
         <run_address>0x200027f7</run_address>
         <size>0x1</size>
      </object_component>
      <object_component id="oc-f0">
         <name>.common:g_pHCDPool</name>
         <uninitialized>true</uninitialized>
         <run_address>0x20002604</run_address>
         <size>0x80</size>
      </object_component>
      <object_component id="oc-ee">
         <name>.common:g_psDMAControlTable</name>
         <uninitialized>true</uninitialized>
         <run_address>0x20002800</run_address>
         <size>0x60</size>
      </object_component>
      <object_component id="oc-e2">
         <name>.common:usbPath</name>
         <uninitialized>true</uninitialized>
         <run_address>0x200027f0</run_address>
         <size>0x4</size>
      </object_component>
      <object_component id="oc-15b">
         <name>.common:g_psDCDInst</name>
         <uninitialized>true</uninitialized>
         <run_address>0x20002684</run_address>
         <size>0x50</size>
      </object_component>
      <object_component id="oc-2f8">
         <name>.common:g_ppsDevInfo</name>
         <uninitialized>true</uninitialized>
         <run_address>0x200027e0</run_address>
         <size>0x4</size>
      </object_component>
      <object_component id="oc-155">
         <name>.common:g_ui32PollRate</name>
         <uninitialized>true</uninitialized>
         <run_address>0x200027e4</run_address>
         <size>0x4</size>
      </object_component>
      <object_component id="oc-15e">
         <name>.common:g_eOTGModeState</name>
         <uninitialized>true</uninitialized>
         <run_address>0x200027f6</run_address>
         <size>0x1</size>
      </object_component>
      <object_component id="oc-312">
         <name>.common:g_pfnTickHandlers</name>
         <uninitialized>true</uninitialized>
         <run_address>0x20002778</run_address>
         <size>0x18</size>
      </object_component>
      <object_component id="oc-315">
         <name>.common:g_pvTickInstance</name>
         <uninitialized>true</uninitialized>
         <run_address>0x20002790</run_address>
         <size>0x18</size>
      </object_component>
      <object_component id="oc-2b">
         <name>.sysmem</name>
         <uninitialized>true</uninitialized>
         <run_address>0x20000368</run_address>
         <size>0x8</size>
         <input_file_ref idref="fl-12b"/>
      </object_component>
      <object_component id="oc-496">
         <name>.sysmem</name>
         <uninitialized>true</uninitialized>
         <run_address>0x20000368</run_address>
         <size>0x0</size>
      </object_component>
      <object_component id="oc-2a">
         <name>.stack</name>
         <uninitialized>true</uninitialized>
         <run_address>0x20002860</run_address>
         <size>0x0</size>
         <input_file_ref idref="fl-118"/>
      </object_component>
      <object_component id="oc-495">
         <name>.stack</name>
         <uninitialized>true</uninitialized>
         <run_address>0x20002860</run_address>
         <size>0x0</size>
      </object_component>
      <object_component id="oc-16f">
         <name>.debug_info</name>
         <load_address>0x0</load_address>
         <run_address>0x0</run_address>
         <size>0x84</size>
         <input_file_ref idref="fl-2"/>
      </object_component>
      <object_component id="oc-fc">
         <name>.debug_info</name>
         <load_address>0x84</load_address>
         <run_address>0x84</run_address>
         <size>0x18b</size>
         <input_file_ref idref="fl-3"/>
      </object_component>
      <object_component id="oc-2e5">
         <name>.debug_info</name>
         <load_address>0x20f</load_address>
         <run_address>0x20f</run_address>
         <size>0x110</size>
         <input_file_ref idref="fl-4"/>
      </object_component>
      <object_component id="oc-2e2">
         <name>.debug_info</name>
         <load_address>0x31f</load_address>
         <run_address>0x31f</run_address>
         <size>0xd1</size>
         <input_file_ref idref="fl-4"/>
      </object_component>
      <object_component id="oc-2d9">
         <name>.debug_info</name>
         <load_address>0x3f0</load_address>
         <run_address>0x3f0</run_address>
         <size>0xda</size>
         <input_file_ref idref="fl-4"/>
      </object_component>
      <object_component id="oc-2d2">
         <name>.debug_info</name>
         <load_address>0x4ca</load_address>
         <run_address>0x4ca</run_address>
         <size>0x146</size>
         <input_file_ref idref="fl-4"/>
      </object_component>
      <object_component id="oc-130">
         <name>.debug_info</name>
         <load_address>0x610</load_address>
         <run_address>0x610</run_address>
         <size>0x578</size>
         <input_file_ref idref="fl-4"/>
      </object_component>
      <object_component id="oc-2e8">
         <name>.debug_info</name>
         <load_address>0xb88</load_address>
         <run_address>0xb88</run_address>
         <size>0xa3</size>
         <input_file_ref idref="fl-4"/>
      </object_component>
      <object_component id="oc-136">
         <name>.debug_info</name>
         <load_address>0xc2b</load_address>
         <run_address>0xc2b</run_address>
         <size>0xbb2</size>
         <input_file_ref idref="fl-5"/>
      </object_component>
      <object_component id="oc-139">
         <name>.debug_info</name>
         <load_address>0x17dd</load_address>
         <run_address>0x17dd</run_address>
         <size>0xcc</size>
         <input_file_ref idref="fl-5"/>
      </object_component>
      <object_component id="oc-13d">
         <name>.debug_info</name>
         <load_address>0x18a9</load_address>
         <run_address>0x18a9</run_address>
         <size>0xd5</size>
         <input_file_ref idref="fl-5"/>
      </object_component>
      <object_component id="oc-41">
         <name>.debug_info</name>
         <load_address>0x197e</load_address>
         <run_address>0x197e</run_address>
         <size>0x80c</size>
         <input_file_ref idref="fl-5"/>
      </object_component>
      <object_component id="oc-25f">
         <name>.debug_info</name>
         <load_address>0x218a</load_address>
         <run_address>0x218a</run_address>
         <size>0xa85</size>
         <input_file_ref idref="fl-5"/>
      </object_component>
      <object_component id="oc-f7">
         <name>.debug_info</name>
         <load_address>0x2c0f</load_address>
         <run_address>0x2c0f</run_address>
         <size>0x4c5</size>
         <input_file_ref idref="fl-5"/>
      </object_component>
      <object_component id="oc-1b6">
         <name>.debug_info</name>
         <load_address>0x30d4</load_address>
         <run_address>0x30d4</run_address>
         <size>0x70</size>
         <input_file_ref idref="fl-5"/>
      </object_component>
      <object_component id="oc-25a">
         <name>.debug_info</name>
         <load_address>0x3144</load_address>
         <run_address>0x3144</run_address>
         <size>0x86</size>
         <input_file_ref idref="fl-5"/>
      </object_component>
      <object_component id="oc-2ed">
         <name>.debug_info</name>
         <load_address>0x31ca</load_address>
         <run_address>0x31ca</run_address>
         <size>0x186</size>
         <input_file_ref idref="fl-5"/>
      </object_component>
      <object_component id="oc-3c6">
         <name>.debug_info</name>
         <load_address>0x3350</load_address>
         <run_address>0x3350</run_address>
         <size>0x129</size>
         <input_file_ref idref="fl-5"/>
      </object_component>
      <object_component id="oc-255">
         <name>.debug_info</name>
         <load_address>0x3479</load_address>
         <run_address>0x3479</run_address>
         <size>0xa9</size>
         <input_file_ref idref="fl-5"/>
      </object_component>
      <object_component id="oc-f2">
         <name>.debug_info</name>
         <load_address>0x3522</load_address>
         <run_address>0x3522</run_address>
         <size>0x8b</size>
         <input_file_ref idref="fl-5"/>
      </object_component>
      <object_component id="oc-264">
         <name>.debug_info</name>
         <load_address>0x35ad</load_address>
         <run_address>0x35ad</run_address>
         <size>0x42</size>
         <input_file_ref idref="fl-5"/>
      </object_component>
      <object_component id="oc-101">
         <name>.debug_info</name>
         <load_address>0x35ef</load_address>
         <run_address>0x35ef</run_address>
         <size>0xbb</size>
         <input_file_ref idref="fl-5"/>
      </object_component>
      <object_component id="oc-177">
         <name>.debug_info</name>
         <load_address>0x36aa</load_address>
         <run_address>0x36aa</run_address>
         <size>0x2c</size>
         <input_file_ref idref="fl-5"/>
      </object_component>
      <object_component id="oc-1d3">
         <name>.debug_info</name>
         <load_address>0x36d6</load_address>
         <run_address>0x36d6</run_address>
         <size>0x4e</size>
         <input_file_ref idref="fl-5"/>
      </object_component>
      <object_component id="oc-116">
         <name>.debug_info</name>
         <load_address>0x3724</load_address>
         <run_address>0x3724</run_address>
         <size>0x4e7</size>
         <input_file_ref idref="fl-6"/>
      </object_component>
      <object_component id="oc-113">
         <name>.debug_info</name>
         <load_address>0x3c0b</load_address>
         <run_address>0x3c0b</run_address>
         <size>0xdf</size>
         <input_file_ref idref="fl-6"/>
      </object_component>
      <object_component id="oc-3b">
         <name>.debug_info</name>
         <load_address>0x3cea</load_address>
         <run_address>0x3cea</run_address>
         <size>0x54b</size>
         <input_file_ref idref="fl-6"/>
      </object_component>
      <object_component id="oc-2a3">
         <name>.debug_info</name>
         <load_address>0x4235</load_address>
         <run_address>0x4235</run_address>
         <size>0x8a</size>
         <input_file_ref idref="fl-6"/>
      </object_component>
      <object_component id="oc-4e">
         <name>.debug_info</name>
         <load_address>0x42bf</load_address>
         <run_address>0x42bf</run_address>
         <size>0x1d4</size>
         <input_file_ref idref="fl-7"/>
      </object_component>
      <object_component id="oc-10">
         <name>.debug_info</name>
         <load_address>0x4493</load_address>
         <run_address>0x4493</run_address>
         <size>0xf3</size>
         <input_file_ref idref="fl-7"/>
      </object_component>
      <object_component id="oc-2f">
         <name>.debug_info</name>
         <load_address>0x4586</load_address>
         <run_address>0x4586</run_address>
         <size>0x26f</size>
         <input_file_ref idref="fl-7"/>
      </object_component>
      <object_component id="oc-d3">
         <name>.debug_info</name>
         <load_address>0x47f5</load_address>
         <run_address>0x47f5</run_address>
         <size>0xa34</size>
         <input_file_ref idref="fl-8"/>
      </object_component>
      <object_component id="oc-d9">
         <name>.debug_info</name>
         <load_address>0x5229</load_address>
         <run_address>0x5229</run_address>
         <size>0xe5</size>
         <input_file_ref idref="fl-8"/>
      </object_component>
      <object_component id="oc-cd">
         <name>.debug_info</name>
         <load_address>0x530e</load_address>
         <run_address>0x530e</run_address>
         <size>0xe3</size>
         <input_file_ref idref="fl-8"/>
      </object_component>
      <object_component id="oc-d6">
         <name>.debug_info</name>
         <load_address>0x53f1</load_address>
         <run_address>0x53f1</run_address>
         <size>0xeb</size>
         <input_file_ref idref="fl-8"/>
      </object_component>
      <object_component id="oc-dc">
         <name>.debug_info</name>
         <load_address>0x54dc</load_address>
         <run_address>0x54dc</run_address>
         <size>0xe9</size>
         <input_file_ref idref="fl-8"/>
      </object_component>
      <object_component id="oc-d0">
         <name>.debug_info</name>
         <load_address>0x55c5</load_address>
         <run_address>0x55c5</run_address>
         <size>0x149</size>
         <input_file_ref idref="fl-8"/>
      </object_component>
      <object_component id="oc-e0">
         <name>.debug_info</name>
         <load_address>0x570e</load_address>
         <run_address>0x570e</run_address>
         <size>0x170</size>
         <input_file_ref idref="fl-8"/>
      </object_component>
      <object_component id="oc-279">
         <name>.debug_info</name>
         <load_address>0x587e</load_address>
         <run_address>0x587e</run_address>
         <size>0xf6</size>
         <input_file_ref idref="fl-8"/>
      </object_component>
      <object_component id="oc-ec">
         <name>.debug_info</name>
         <load_address>0x5974</load_address>
         <run_address>0x5974</run_address>
         <size>0xfb</size>
         <input_file_ref idref="fl-8"/>
      </object_component>
      <object_component id="oc-e9">
         <name>.debug_info</name>
         <load_address>0x5a6f</load_address>
         <run_address>0x5a6f</run_address>
         <size>0x106</size>
         <input_file_ref idref="fl-8"/>
      </object_component>
      <object_component id="oc-e4">
         <name>.debug_info</name>
         <load_address>0x5b75</load_address>
         <run_address>0x5b75</run_address>
         <size>0xe2</size>
         <input_file_ref idref="fl-8"/>
      </object_component>
      <object_component id="oc-35">
         <name>.debug_info</name>
         <load_address>0x5c57</load_address>
         <run_address>0x5c57</run_address>
         <size>0x9e8</size>
         <input_file_ref idref="fl-8"/>
      </object_component>
      <object_component id="oc-250">
         <name>.debug_info</name>
         <load_address>0x663f</load_address>
         <run_address>0x663f</run_address>
         <size>0x9e</size>
         <input_file_ref idref="fl-8"/>
      </object_component>
      <object_component id="oc-1ce">
         <name>.debug_info</name>
         <load_address>0x66dd</load_address>
         <run_address>0x66dd</run_address>
         <size>0x189</size>
         <input_file_ref idref="fl-8"/>
      </object_component>
      <object_component id="oc-2c5">
         <name>.debug_info</name>
         <load_address>0x6866</load_address>
         <run_address>0x6866</run_address>
         <size>0x17e</size>
         <input_file_ref idref="fl-9"/>
      </object_component>
      <object_component id="oc-2c2">
         <name>.debug_info</name>
         <load_address>0x69e4</load_address>
         <run_address>0x69e4</run_address>
         <size>0xfb</size>
         <input_file_ref idref="fl-9"/>
      </object_component>
      <object_component id="oc-124">
         <name>.debug_info</name>
         <load_address>0x6adf</load_address>
         <run_address>0x6adf</run_address>
         <size>0x2ad7</size>
         <input_file_ref idref="fl-9"/>
      </object_component>
      <object_component id="oc-1dc">
         <name>.debug_info</name>
         <load_address>0x95b6</load_address>
         <run_address>0x95b6</run_address>
         <size>0x340</size>
         <input_file_ref idref="fl-d"/>
      </object_component>
      <object_component id="oc-1f9">
         <name>.debug_info</name>
         <load_address>0x98f6</load_address>
         <run_address>0x98f6</run_address>
         <size>0x1ad</size>
         <input_file_ref idref="fl-16"/>
      </object_component>
      <object_component id="oc-1ed">
         <name>.debug_info</name>
         <load_address>0x9aa3</load_address>
         <run_address>0x9aa3</run_address>
         <size>0x104</size>
         <input_file_ref idref="fl-16"/>
      </object_component>
      <object_component id="oc-1f0">
         <name>.debug_info</name>
         <load_address>0x9ba7</load_address>
         <run_address>0x9ba7</run_address>
         <size>0x152</size>
         <input_file_ref idref="fl-16"/>
      </object_component>
      <object_component id="oc-1f3">
         <name>.debug_info</name>
         <load_address>0x9cf9</load_address>
         <run_address>0x9cf9</run_address>
         <size>0x106</size>
         <input_file_ref idref="fl-16"/>
      </object_component>
      <object_component id="oc-1f6">
         <name>.debug_info</name>
         <load_address>0x9dff</load_address>
         <run_address>0x9dff</run_address>
         <size>0xf8</size>
         <input_file_ref idref="fl-16"/>
      </object_component>
      <object_component id="oc-ae">
         <name>.debug_info</name>
         <load_address>0x9ef7</load_address>
         <run_address>0x9ef7</run_address>
         <size>0x314a</size>
         <input_file_ref idref="fl-16"/>
      </object_component>
      <object_component id="oc-29e">
         <name>.debug_info</name>
         <load_address>0xd041</load_address>
         <run_address>0xd041</run_address>
         <size>0x195</size>
         <input_file_ref idref="fl-19"/>
      </object_component>
      <object_component id="oc-28c">
         <name>.debug_info</name>
         <load_address>0xd1d6</load_address>
         <run_address>0xd1d6</run_address>
         <size>0xf3</size>
         <input_file_ref idref="fl-19"/>
      </object_component>
      <object_component id="oc-28f">
         <name>.debug_info</name>
         <load_address>0xd2c9</load_address>
[...]
      </symbol>
      <symbol id="sm-11ba">
         <name>USBHCDDevHubPort</name>
         <value>0x2aaf</value>
         <object_component_ref idref="oc-b3"/>
      </symbol>
      <symbol id="sm-11bb">
         <name>USBHCDLPMStatus</name>
         <value>0x2ca9</value>
         <object_component_ref idref="oc-b3"/>
      </symbol>
      <symbol id="sm-11bc">
         <name>USBHCDLPMResume</name>
         <value>0x2d39</value>
         <object_component_ref idref="oc-b3"/>
      </symbol>
      <symbol id="sm-11bd">
         <name>USB0HostIntHandler</name>
         <value>0x20fb</value>
         <object_component_ref idref="oc-b3"/>
      </symbol>
      <symbol id="sm-11be">
         <name>USBHCDEventDisable</name>
         <value>0x41b</value>
         <object_component_ref idref="oc-b3"/>
      </symbol>
      <symbol id="sm-11bf">
         <name>USBHostCheckPipes</name>
         <value>0x1941</value>
         <object_component_ref idref="oc-b3"/>
      </symbol>
      <symbol id="sm-11c0">
         <name>USBHCDPipeAllocSize</name>
         <value>0x5f1</value>
         <object_component_ref idref="oc-b3"/>
      </symbol>
      <symbol id="sm-11c1">
         <name>InternalUSBHCDSendEvent</name>
         <value>0x21e5</value>
         <object_component_ref idref="oc-b3"/>
      </symbol>
      <symbol id="sm-11c2">
         <name>USBHCDDevProtocol</name>
         <value>0x2ba1</value>
         <object_component_ref idref="oc-b3"/>
      </symbol>
      <symbol id="sm-11c3">
         <name>USBHCDPipeFree</name>
         <value>0xf85</value>
         <object_component_ref idref="oc-b3"/>
      </symbol>
      <symbol id="sm-11c4">
         <name>USBHCDDevSubClass</name>
         <value>0x2b55</value>
         <object_component_ref idref="oc-b3"/>
      </symbol>
      <symbol id="sm-11c5">
         <name>USBHCDPowerConfigGet</name>
         <value>0x12ed</value>
         <object_component_ref idref="oc-b3"/>
      </symbol>
      <symbol id="sm-11c6">
         <name>USBHCDDevAddress</name>
         <value>0x2ad3</value>
         <object_component_ref idref="oc-b3"/>
      </symbol>
      <symbol id="sm-11c7">
         <name>USBHCDSetConfig</name>
         <value>0x18ad</value>
         <object_component_ref idref="oc-b3"/>
      </symbol>
      <symbol id="sm-11c8">
         <name>USBHCDPipeStatus</name>
         <value>0xa0f</value>
         <object_component_ref idref="oc-b3"/>
      </symbol>
      <symbol id="sm-11c9">
         <name>USBHCDSuspend</name>
         <value>0x15b7</value>
         <object_component_ref idref="oc-b3"/>
      </symbol>
      <symbol id="sm-11ca">
         <name>ConfigDescAlloc</name>
         <value>0x26d</value>
         <object_component_ref idref="oc-b3"/>
      </symbol>
      <symbol id="sm-11cb">
         <name>USBHCDPipeAlloc</name>
         <value>0x84d</value>
         <object_component_ref idref="oc-b3"/>
      </symbol>
      <symbol id="sm-11cc">
         <name>USBHCDTerm</name>
         <value>0x14dd</value>
         <object_component_ref idref="oc-b3"/>
      </symbol>
      <symbol id="sm-11cd">
         <name>USBHCDPipeConfig</name>
         <value>0x895</value>
         <object_component_ref idref="oc-b3"/>
      </symbol>
      <symbol id="sm-11f0">
         <name>USBHSCSIModeSense6</name>
         <value>0xf08f</value>
         <object_component_ref idref="oc-23a"/>
      </symbol>
      <symbol id="sm-11f1">
         <name>USBHSCSIReadCapacities</name>
         <value>0xf03d</value>
         <object_component_ref idref="oc-23a"/>
      </symbol>
      <symbol id="sm-11f2">
         <name>USBHSCSITestUnitReady</name>
         <value>0xf0e7</value>
         <object_component_ref idref="oc-23a"/>
      </symbol>
      <symbol id="sm-11f3">
         <name>USBHSCSIInquiry</name>
         <value>0xef8d</value>
         <object_component_ref idref="oc-23a"/>
      </symbol>
      <symbol id="sm-11f4">
         <name>USBHSCSIRead10</name>
         <value>0xf195</value>
         <object_component_ref idref="oc-23a"/>
      </symbol>
      <symbol id="sm-11f5">
         <name>USBHSCSIWrite10</name>
         <value>0xf221</value>
         <object_component_ref idref="oc-23a"/>
      </symbol>
      <symbol id="sm-11f6">
         <name>USBHSCSIReadCapacity</name>
         <value>0xefe5</value>
         <object_component_ref idref="oc-23a"/>
      </symbol>
      <symbol id="sm-11f7">
         <name>USBHSCSIRequestSense</name>
         <value>0xf139</value>
         <object_component_ref idref="oc-23a"/>
      </symbol>
      <symbol id="sm-1221">
         <name>USBDescGetInterfaceEndpoint</name>
         <value>0x10115</value>
         <object_component_ref idref="oc-21e"/>
      </symbol>
      <symbol id="sm-1222">
         <name>USBDescGetInterface</name>
         <value>0x100e7</value>
         <object_component_ref idref="oc-21e"/>
      </symbol>
      <symbol id="sm-1223">
         <name>USBDescGet</name>
         <value>0xffc3</value>
         <object_component_ref idref="oc-21e"/>
      </symbol>
      <symbol id="sm-1224">
         <name>USBDescGetNum</name>
         <value>0xff67</value>
         <object_component_ref idref="oc-21e"/>
      </symbol>
      <symbol id="sm-1225">
         <name>USBDescGetNumAlternateInterfaces</name>
         <value>0x1002d</value>
         <object_component_ref idref="oc-21e"/>
      </symbol>
      <symbol id="sm-12f1">
         <name>USBLibDMASizeGet</name>
         <value>0x9a1f</value>
         <object_component_ref idref="oc-209"/>
      </symbol>
      <symbol id="sm-12f2">
         <name>USBLibDMAAddrGet</name>
         <value>0x9a07</value>
         <object_component_ref idref="oc-209"/>
      </symbol>
      <symbol id="sm-12f3">
         <name>USBLibDMAInit</name>
         <value>0x9a37</value>
         <object_component_ref idref="oc-209"/>
      </symbol>
      <symbol id="sm-135c">
         <name>g_ui32PollRate</name>
         <value>0x200027e4</value>
      </symbol>
      <symbol id="sm-135d">
         <name>g_eOTGModeState</name>
         <value>0x200027f6</value>
      </symbol>
      <symbol id="sm-135e">
         <name>USBOTGModeTerm</name>
         <value>0xe0a5</value>
         <object_component_ref idref="oc-46"/>
      </symbol>
      <symbol id="sm-135f">
         <name>USB0DualModeIntHandler</name>
         <value>0xdfd9</value>
         <object_component_ref idref="oc-46"/>
      </symbol>
      <symbol id="sm-1360">
         <name>USBOTGMain</name>
         <value>0xe2b5</value>
         <object_component_ref idref="oc-46"/>
      </symbol>
      <symbol id="sm-1361">
         <name>USB0OTGModeIntHandler</name>
         <value>0xe1ad</value>
         <object_component_ref idref="oc-46"/>
      </symbol>
      <symbol id="sm-1362">
         <name>USBDualModeInit</name>
         <value>0xe025</value>
         <object_component_ref idref="oc-46"/>
      </symbol>
      <symbol id="sm-1363">
         <name>USBDualModeTerm</name>
         <value>0xe083</value>
         <object_component_ref idref="oc-46"/>
      </symbol>
      <symbol id="sm-1364">
         <name>g_iUSBMode</name>
         <value>0x2000032c</value>
         <object_component_ref idref="oc-152"/>
      </symbol>
      <symbol id="sm-1365">
         <name>USBOTGModeInit</name>
         <value>0xe0cd</value>
         <object_component_ref idref="oc-46"/>
      </symbol>
      <symbol id="sm-1366">
         <name>USBStackModeSet</name>
         <value>0xdf9d</value>
         <object_component_ref idref="oc-46"/>
      </symbol>
      <symbol id="sm-1367">
         <name>g_ui32WaitTicks</name>
         <value>0x20000330</value>
         <object_component_ref idref="oc-152"/>
      </symbol>
      <symbol id="sm-1368">
         <name>USBOTGPollRate</name>
         <value>0xe18b</value>
         <object_component_ref idref="oc-46"/>
      </symbol>
      <symbol id="sm-1369">
         <name>OTGDeviceDisconnect</name>
         <value>0xe295</value>
         <object_component_ref idref="oc-46"/>
      </symbol>
      <symbol id="sm-136a">
         <name>USBOTGFeatureSet</name>
         <value>0xe351</value>
         <object_component_ref idref="oc-46"/>
      </symbol>
      <symbol id="sm-1394">
         <name>g_pfnTickHandlers</name>
         <value>0x20002778</value>
      </symbol>
      <symbol id="sm-1395">
         <name>g_pvTickInstance</name>
         <value>0x20002790</value>
      </symbol>
      <symbol id="sm-1396">
         <name>g_ui32USBSOFCount</name>
         <value>0x20000328</value>
         <object_component_ref idref="oc-21b"/>
      </symbol>
      <symbol id="sm-1397">
         <name>InternalUSBTickReset</name>
         <value>0x103ff</value>
         <object_component_ref idref="oc-14c"/>
      </symbol>
      <symbol id="sm-1398">
         <name>g_bUSBTimerInitialized</name>
         <value>0x20000320</value>
         <object_component_ref idref="oc-21b"/>
      </symbol>
      <symbol id="sm-1399">
         <name>g_ui32CurrentUSBTick</name>
         <value>0x20000324</value>
         <object_component_ref idref="oc-21b"/>
      </symbol>
      <symbol id="sm-139a">
         <name>InternalUSBStartOfFrameTick</name>
         <value>0x10457</value>
         <object_component_ref idref="oc-14c"/>
      </symbol>
      <symbol id="sm-139b">
         <name>InternalUSBRegisterTickHandler</name>
         <value>0x10407</value>
         <object_component_ref idref="oc-14c"/>
      </symbol>
      <symbol id="sm-139c">
         <name>InternalUSBTickInit</name>
         <value>0x103c1</value>
         <object_component_ref idref="oc-14c"/>
      </symbol>
      <symbol id="sm-13a9">
         <name>ULPIPowerTransceiver</name>
         <value>0x1054f</value>
         <object_component_ref idref="oc-20f"/>
      </symbol>
      <symbol id="sm-13aa">
         <name>ULPIConfigSet</name>
         <value>0x104ad</value>
         <object_component_ref idref="oc-20f"/>
      </symbol>
      <symbol id="sm-1425">
         <name>UARTgetc</name>
         <value>0xdbc7</value>
         <object_component_ref idref="oc-11d"/>
      </symbol>
      <symbol id="sm-1426">
         <name>UARTgets</name>
         <value>0xdb0d</value>
         <object_component_ref idref="oc-11d"/>
      </symbol>
      <symbol id="sm-1427">
         <name>UARTStdioConfig</name>
         <value>0xda81</value>
         <object_component_ref idref="oc-11d"/>
      </symbol>
      <symbol id="sm-1428">
         <name>UARTwrite</name>
         <value>0xdac7</value>
         <object_component_ref idref="oc-11d"/>
      </symbol>
      <symbol id="sm-1429">
         <name>UARTprintf</name>
         <value>0xdee7</value>
         <object_component_ref idref="oc-11d"/>
      </symbol>
      <symbol id="sm-142a">
         <name>UARTvprintf</name>
         <value>0xdbed</value>
         <object_component_ref idref="oc-11d"/>
      </symbol>
      <symbol id="sm-150a">
         <name>uvsnprintf</name>
         <value>0x9c41</value>
         <object_component_ref idref="oc-a1"/>
      </symbol>
      <symbol id="sm-150b">
         <name>ustrncasecmp</name>
         <value>0xa709</value>
         <object_component_ref idref="oc-a1"/>
      </symbol>
      <symbol id="sm-150c">
         <name>ustrncpy</name>
         <value>0x9be9</value>
         <object_component_ref idref="oc-a1"/>
      </symbol>
      <symbol id="sm-150d">
         <name>ustrlen</name>
         <value>0xa6b1</value>
         <object_component_ref idref="oc-a1"/>
      </symbol>
      <symbol id="sm-150e">
         <name>ulocaltime</name>
         <value>0xa0cd</value>
         <object_component_ref idref="oc-a1"/>
      </symbol>
      <symbol id="sm-150f">
         <name>ustrtof</name>
         <value>0xa479</value>
         <object_component_ref idref="oc-a1"/>
      </symbol>
      <symbol id="sm-1510">
         <name>ustrstr</name>
         <value>0xa6d3</value>
         <object_component_ref idref="oc-a1"/>
      </symbol>
      <symbol id="sm-1511">
         <name>ustrcmp</name>
         <value>0xa821</value>
         <object_component_ref idref="oc-a1"/>
      </symbol>
      <symbol id="sm-1512">
         <name>usprintf</name>
         <value>0xa06b</value>
         <object_component_ref idref="oc-a1"/>
      </symbol>
      <symbol id="sm-1513">
         <name>usnprintf</name>
         <value>0xa09d</value>
         <object_component_ref idref="oc-a1"/>
      </symbol>
      <symbol id="sm-1514">
         <name>ustrtoul</name>
         <value>0xa341</value>
         <object_component_ref idref="oc-a1"/>
      </symbol>
      <symbol id="sm-1515">
         <name>ustrcasecmp</name>
         <value>0xa7ad</value>
         <object_component_ref idref="oc-a1"/>
      </symbol>
      <symbol id="sm-1516">
         <name>umktime</name>
         <value>0xa2cb</value>
         <object_component_ref idref="oc-a1"/>
      </symbol>
      <symbol id="sm-1517">
         <name>usrand</name>
         <value>0xa835</value>
         <object_component_ref idref="oc-a1"/>
      </symbol>
      <symbol id="sm-1518">
         <name>ustrncmp</name>
         <value>0xa7c1</value>
         <object_component_ref idref="oc-a1"/>
      </symbol>
      <symbol id="sm-1519">
         <name>urand</name>
         <value>0xa845</value>
         <object_component_ref idref="oc-a1"/>
      </symbol>
      <symbol id="sm-152b">
         <name>_c_int00</name>
         <value>0x107f1</value>
         <object_component_ref idref="oc-24"/>
      </symbol>
      <symbol id="sm-152c">
         <name>__stack</name>
         <value>0x20002860</value>
         <object_component_ref idref="oc-2a"/>
      </symbol>
      <symbol id="sm-1543">
         <name>__TI_decompress_none</name>
         <value>0x109e1</value>
         <object_component_ref idref="oc-12"/>
      </symbol>
      <symbol id="sm-1566">
         <name>__TI_decompress_rle24</name>
         <value>0x10a01</value>
         <object_component_ref idref="oc-18"/>
      </symbol>
      <symbol id="sm-157b">
         <name>sqrtf</name>
         <value>0x1098d</value>
         <object_component_ref idref="oc-2db"/>
      </symbol>
      <symbol id="sm-1583">
         <name>errno</name>
         <value>0x2000035c</value>
         <object_component_ref idref="oc-411"/>
      </symbol>
      <symbol id="sm-15a4">
         <name>C$$EXIT</name>
         <value>0x10845</value>
         <object_component_ref idref="oc-8c"/>
      </symbol>
      <symbol id="sm-15a5">
         <name>abort</name>
         <value>0x10849</value>
         <object_component_ref idref="oc-8c"/>
      </symbol>
      <symbol id="sm-15a6">
         <name>exit</name>
         <value>0x10851</value>
         <object_component_ref idref="oc-8c"/>
      </symbol>
      <symbol id="sm-15a7">
         <name>__TI_dtors_ptr</name>
         <value>0x20000318</value>
         <object_component_ref idref="oc-191"/>
      </symbol>
      <symbol id="sm-15a8">
         <name>__TI_cleanup_ptr</name>
         <value>0x20000314</value>
         <object_component_ref idref="oc-191"/>
      </symbol>
      <symbol id="sm-15a9">
         <name>__TI_enable_exit_profile_output</name>
         <value>0x2000031c</value>
         <object_component_ref idref="oc-191"/>
      </symbol>
      <symbol id="sm-15cd">
         <name>memcpy</name>
         <value>0x10575</value>
         <object_component_ref idref="oc-4f"/>
      </symbol>
      <symbol id="sm-15ce">
         <name>__aeabi_memcpy</name>
         <value>0x10575</value>
         <object_component_ref idref="oc-4f"/>
      </symbol>
      <symbol id="sm-15cf">
         <name>__aeabi_memcpy8</name>
         <value>0x10575</value>
         <object_component_ref idref="oc-4f"/>
      </symbol>
      <symbol id="sm-15d0">
         <name>__aeabi_memcpy4</name>
         <value>0x10575</value>
         <object_component_ref idref="oc-4f"/>
      </symbol>
      <symbol id="sm-15e5">
         <name>_sys_memory</name>
         <value>0x20000368</value>
         <object_component_ref idref="oc-2b"/>
      </symbol>
      <symbol id="sm-15f4">
         <name>__aeabi_memset</name>
         <value>0x1069b</value>
         <object_component_ref idref="oc-68"/>
      </symbol>
      <symbol id="sm-15f5">
         <name>memset</name>
         <value>0x106a1</value>
         <object_component_ref idref="oc-68"/>
      </symbol>
      <symbol id="sm-15f6">
         <name>__aeabi_memset8</name>
         <value>0x1069b</value>
         <object_component_ref idref="oc-68"/>
      </symbol>
      <symbol id="sm-15f7">
         <name>__aeabi_memset4</name>
         <value>0x1069b</value>
         <object_component_ref idref="oc-68"/>
      </symbol>
      <symbol id="sm-15f8">
         <name>__aeabi_memclr8</name>
         <value>0x10699</value>
         <object_component_ref idref="oc-68"/>
      </symbol>
      <symbol id="sm-15f9">
         <name>__aeabi_memclr4</name>
         <value>0x10699</value>
         <object_component_ref idref="oc-68"/>
      </symbol>
      <symbol id="sm-15fa">
         <name>__aeabi_memclr</name>
         <value>0x10699</value>
         <object_component_ref idref="oc-68"/>
      </symbol>
      <symbol id="sm-1604">
         <name>__mpu_init</name>
         <value>0xd0d3</value>
         <object_component_ref idref="oc-74"/>
      </symbol>
      <symbol id="sm-160e">
         <name>_system_pre_init</name>
         <value>0x10a07</value>
         <object_component_ref idref="oc-7a"/>
      </symbol>
      <symbol id="sm-1617">
         <name>main_func_sp</name>
         <value>0x20000360</value>
         <object_component_ref idref="oc-92"/>
      </symbol>
      <symbol id="sm-1627">
         <name>__aeabi_uidivmod</name>
         <value>0x108e5</value>
         <object_component_ref idref="oc-1bb"/>
      </symbol>
      <symbol id="sm-1628">
         <name>__aeabi_uidiv</name>
         <value>0x108e5</value>
         <object_component_ref idref="oc-1bb"/>
      </symbol>
      <symbol id="sm-1642">
         <name>_nop</name>
         <value>0x109db</value>
         <object_component_ref idref="oc-347"/>
      </symbol>
      <symbol id="sm-1643">
         <name>_lock</name>
         <value>0x20000338</value>
         <object_component_ref idref="oc-194"/>
      </symbol>
      <symbol id="sm-1644">
         <name>_unlock</name>
         <value>0x2000033c</value>
         <object_component_ref idref="oc-194"/>
      </symbol>
      <symbol id="sm-1645">
         <name>_register_lock</name>
         <value>0x109d3</value>
         <object_component_ref idref="oc-347"/>
      </symbol>
      <symbol id="sm-1646">
         <name>_register_unlock</name>
         <value>0x109cd</value>
         <object_component_ref idref="oc-347"/>
      </symbol>
      <symbol id="sm-165a">
         <name>_args_main</name>
         <value>0x109b5</value>
         <object_component_ref idref="oc-86"/>
      </symbol>
      <symbol id="sm-167f">
         <name>__TI_auto_init</name>
         <value>0x10715</value>
         <object_component_ref idref="oc-80"/>
      </symbol>
      <symbol id="sm-1699">
         <name>copy_in</name>
         <value>0x10899</value>
         <object_component_ref idref="oc-181"/>
      </symbol>
      <symbol id="sm-16a3">
         <name>__aeabi_idiv0</name>
         <value>0xcacb</value>
         <object_component_ref idref="oc-35e"/>
      </symbol>
      <symbol id="sm-16b2">
         <name>_system_post_cinit</name>
         <value>0xf983</value>
         <object_component_ref idref="oc-187"/>
      </symbol>
      <symbol id="sm-16b4">
         <name>__TI_static_base__</name>
         <value>0x0</value>
      </symbol>
      <symbol id="sm-16b7">
         <name>SHT$$INIT_ARRAY$$Limit</name>
         <value>0x0</value>
      </symbol>
      <symbol id="sm-16b8">
         <name>SHT$$INIT_ARRAY$$Base</name>
         <value>0x0</value>
      </symbol>
   </symbol_table>
   <title>Link successful</title>
</link_info>
